../Core/Src/main.c:106:6:delay_Us	2
../Core/Src/main.c:119:5:main	3
../Core/Src/main.c:275:6:SystemClock_Config	4
../Core/Src/main.c:337:13:MX_I2C1_Init	4
../Core/Src/main.c:392:13:MX_TIM4_Init	7
../Core/Src/main.c:455:13:MX_USART1_UART_Init	5
../Core/Src/main.c:505:13:MX_USART2_UART_Init	5
../Core/Src/main.c:553:13:MX_USART3_UART_Init	5
../Core/Src/main.c:599:13:MX_DMA_Init	1
../Core/Src/main.c:617:13:MX_GPIO_Init	1
../Core/Src/main.c:698:1:__io_putchar	1
../Core/Src/main.c:704:6:HAL_UARTEx_RxEventCallback	37
../Core/Src/main.c:738:6:vApplicationStackOverflowHook	2
../Core/Src/main.c:755:6:vApplicationMallocFailedHook	1
../Core/Src/main.c:771:13:MX_DWT_Init	1
../Core/Src/main.c:790:6:HAL_TIM_PeriodElapsedCallback	2
../Core/Src/main.c:808:6:Error_Handler	1
