Archive member included to satisfy reference by file (symbol)

C:/ST/STM32CubeIDE_1.19.0/STM32CubeIDE/plugins/com.st.stm32cube.ide.mcu.externaltools.gnu-tools-for-stm32.13.3.rel1.win32_1.0.0.202411081344/tools/bin/../lib/gcc/arm-none-eabi/13.3.1/../../../../arm-none-eabi/lib/thumb/v7e-m+dp/hard\libc_nano.a(libc_a-exit.o)
                              C:/ST/STM32CubeIDE_1.19.0/STM32CubeIDE/plugins/com.st.stm32cube.ide.mcu.externaltools.gnu-tools-for-stm32.13.3.rel1.win32_1.0.0.202411081344/tools/bin/../lib/gcc/arm-none-eabi/13.3.1/../../../../arm-none-eabi/lib/thumb/v7e-m+dp/hard/crt0.o (exit)
C:/ST/STM32CubeIDE_1.19.0/STM32CubeIDE/plugins/com.st.stm32cube.ide.mcu.externaltools.gnu-tools-for-stm32.13.3.rel1.win32_1.0.0.202411081344/tools/bin/../lib/gcc/arm-none-eabi/13.3.1/../../../../arm-none-eabi/lib/thumb/v7e-m+dp/hard\libc_nano.a(libc_a-nano-vfprintf_float.o)
                              (_printf_float)
C:/ST/STM32CubeIDE_1.19.0/STM32CubeIDE/plugins/com.st.stm32cube.ide.mcu.externaltools.gnu-tools-for-stm32.13.3.rel1.win32_1.0.0.202411081344/tools/bin/../lib/gcc/arm-none-eabi/13.3.1/../../../../arm-none-eabi/lib/thumb/v7e-m+dp/hard\libc_nano.a(libc_a-nano-vfprintf_i.o)
                              C:/ST/STM32CubeIDE_1.19.0/STM32CubeIDE/plugins/com.st.stm32cube.ide.mcu.externaltools.gnu-tools-for-stm32.13.3.rel1.win32_1.0.0.202411081344/tools/bin/../lib/gcc/arm-none-eabi/13.3.1/../../../../arm-none-eabi/lib/thumb/v7e-m+dp/hard\libc_nano.a(libc_a-nano-vfprintf_float.o) (_printf_common)
C:/ST/STM32CubeIDE_1.19.0/STM32CubeIDE/plugins/com.st.stm32cube.ide.mcu.externaltools.gnu-tools-for-stm32.13.3.rel1.win32_1.0.0.202411081344/tools/bin/../lib/gcc/arm-none-eabi/13.3.1/../../../../arm-none-eabi/lib/thumb/v7e-m+dp/hard\libc_nano.a(libc_a-findfp.o)
                              ./Middlewares/Third_Party/FreeRTOS/Source/tasks.o (__sf)
C:/ST/STM32CubeIDE_1.19.0/STM32CubeIDE/plugins/com.st.stm32cube.ide.mcu.externaltools.gnu-tools-for-stm32.13.3.rel1.win32_1.0.0.202411081344/tools/bin/../lib/gcc/arm-none-eabi/13.3.1/../../../../arm-none-eabi/lib/thumb/v7e-m+dp/hard\libc_nano.a(libc_a-fwalk.o)
                              C:/ST/STM32CubeIDE_1.19.0/STM32CubeIDE/plugins/com.st.stm32cube.ide.mcu.externaltools.gnu-tools-for-stm32.13.3.rel1.win32_1.0.0.202411081344/tools/bin/../lib/gcc/arm-none-eabi/13.3.1/../../../../arm-none-eabi/lib/thumb/v7e-m+dp/hard\libc_nano.a(libc_a-findfp.o) (_fwalk_sglue)
C:/ST/STM32CubeIDE_1.19.0/STM32CubeIDE/plugins/com.st.stm32cube.ide.mcu.externaltools.gnu-tools-for-stm32.13.3.rel1.win32_1.0.0.202411081344/tools/bin/../lib/gcc/arm-none-eabi/13.3.1/../../../../arm-none-eabi/lib/thumb/v7e-m+dp/hard\libc_nano.a(libc_a-printf.o)
                              ./Core/Src/BNO085_SPI_Library.o (printf)
C:/ST/STM32CubeIDE_1.19.0/STM32CubeIDE/plugins/com.st.stm32cube.ide.mcu.externaltools.gnu-tools-for-stm32.13.3.rel1.win32_1.0.0.202411081344/tools/bin/../lib/gcc/arm-none-eabi/13.3.1/../../../../arm-none-eabi/lib/thumb/v7e-m+dp/hard\libc_nano.a(libc_a-puts.o)
                              ./Core/Src/BNO085_SPI_Library.o (puts)
C:/ST/STM32CubeIDE_1.19.0/STM32CubeIDE/plugins/com.st.stm32cube.ide.mcu.externaltools.gnu-tools-for-stm32.13.3.rel1.win32_1.0.0.202411081344/tools/bin/../lib/gcc/arm-none-eabi/13.3.1/../../../../arm-none-eabi/lib/thumb/v7e-m+dp/hard\libc_nano.a(libc_a-stdio.o)
                              C:/ST/STM32CubeIDE_1.19.0/STM32CubeIDE/plugins/com.st.stm32cube.ide.mcu.externaltools.gnu-tools-for-stm32.13.3.rel1.win32_1.0.0.202411081344/tools/bin/../lib/gcc/arm-none-eabi/13.3.1/../../../../arm-none-eabi/lib/thumb/v7e-m+dp/hard\libc_nano.a(libc_a-findfp.o) (__sread)
C:/ST/STM32CubeIDE_1.19.0/STM32CubeIDE/plugins/com.st.stm32cube.ide.mcu.externaltools.gnu-tools-for-stm32.13.3.rel1.win32_1.0.0.202411081344/tools/bin/../lib/gcc/arm-none-eabi/13.3.1/../../../../arm-none-eabi/lib/thumb/v7e-m+dp/hard\libc_nano.a(libc_a-wbuf.o)
                              C:/ST/STM32CubeIDE_1.19.0/STM32CubeIDE/plugins/com.st.stm32cube.ide.mcu.externaltools.gnu-tools-for-stm32.13.3.rel1.win32_1.0.0.202411081344/tools/bin/../lib/gcc/arm-none-eabi/13.3.1/../../../../arm-none-eabi/lib/thumb/v7e-m+dp/hard\libc_nano.a(libc_a-puts.o) (__swbuf_r)
C:/ST/STM32CubeIDE_1.19.0/STM32CubeIDE/plugins/com.st.stm32cube.ide.mcu.externaltools.gnu-tools-for-stm32.13.3.rel1.win32_1.0.0.202411081344/tools/bin/../lib/gcc/arm-none-eabi/13.3.1/../../../../arm-none-eabi/lib/thumb/v7e-m+dp/hard\libc_nano.a(libc_a-wsetup.o)
                              C:/ST/STM32CubeIDE_1.19.0/STM32CubeIDE/plugins/com.st.stm32cube.ide.mcu.externaltools.gnu-tools-for-stm32.13.3.rel1.win32_1.0.0.202411081344/tools/bin/../lib/gcc/arm-none-eabi/13.3.1/../../../../arm-none-eabi/lib/thumb/v7e-m+dp/hard\libc_nano.a(libc_a-puts.o) (__swsetup_r)
[...]
Memory Configuration

Name             Origin             Length             Attributes
FLASH            0x08000000         0x00200000         xr
DTCMRAM          0x20000000         0x00020000         xrw
RAM_D1           0x24000000         0x00080000         xrw
RAM_D2           0x30000000         0x00048000         xrw
RAM_D3           0x38000000         0x00010000         xrw
ITCMRAM          0x00000000         0x00010000         xrw
*default*        0x00000000         0xffffffff

Linker script and memory map

LOAD C:/ST/STM32CubeIDE_1.19.0/STM32CubeIDE/plugins/com.st.stm32cube.ide.mcu.externaltools.gnu-tools-for-stm32.13.3.rel1.win32_1.0.0.202411081344/tools/bin/../lib/gcc/arm-none-eabi/13.3.1/thumb/v7e-m+dp/hard/crti.o
LOAD C:/ST/STM32CubeIDE_1.19.0/STM32CubeIDE/plugins/com.st.stm32cube.ide.mcu.externaltools.gnu-tools-for-stm32.13.3.rel1.win32_1.0.0.202411081344/tools/bin/../lib/gcc/arm-none-eabi/13.3.1/thumb/v7e-m+dp/hard/crtbegin.o
LOAD C:/ST/STM32CubeIDE_1.19.0/STM32CubeIDE/plugins/com.st.stm32cube.ide.mcu.externaltools.gnu-tools-for-stm32.13.3.rel1.win32_1.0.0.202411081344/tools/bin/../lib/gcc/arm-none-eabi/13.3.1/../../../../arm-none-eabi/lib/thumb/v7e-m+dp/hard/crt0.o
LOAD ./Core/Src/BNO085_SPI_Library.o
LOAD ./Core/Src/Hardware_Init.o
LOAD ./Core/Src/freertos.o
LOAD ./Core/Src/gpio.o
LOAD ./Core/Src/main.o
LOAD ./Core/Src/spi.o
LOAD ./Core/Src/stm32h7xx_hal_msp.o
LOAD ./Core/Src/stm32h7xx_hal_timebase_tim.o
LOAD ./Core/Src/stm32h7xx_it.o
LOAD ./Core/Src/syscalls.o
LOAD ./Core/Src/sysmem.o
LOAD ./Core/Src/system_stm32h7xx.o
LOAD ./Core/Src/usart.o
LOAD ./Core/Startup/startup_stm32h753zitx.o
LOAD ./Drivers/STM32H7xx_HAL_Driver/Src/stm32h7xx_hal.o
LOAD ./Drivers/STM32H7xx_HAL_Driver/Src/stm32h7xx_hal_cortex.o
LOAD ./Drivers/STM32H7xx_HAL_Driver/Src/stm32h7xx_hal_dma.o
LOAD ./Drivers/STM32H7xx_HAL_Driver/Src/stm32h7xx_hal_dma_ex.o
LOAD ./Drivers/STM32H7xx_HAL_Driver/Src/stm32h7xx_hal_exti.o
LOAD ./Drivers/STM32H7xx_HAL_Driver/Src/stm32h7xx_hal_flash.o
LOAD ./Drivers/STM32H7xx_HAL_Driver/Src/stm32h7xx_hal_flash_ex.o
LOAD ./Drivers/STM32H7xx_HAL_Driver/Src/stm32h7xx_hal_gpio.o
LOAD ./Drivers/STM32H7xx_HAL_Driver/Src/stm32h7xx_hal_hsem.o
LOAD ./Drivers/STM32H7xx_HAL_Driver/Src/stm32h7xx_hal_i2c.o
LOAD ./Drivers/STM32H7xx_HAL_Driver/Src/stm32h7xx_hal_i2c_ex.o
LOAD ./Drivers/STM32H7xx_HAL_Driver/Src/stm32h7xx_hal_mdma.o
LOAD ./Drivers/STM32H7xx_HAL_Driver/Src/stm32h7xx_hal_pwr.o
LOAD ./Drivers/STM32H7xx_HAL_Driver/Src/stm32h7xx_hal_pwr_ex.o
LOAD ./Drivers/STM32H7xx_HAL_Driver/Src/stm32h7xx_hal_rcc.o
LOAD ./Drivers/STM32H7xx_HAL_Driver/Src/stm32h7xx_hal_rcc_ex.o
LOAD ./Drivers/STM32H7xx_HAL_Driver/Src/stm32h7xx_hal_spi.o
LOAD ./Drivers/STM32H7xx_HAL_Driver/Src/stm32h7xx_hal_spi_ex.o
LOAD ./Drivers/STM32H7xx_HAL_Driver/Src/stm32h7xx_hal_tim.o
LOAD ./Drivers/STM32H7xx_HAL_Driver/Src/stm32h7xx_hal_tim_ex.o
LOAD ./Drivers/STM32H7xx_HAL_Driver/Src/stm32h7xx_hal_uart.o
LOAD ./Drivers/STM32H7xx_HAL_Driver/Src/stm32h7xx_hal_uart_ex.o
LOAD ./Middlewares/Third_Party/FreeRTOS/Source/CMSIS_RTOS_V2/cmsis_os2.o
LOAD ./Middlewares/Third_Party/FreeRTOS/Source/croutine.o
LOAD ./Middlewares/Third_Party/FreeRTOS/Source/event_groups.o
LOAD ./Middlewares/Third_Party/FreeRTOS/Source/list.o
LOAD ./Middlewares/Third_Party/FreeRTOS/Source/queue.o
LOAD ./Middlewares/Third_Party/FreeRTOS/Source/stream_buffer.o
LOAD ./Middlewares/Third_Party/FreeRTOS/Source/tasks.o
LOAD ./Middlewares/Third_Party/FreeRTOS/Source/timers.o
LOAD ./Middlewares/Third_Party/FreeRTOS/Source/portable/GCC/ARM_CM4F/port.o
LOAD ./Middlewares/Third_Party/FreeRTOS/Source/portable/MemMang/heap_4.o
START GROUP
LOAD C:/ST/STM32CubeIDE_1.19.0/STM32CubeIDE/plugins/com.st.stm32cube.ide.mcu.externaltools.gnu-tools-for-stm32.13.3.rel1.win32_1.0.0.202411081344/tools/bin/../lib/gcc/arm-none-eabi/13.3.1/../../../../arm-none-eabi/lib/thumb/v7e-m+dp/hard\libc_nano.a
LOAD C:/ST/STM32CubeIDE_1.19.0/STM32CubeIDE/plugins/com.st.stm32cube.ide.mcu.externaltools.gnu-tools-for-stm32.13.3.rel1.win32_1.0.0.202411081344/tools/bin/../lib/gcc/arm-none-eabi/13.3.1/../../../../arm-none-eabi/lib/thumb/v7e-m+dp/hard\libm.a
END GROUP
START GROUP
LOAD C:/ST/STM32CubeIDE_1.19.0/STM32CubeIDE/plugins/com.st.stm32cube.ide.mcu.externaltools.gnu-tools-for-stm32.13.3.rel1.win32_1.0.0.202411081344/tools/bin/../lib/gcc/arm-none-eabi/13.3.1/thumb/v7e-m+dp/hard\libgcc.a
LOAD C:/ST/STM32CubeIDE_1.19.0/STM32CubeIDE/plugins/com.st.stm32cube.ide.mcu.externaltools.gnu-tools-for-stm32.13.3.rel1.win32_1.0.0.202411081344/tools/bin/../lib/gcc/arm-none-eabi/13.3.1/../../../../arm-none-eabi/lib/thumb/v7e-m+dp/hard\libc_nano.a
END GROUP
START GROUP
LOAD C:/ST/STM32CubeIDE_1.19.0/STM32CubeIDE/plugins/com.st.stm32cube.ide.mcu.externaltools.gnu-tools-for-stm32.13.3.rel1.win32_1.0.0.202411081344/tools/bin/../lib/gcc/arm-none-eabi/13.3.1/thumb/v7e-m+dp/hard\libgcc.a
LOAD C:/ST/STM32CubeIDE_1.19.0/STM32CubeIDE/plugins/com.st.stm32cube.ide.mcu.externaltools.gnu-tools-for-stm32.13.3.rel1.win32_1.0.0.202411081344/tools/bin/../lib/gcc/arm-none-eabi/13.3.1/../../../../arm-none-eabi/lib/thumb/v7e-m+dp/hard\libc_nano.a
LOAD C:/ST/STM32CubeIDE_1.19.0/STM32CubeIDE/plugins/com.st.stm32cube.ide.mcu.externaltools.gnu-tools-for-stm32.13.3.rel1.win32_1.0.0.202411081344/tools/bin/../lib/gcc/arm-none-eabi/13.3.1/../../../../arm-none-eabi/lib/thumb/v7e-m+dp/hard\libnosys.a
END GROUP
START GROUP
LOAD C:/ST/STM32CubeIDE_1.19.0/STM32CubeIDE/plugins/com.st.stm32cube.ide.mcu.externaltools.gnu-tools-for-stm32.13.3.rel1.win32_1.0.0.202411081344/tools/bin/../lib/gcc/arm-none-eabi/13.3.1/thumb/v7e-m+dp/hard\libgcc.a
LOAD C:/ST/STM32CubeIDE_1.19.0/STM32CubeIDE/plugins/com.st.stm32cube.ide.mcu.externaltools.gnu-tools-for-stm32.13.3.rel1.win32_1.0.0.202411081344/tools/bin/../lib/gcc/arm-none-eabi/13.3.1/../../../../arm-none-eabi/lib/thumb/v7e-m+dp/hard\libc_nano.a
LOAD C:/ST/STM32CubeIDE_1.19.0/STM32CubeIDE/plugins/com.st.stm32cube.ide.mcu.externaltools.gnu-tools-for-stm32.13.3.rel1.win32_1.0.0.202411081344/tools/bin/../lib/gcc/arm-none-eabi/13.3.1/../../../../arm-none-eabi/lib/thumb/v7e-m+dp/hard\libnosys.a
END GROUP
LOAD C:/ST/STM32CubeIDE_1.19.0/STM32CubeIDE/plugins/com.st.stm32cube.ide.mcu.externaltools.gnu-tools-for-stm32.13.3.rel1.win32_1.0.0.202411081344/tools/bin/../lib/gcc/arm-none-eabi/13.3.1/thumb/v7e-m+dp/hard/crtend.o
LOAD C:/ST/STM32CubeIDE_1.19.0/STM32CubeIDE/plugins/com.st.stm32cube.ide.mcu.externaltools.gnu-tools-for-stm32.13.3.rel1.win32_1.0.0.202411081344/tools/bin/../lib/gcc/arm-none-eabi/13.3.1/thumb/v7e-m+dp/hard/crtn.o
                0x24080000                        _estack = (ORIGIN (RAM_D1) + LENGTH (RAM_D1))
                0x00000200                        _Min_Heap_Size = 0x200
                0x00000400                        _Min_Stack_Size = 0x400

.isr_vector     0x08000000      0x298
                0x08000000                        . = ALIGN (0x4)
 *(.isr_vector)
 .isr_vector    0x08000000      0x298 ./Core/Startup/startup_stm32h753zitx.o
                0x08000000                g_pfnVectors
                0x08000298                        . = ALIGN (0x4)

.text           0x080002a0     0xcebc
                0x080002a0                        . = ALIGN (0x4)
 *(.text)
 .text          0x080002a0       0x40 C:/ST/STM32CubeIDE_1.19.0/STM32CubeIDE/plugins/com.st.stm32cube.ide.mcu.externaltools.gnu-tools-for-stm32.13.3.rel1.win32_1.0.0.202411081344/tools/bin/../lib/gcc/arm-none-eabi/13.3.1/thumb/v7e-m+dp/hard/crtbegin.o
 .text          0x080002e0       0xa0 C:/ST/STM32CubeIDE_1.19.0/STM32CubeIDE/plugins/com.st.stm32cube.ide.mcu.externaltools.gnu-tools-for-stm32.13.3.rel1.win32_1.0.0.202411081344/tools/bin/../lib/gcc/arm-none-eabi/13.3.1/../../../../arm-none-eabi/lib/thumb/v7e-m+dp/hard\libc_nano.a(libc_a-memchr.o)
                0x080002e0                memchr
 .text          0x08000380       0x10 C:/ST/STM32CubeIDE_1.19.0/STM32CubeIDE/plugins/com.st.stm32cube.ide.mcu.externaltools.gnu-tools-for-stm32.13.3.rel1.win32_1.0.0.202411081344/tools/bin/../lib/gcc/arm-none-eabi/13.3.1/../../../../arm-none-eabi/lib/thumb/v7e-m+dp/hard\libc_nano.a(libc_a-strlen.o)
                0x08000380                strlen
 .text          0x08000390       0x30 C:/ST/STM32CubeIDE_1.19.0/STM32CubeIDE/plugins/com.st.stm32cube.ide.mcu.externaltools.gnu-tools-for-stm32.13.3.rel1.win32_1.0.0.202411081344/tools/bin/../lib/gcc/arm-none-eabi/13.3.1/thumb/v7e-m+dp/hard\libgcc.a(_aeabi_uldivmod.o)
                0x08000390                __aeabi_uldivmod
 .text          0x080003c0      0x2f8 C:/ST/STM32CubeIDE_1.19.0/STM32CubeIDE/plugins/com.st.stm32cube.ide.mcu.externaltools.gnu-tools-for-stm32.13.3.rel1.win32_1.0.0.202411081344/tools/bin/../lib/gcc/arm-none-eabi/13.3.1/thumb/v7e-m+dp/hard\libgcc.a(_udivmoddi4.o)
                0x080003c0                __udivmoddi4
 .text          0x080006b8        0x4 C:/ST/STM32CubeIDE_1.19.0/STM32CubeIDE/plugins/com.st.stm32cube.ide.mcu.externaltools.gnu-tools-for-stm32.13.3.rel1.win32_1.0.0.202411081344/tools/bin/../lib/gcc/arm-none-eabi/13.3.1/thumb/v7e-m+dp/hard\libgcc.a(_dvmd_tls.o)
                0x080006b8                __aeabi_idiv0
                0x080006b8                __aeabi_ldiv0
 *(.text*)
 .text.SPI_Transmit
                0x080006bc       0x2c ./Core/Src/BNO085_SPI_Library.o
                0x080006bc                SPI_Transmit
 .text.SPI_TransmitReceive_Return_Byte
                0x080006e8       0x30 ./Core/Src/BNO085_SPI_Library.o
                0x080006e8                SPI_TransmitReceive_Return_Byte
 .text.rstn     0x08000718       0x28 ./Core/Src/BNO085_SPI_Library.o
 .text.csn      0x08000740       0x28 ./Core/Src/BNO085_SPI_Library.o
 .text.reset_Hardware
                0x08000768       0x5a ./Core/Src/BNO085_SPI_Library.o
 .text.wait_for_INTN
                0x080007c2       0x54 ./Core/Src/BNO085_SPI_Library.o
 .text.check_INTN
                0x08000816       0x34 ./Core/Src/BNO085_SPI_Library.o
 .text.fixpoint_to_float
                0x0800084a       0x58 ./Core/Src/BNO085_SPI_Library.o
 .text.receive_Data
                0x080008a2      0x180 ./Core/Src/BNO085_SPI_Library.o
 .text.send_Data
                0x08000a22       0xbc ./Core/Src/BNO085_SPI_Library.o
 .text.set_FeatureCommand
                0x08000ade       0xc8 ./Core/Src/BNO085_SPI_Library.o
 *fill*         0x08000ba6        0x2 
 .text.parse_InputReport
                0x08000ba8      0x298 ./Core/Src/BNO085_SPI_Library.o
                0x08000ba8                parse_InputReport
 .text.get_Readings
                0x08000e40       0x5c ./Core/Src/BNO085_SPI_Library.o
 .text.register_Sensor
                0x08000e9c       0x50 ./Core/Src/BNO085_SPI_Library.o
                0x08000e9c                register_Sensor
 .text.clear_init_Message_IMU
                0x08000eec       0x44 ./Core/Src/BNO085_SPI_Library.o
                0x08000eec                clear_init_Message_IMU
 .text.hardreset_IMU
                0x08000f30       0x28 ./Core/Src/BNO085_SPI_Library.o
                0x08000f30                hardreset_IMU
 .text.get_and_clear_Reset_Status
                0x08000f58       0x2a ./Core/Src/BNO085_SPI_Library.o
                0x08000f58                get_and_clear_Reset_Status
 .text.enable_GameRotationVector
                0x08000f82       0x36 ./Core/Src/BNO085_SPI_Library.o
                0x08000f82                enable_GameRotationVector
 .text.enable_LinearAcceleration
                0x08000fb8       0x2a ./Core/Src/BNO085_SPI_Library.o
                0x08000fb8                enable_LinearAcceleration
 .text.data_available
                0x08000fe2       0x32 ./Core/Src/BNO085_SPI_Library.o
                0x08000fe2                data_available
 .text.get_LinearAcceleration_X
                0x08001014       0x34 ./Core/Src/BNO085_SPI_Library.o
                0x08001014                get_LinearAcceleration_X
 .text.get_LinearAcceleration_Y
                0x08001048       0x34 ./Core/Src/BNO085_SPI_Library.o
                0x08001048                get_LinearAcceleration_Y
 .text.get_LinearAcceleration_Z
                0x0800107c       0x34 ./Core/Src/BNO085_SPI_Library.o
                0x0800107c                get_LinearAcceleration_Z
 .text.get_Quat_I
                0x080010b0       0x34 ./Core/Src/BNO085_SPI_Library.o
                0x080010b0                get_Quat_I
 .text.get_Quat_J
                0x080010e4       0x34 ./Core/Src/BNO085_SPI_Library.o
                0x080010e4                get_Quat_J
 .text.get_Quat_K
                0x08001118       0x34 ./Core/Src/BNO085_SPI_Library.o
                0x08001118                get_Quat_K
 .text.get_Quat_Real
                0x0800114c       0x34 ./Core/Src/BNO085_SPI_Library.o
                0x0800114c                get_Quat_Real
 .text.get_Quat_Accuracy
                0x08001180       0x1c ./Core/Src/BNO085_SPI_Library.o
                0x08001180                get_Quat_Accuracy
 .text.check_Connection_IMU
                0x0800119c       0x72 ./Core/Src/BNO085_SPI_Library.o
                0x0800119c                check_Connection_IMU
 .text.HAL_Init_GPIO_Sensor
                0x0800120e       0x54 ./Core/Src/Hardware_Init.o
 .text.init_GPIO_IMU
                0x08001262       0x28 ./Core/Src/Hardware_Init.o
                0x08001262                init_GPIO_IMU
 *fill*         0x0800128a        0x2 
 .text.init_HardwareBNO085
                0x0800128c       0x2c ./Core/Src/Hardware_Init.o
                0x0800128c                init_HardwareBNO085
 .text.MX_FREERTOS_Init
                0x080012b8       0x40 ./Core/Src/freertos.o
                0x080012b8                MX_FREERTOS_Init
 .text.StartDefaultTask
                0x080012f8       0x10 ./Core/Src/freertos.o
                0x080012f8                StartDefaultTask
 .text.StartBno085Task
                0x08001308      0x260 ./Core/Src/freertos.o
                0x08001308                StartBno085Task
 .text.MX_GPIO_Init
                0x08001568      0x130 ./Core/Src/gpio.o
                0x08001568                MX_GPIO_Init
 .text.__io_putchar
                0x08001698       0x24 ./Core/Src/main.o
                0x08001698                __io_putchar
 .text.delay_Us
                0x080016bc       0x4c ./Core/Src/main.o
                0x080016bc                delay_Us
 .text.get_accuracy_string
                0x08001708       0x5c ./Core/Src/main.o
                0x08001708                get_accuracy_string
 .text.main     0x08001764      0x158 ./Core/Src/main.o
                0x08001764                main
 .text.SystemClock_Config
                0x080018bc       0xf4 ./Core/Src/main.o
                0x080018bc                SystemClock_Config
 .text.MX_DWT_Init
                0x080019b0       0x30 ./Core/Src/main.o
 .text.HAL_TIM_PeriodElapsedCallback
                0x080019e0       0x24 ./Core/Src/main.o
                0x080019e0                HAL_TIM_PeriodElapsedCallback
 .text.Error_Handler
                0x08001a04        0xc ./Core/Src/main.o
                0x08001a04                Error_Handler
 .text.MX_SPI1_Init
                0x08001a10       0xb0 ./Core/Src/spi.o
                0x08001a10                MX_SPI1_Init
 .text.HAL_SPI_MspInit
                0x08001ac0       0xd0 ./Core/Src/spi.o
                0x08001ac0                HAL_SPI_MspInit
 .text.HAL_MspInit
                0x08001b90       0x3c ./Core/Src/stm32h7xx_hal_msp.o
                0x08001b90                HAL_MspInit
 .text.HAL_InitTick
                0x08001bcc       0xd8 ./Core/Src/stm32h7xx_hal_timebase_tim.o
                0x08001bcc                HAL_InitTick
 .text.NMI_Handler
                0x08001ca4        0x8 ./Core/Src/stm32h7xx_it.o
                0x08001ca4                NMI_Handler
 .text.HardFault_Handler
                0x08001cac        0x8 ./Core/Src/stm32h7xx_it.o
                0x08001cac                HardFault_Handler
 .text.MemManage_Handler
                0x08001cb4        0x8 ./Core/Src/stm32h7xx_it.o
                0x08001cb4                MemManage_Handler
 .text.BusFault_Handler
                0x08001cbc        0x8 ./Core/Src/stm32h7xx_it.o
                0x08001cbc                BusFault_Handler
 .text.UsageFault_Handler
                0x08001cc4        0x8 ./Core/Src/stm32h7xx_it.o
                0x08001cc4                UsageFault_Handler
 .text.DebugMon_Handler
                0x08001ccc        0xe ./Core/Src/stm32h7xx_it.o
                0x08001ccc                DebugMon_Handler
 *fill*         0x08001cda        0x2 
 .text.TIM6_DAC_IRQHandler
                0x08001cdc       0x14 ./Core/Src/stm32h7xx_it.o
                0x08001cdc                TIM6_DAC_IRQHandler
 .text._getpid  0x08001cf0       0x10 ./Core/Src/syscalls.o
                0x08001cf0                _getpid
 .text._kill    0x08001d00       0x20 ./Core/Src/syscalls.o
                0x08001d00                _kill
 .text._exit    0x08001d20       0x16 ./Core/Src/syscalls.o
                0x08001d20                _exit
 .text._read    0x08001d36       0x3a ./Core/Src/syscalls.o
                0x08001d36                _read
 .text._write   0x08001d70       0x38 ./Core/Src/syscalls.o
                0x08001d70                _write
 .text._close   0x08001da8       0x18 ./Core/Src/syscalls.o
                0x08001da8                _close
 .text._fstat   0x08001dc0       0x20 ./Core/Src/syscalls.o
                0x08001dc0                _fstat
 .text._isatty  0x08001de0       0x16 ./Core/Src/syscalls.o
                0x08001de0                _isatty
 .text._lseek   0x08001df6       0x1a ./Core/Src/syscalls.o
                0x08001df6                _lseek
 .text._sbrk    0x08001e10       0x6c ./Core/Src/sysmem.o
                0x08001e10                _sbrk
 .text.SystemInit
                0x08001e7c      0x140 ./Core/Src/system_stm32h7xx.o
                0x08001e7c                SystemInit
 .text.ExitRun0Mode
                0x08001fbc       0x30 ./Core/Src/system_stm32h7xx.o
                0x08001fbc                ExitRun0Mode
 .text.MX_USART3_UART_Init
                0x08001fec       0x98 ./Core/Src/usart.o
                0x08001fec                MX_USART3_UART_Init
 .text.HAL_UART_MspInit
                0x08002084       0xd4 ./Core/Src/usart.o
                0x08002084                HAL_UART_MspInit
 .text.Reset_Handler
                0x08002158       0x54 ./Core/Startup/startup_stm32h753zitx.o
                0x08002158                Reset_Handler
 .text.Default_Handler
                0x080021ac        0x2 ./Core/Startup/startup_stm32h753zitx.o
                0x080021ac                RTC_Alarm_IRQHandler
                0x080021ac                HASH_RNG_IRQHandler
                0x080021ac                EXTI2_IRQHandler
                0x080021ac                TIM8_CC_IRQHandler
                0x080021ac                HRTIM1_Master_IRQHandler
                0x080021ac                UART8_IRQHandler
                0x080021ac                SPI4_IRQHandler
                0x080021ac                TIM1_CC_IRQHandler
                0x080021ac                BDMA_Channel6_IRQHandler
                0x080021ac                DMA2_Stream5_IRQHandler
                0x080021ac                HRTIM1_FLT_IRQHandler
                0x080021ac                JPEG_IRQHandler
                0x080021ac                DMA1_Stream5_IRQHandler
                0x080021ac                BDMA_Channel1_IRQHandler
                0x080021ac                HRTIM1_TIMD_IRQHandler
                0x080021ac                TAMP_STAMP_IRQHandler
                0x080021ac                EXTI3_IRQHandler
                0x080021ac                LPTIM4_IRQHandler
                0x080021ac                TIM8_TRG_COM_TIM14_IRQHandler
                0x080021ac                LPTIM2_IRQHandler
                0x080021ac                DFSDM1_FLT1_IRQHandler
                0x080021ac                DMAMUX2_OVR_IRQHandler
                0x080021ac                TIM8_UP_TIM13_IRQHandler
                0x080021ac                I2C3_ER_IRQHandler
                0x080021ac                DFSDM1_FLT2_IRQHandler
                0x080021ac                MDMA_IRQHandler
                0x080021ac                LPTIM3_IRQHandler
                0x080021ac                HSEM1_IRQHandler
                0x080021ac                EXTI0_IRQHandler
                0x080021ac                I2C2_EV_IRQHandler
                0x080021ac                DMA1_Stream2_IRQHandler
                0x080021ac                FPU_IRQHandler
                0x080021ac                OTG_HS_WKUP_IRQHandler
                0x080021ac                FDCAN1_IT1_IRQHandler
                0x080021ac                LTDC_ER_IRQHandler
                0x080021ac                DMA2_Stream2_IRQHandler
                0x080021ac                HRTIM1_TIME_IRQHandler
                0x080021ac                SPI1_IRQHandler
                0x080021ac                DCMI_IRQHandler
                0x080021ac                HRTIM1_TIMC_IRQHandler
                0x080021ac                DMA2_Stream3_IRQHandler
                0x080021ac                SAI2_IRQHandler
                0x080021ac                DFSDM1_FLT3_IRQHandler
                0x080021ac                USART6_IRQHandler
                0x080021ac                TIM17_IRQHandler
                0x080021ac                USART3_IRQHandler
                0x080021ac                BDMA_Channel7_IRQHandler
                0x080021ac                CRYP_IRQHandler
                0x080021ac                LPTIM5_IRQHandler
                0x080021ac                UART5_IRQHandler
                0x080021ac                ADC3_IRQHandler
                0x080021ac                DMA2_Stream0_IRQHandler
                0x080021ac                TIM4_IRQHandler
                0x080021ac                BDMA_Channel2_IRQHandler
                0x080021ac                QUADSPI_IRQHandler
                0x080021ac                I2C1_EV_IRQHandler
                0x080021ac                DMA1_Stream6_IRQHandler
                0x080021ac                DMAMUX1_OVR_IRQHandler
                0x080021ac                DMA1_Stream1_IRQHandler
                0x080021ac                TIM16_IRQHandler
                0x080021ac                UART4_IRQHandler
                0x080021ac                BDMA_Channel5_IRQHandler
                0x080021ac                TIM3_IRQHandler
                0x080021ac                RCC_IRQHandler
                0x080021ac                TIM8_BRK_TIM12_IRQHandler
                0x080021ac                TIM1_TRG_COM_IRQHandler
                0x080021ac                Default_Handler
                0x080021ac                ECC_IRQHandler
                0x080021ac                CEC_IRQHandler
                0x080021ac                EXTI15_10_IRQHandler
                0x080021ac                BDMA_Channel0_IRQHandler
                0x080021ac                ADC_IRQHandler
                0x080021ac                DMA1_Stream7_IRQHandler
                0x080021ac                HRTIM1_TIMA_IRQHandler
                0x080021ac                SPI5_IRQHandler
                0x080021ac                TIM7_IRQHandler
                0x080021ac                SDMMC1_IRQHandler
                0x080021ac                TIM5_IRQHandler
                0x080021ac                DMA2_Stream7_IRQHandler
                0x080021ac                TIM15_IRQHandler
                0x080021ac                PVD_AVD_IRQHandler
                0x080021ac                I2C3_EV_IRQHandler
                0x080021ac                EXTI9_5_IRQHandler
                0x080021ac                RTC_WKUP_IRQHandler
                0x080021ac                LTDC_IRQHandler
                0x080021ac                SAI3_IRQHandler
                0x080021ac                ETH_WKUP_IRQHandler
                0x080021ac                SPDIF_RX_IRQHandler
                0x080021ac                SPI2_IRQHandler
                0x080021ac                OTG_HS_EP1_IN_IRQHandler
                0x080021ac                DMA1_Stream0_IRQHandler
                0x080021ac                CRS_IRQHandler
                0x080021ac                EXTI4_IRQHandler
                0x080021ac                HRTIM1_TIMB_IRQHandler
                0x080021ac                FDCAN2_IT1_IRQHandler
                0x080021ac                ETH_IRQHandler
                0x080021ac                TIM1_UP_IRQHandler
                0x080021ac                BDMA_Channel4_IRQHandler
                0x080021ac                OTG_HS_EP1_OUT_IRQHandler
                0x080021ac                WWDG_IRQHandler
                0x080021ac                SPI6_IRQHandler
                0x080021ac                MDIOS_IRQHandler
                0x080021ac                I2C4_EV_IRQHandler
                0x080021ac                FDCAN2_IT0_IRQHandler
                0x080021ac                LPUART1_IRQHandler
                0x080021ac                FDCAN1_IT0_IRQHandler
                0x080021ac                TIM2_IRQHandler
                0x080021ac                OTG_FS_WKUP_IRQHandler
                0x080021ac                OTG_HS_IRQHandler
                0x080021ac                DMA2D_IRQHandler
                0x080021ac                TIM1_BRK_IRQHandler
                0x080021ac                EXTI1_IRQHandler
                0x080021ac                SDMMC2_IRQHandler
                0x080021ac                OTG_FS_EP1_OUT_IRQHandler
                0x080021ac                BDMA_Channel3_IRQHandler
                0x080021ac                UART7_IRQHandler
                0x080021ac                MDIOS_WKUP_IRQHandler
                0x080021ac                USART2_IRQHandler
                0x080021ac                DFSDM1_FLT0_IRQHandler
                0x080021ac                SAI4_IRQHandler
                0x080021ac                I2C2_ER_IRQHandler
                0x080021ac                DMA2_Stream1_IRQHandler
                0x080021ac                FLASH_IRQHandler
                0x080021ac                DMA2_Stream4_IRQHandler
                0x080021ac                USART1_IRQHandler
                0x080021ac                OTG_FS_IRQHandler
                0x080021ac                SPI3_IRQHandler
                0x080021ac                WAKEUP_PIN_IRQHandler
                0x080021ac                DMA1_Stream4_IRQHandler
                0x080021ac                OTG_FS_EP1_IN_IRQHandler
                0x080021ac                I2C1_ER_IRQHandler
                0x080021ac                FMC_IRQHandler
                0x080021ac                FDCAN_CAL_IRQHandler
                0x080021ac                SWPMI1_IRQHandler
                0x080021ac                COMP1_IRQHandler
                0x080021ac                LPTIM1_IRQHandler
                0x080021ac                I2C4_ER_IRQHandler
                0x080021ac                DMA2_Stream6_IRQHandler
                0x080021ac                SAI1_IRQHandler
                0x080021ac                DMA1_Stream3_IRQHandler
 *fill*         0x080021ae        0x2 
 .text.HAL_Init
                0x080021b0       0x78 ./Drivers/STM32H7xx_HAL_Driver/Src/stm32h7xx_hal.o
                0x080021b0                HAL_Init
 .text.HAL_IncTick
                0x08002228       0x28 ./Drivers/STM32H7xx_HAL_Driver/Src/stm32h7xx_hal.o
                0x08002228                HAL_IncTick
 .text.HAL_GetTick
                0x08002250       0x18 ./Drivers/STM32H7xx_HAL_Driver/Src/stm32h7xx_hal.o
                0x08002250                HAL_GetTick
 .text.HAL_Delay
                0x08002268       0x48 ./Drivers/STM32H7xx_HAL_Driver/Src/stm32h7xx_hal.o
                0x08002268                HAL_Delay
 .text.HAL_GetREVID
                0x080022b0       0x18 ./Drivers/STM32H7xx_HAL_Driver/Src/stm32h7xx_hal.o
                0x080022b0                HAL_GetREVID
 .text.__NVIC_SetPriorityGrouping
                0x080022c8       0x48 ./Drivers/STM32H7xx_HAL_Driver/Src/stm32h7xx_hal_cortex.o
 .text.__NVIC_GetPriorityGrouping
                0x08002310       0x1c ./Drivers/STM32H7xx_HAL_Driver/Src/stm32h7xx_hal_cortex.o
 .text.__NVIC_EnableIRQ
                0x0800232c       0x3c ./Drivers/STM32H7xx_HAL_Driver/Src/stm32h7xx_hal_cortex.o
 .text.__NVIC_SetPriority
                0x08002368       0x54 ./Drivers/STM32H7xx_HAL_Driver/Src/stm32h7xx_hal_cortex.o
 .text.NVIC_EncodePriority
                0x080023bc       0x66 ./Drivers/STM32H7xx_HAL_Driver/Src/stm32h7xx_hal_cortex.o
 .text.HAL_NVIC_SetPriorityGrouping
                0x08002422       0x16 ./Drivers/STM32H7xx_HAL_Driver/Src/stm32h7xx_hal_cortex.o
                0x08002422                HAL_NVIC_SetPriorityGrouping
 .text.HAL_NVIC_SetPriority
                0x08002438       0x34 ./Drivers/STM32H7xx_HAL_Driver/Src/stm32h7xx_hal_cortex.o
                0x08002438                HAL_NVIC_SetPriority
 .text.HAL_NVIC_EnableIRQ
                0x0800246c       0x1c ./Drivers/STM32H7xx_HAL_Driver/Src/stm32h7xx_hal_cortex.o
                0x0800246c                HAL_NVIC_EnableIRQ
 .text.HAL_GPIO_Init
                0x08002488      0x360 ./Drivers/STM32H7xx_HAL_Driver/Src/stm32h7xx_hal_gpio.o
                0x08002488                HAL_GPIO_Init
 .text.HAL_GPIO_ReadPin
                0x080027e8       0x30 ./Drivers/STM32H7xx_HAL_Driver/Src/stm32h7xx_hal_gpio.o
                0x080027e8                HAL_GPIO_ReadPin
 .text.HAL_GPIO_WritePin
                0x08002818       0x32 ./Drivers/STM32H7xx_HAL_Driver/Src/stm32h7xx_hal_gpio.o
                0x08002818                HAL_GPIO_WritePin
 *fill*         0x0800284a        0x2 
 .text.HAL_PWREx_ConfigSupply
                0x0800284c       0x74 ./Drivers/STM32H7xx_HAL_Driver/Src/stm32h7xx_hal_pwr_ex.o
                0x0800284c                HAL_PWREx_ConfigSupply
 .text.HAL_RCC_OscConfig
                0x080028c0      0x8b4 ./Drivers/STM32H7xx_HAL_Driver/Src/stm32h7xx_hal_rcc.o
                0x080028c0                HAL_RCC_OscConfig
 .text.HAL_RCC_ClockConfig
                0x08003174      0x36c ./Drivers/STM32H7xx_HAL_Driver/Src/stm32h7xx_hal_rcc.o
                0x08003174                HAL_RCC_ClockConfig
 .text.HAL_RCC_GetSysClockFreq
                0x080034e0      0x2f4 ./Drivers/STM32H7xx_HAL_Driver/Src/stm32h7xx_hal_rcc.o
                0x080034e0                HAL_RCC_GetSysClockFreq
 .text.HAL_RCC_GetHCLKFreq
                0x080037d4       0x60 ./Drivers/STM32H7xx_HAL_Driver/Src/stm32h7xx_hal_rcc.o
                0x080037d4                HAL_RCC_GetHCLKFreq
 .text.HAL_RCC_GetPCLK1Freq
                0x08003834       0x2c ./Drivers/STM32H7xx_HAL_Driver/Src/stm32h7xx_hal_rcc.o
                0x08003834                HAL_RCC_GetPCLK1Freq
 .text.HAL_RCC_GetPCLK2Freq
                0x08003860       0x2c ./Drivers/STM32H7xx_HAL_Driver/Src/stm32h7xx_hal_rcc.o
                0x08003860                HAL_RCC_GetPCLK2Freq
 .text.HAL_RCC_GetClockConfig
                0x0800388c       0x84 ./Drivers/STM32H7xx_HAL_Driver/Src/stm32h7xx_hal_rcc.o
                0x0800388c                HAL_RCC_GetClockConfig
 .text.HAL_RCCEx_PeriphCLKConfig
                0x08003910     0x1414 ./Drivers/STM32H7xx_HAL_Driver/Src/stm32h7xx_hal_rcc_ex.o
                0x08003910                HAL_RCCEx_PeriphCLKConfig
 .text.HAL_RCCEx_GetD3PCLK1Freq
                0x08004d24       0x2c ./Drivers/STM32H7xx_HAL_Driver/Src/stm32h7xx_hal_rcc_ex.o
                0x08004d24                HAL_RCCEx_GetD3PCLK1Freq
 .text.HAL_RCCEx_GetPLL2ClockFreq
                0x08004d50      0x2a8 ./Drivers/STM32H7xx_HAL_Driver/Src/stm32h7xx_hal_rcc_ex.o
                0x08004d50                HAL_RCCEx_GetPLL2ClockFreq
 .text.HAL_RCCEx_GetPLL3ClockFreq
                0x08004ff8      0x2a8 ./Drivers/STM32H7xx_HAL_Driver/Src/stm32h7xx_hal_rcc_ex.o
                0x08004ff8                HAL_RCCEx_GetPLL3ClockFreq
 .text.RCCEx_PLL2_Config
                0x080052a0      0x164 ./Drivers/STM32H7xx_HAL_Driver/Src/stm32h7xx_hal_rcc_ex.o
 .text.RCCEx_PLL3_Config
                0x08005404      0x164 ./Drivers/STM32H7xx_HAL_Driver/Src/stm32h7xx_hal_rcc_ex.o
 .text.HAL_SPI_Init
                0x08005568      0x248 ./Drivers/STM32H7xx_HAL_Driver/Src/stm32h7xx_hal_spi.o
                0x08005568                HAL_SPI_Init
 .text.HAL_SPI_TransmitReceive
                0x080057b0      0x674 ./Drivers/STM32H7xx_HAL_Driver/Src/stm32h7xx_hal_spi.o
                0x080057b0                HAL_SPI_TransmitReceive
 .text.SPI_CloseTransfer
                0x08005e24      0x140 ./Drivers/STM32H7xx_HAL_Driver/Src/stm32h7xx_hal_spi.o
 .text.SPI_WaitOnFlagUntilTimeout
                0x08005f64       0x5c ./Drivers/STM32H7xx_HAL_Driver/Src/stm32h7xx_hal_spi.o
 .text.SPI_GetPacketSize
                0x08005fc0       0x36 ./Drivers/STM32H7xx_HAL_Driver/Src/stm32h7xx_hal_spi.o
 .text.HAL_TIM_Base_Init
                0x08005ff6       0xae ./Drivers/STM32H7xx_HAL_Driver/Src/stm32h7xx_hal_tim.o
                0x08005ff6                HAL_TIM_Base_Init
 .text.HAL_TIM_Base_MspInit
                0x080060a4       0x14 ./Drivers/STM32H7xx_HAL_Driver/Src/stm32h7xx_hal_tim.o
                0x080060a4                HAL_TIM_Base_MspInit
 .text.HAL_TIM_Base_Start_IT
                0x080060b8       0xf0 ./Drivers/STM32H7xx_HAL_Driver/Src/stm32h7xx_hal_tim.o
                0x080060b8                HAL_TIM_Base_Start_IT
 .text.HAL_TIM_IRQHandler
                0x080061a8      0x20e ./Drivers/STM32H7xx_HAL_Driver/Src/stm32h7xx_hal_tim.o
                0x080061a8                HAL_TIM_IRQHandler
 .text.HAL_TIM_OC_DelayElapsedCallback
                0x080063b6       0x14 ./Drivers/STM32H7xx_HAL_Driver/Src/stm32h7xx_hal_tim.o
                0x080063b6                HAL_TIM_OC_DelayElapsedCallback
 .text.HAL_TIM_IC_CaptureCallback
                0x080063ca       0x14 ./Drivers/STM32H7xx_HAL_Driver/Src/stm32h7xx_hal_tim.o
                0x080063ca                HAL_TIM_IC_CaptureCallback
 .text.HAL_TIM_PWM_PulseFinishedCallback
                0x080063de       0x14 ./Drivers/STM32H7xx_HAL_Driver/Src/stm32h7xx_hal_tim.o
                0x080063de                HAL_TIM_PWM_PulseFinishedCallback
 .text.HAL_TIM_TriggerCallback
                0x080063f2       0x14 ./Drivers/STM32H7xx_HAL_Driver/Src/stm32h7xx_hal_tim.o
                0x080063f2                HAL_TIM_TriggerCallback
 *fill*         0x08006406        0x2 
 .text.TIM_Base_SetConfig
                0x08006408      0x140 ./Drivers/STM32H7xx_HAL_Driver/Src/stm32h7xx_hal_tim.o
                0x08006408                TIM_Base_SetConfig
 .text.HAL_TIMEx_CommutCallback
                0x08006548       0x14 ./Drivers/STM32H7xx_HAL_Driver/Src/stm32h7xx_hal_tim_ex.o
                0x08006548                HAL_TIMEx_CommutCallback
 .text.HAL_TIMEx_BreakCallback
                0x0800655c       0x14 ./Drivers/STM32H7xx_HAL_Driver/Src/stm32h7xx_hal_tim_ex.o
                0x0800655c                HAL_TIMEx_BreakCallback
 .text.HAL_TIMEx_Break2Callback
                0x08006570       0x14 ./Drivers/STM32H7xx_HAL_Driver/Src/stm32h7xx_hal_tim_ex.o
                0x08006570                HAL_TIMEx_Break2Callback
 .text.HAL_UART_Init
                0x08006584       0xa0 ./Drivers/STM32H7xx_HAL_Driver/Src/stm32h7xx_hal_uart.o
                0x08006584                HAL_UART_Init
 .text.HAL_UART_Transmit
                0x08006624      0x11c ./Drivers/STM32H7xx_HAL_Driver/Src/stm32h7xx_hal_uart.o
                0x08006624                HAL_UART_Transmit
 .text.UART_SetConfig
                0x08006740      0xad0 ./Drivers/STM32H7xx_HAL_Driver/Src/stm32h7xx_hal_uart.o
                0x08006740                UART_SetConfig
 .text.UART_AdvFeatureConfig
                0x08007210      0x144 ./Drivers/STM32H7xx_HAL_Driver/Src/stm32h7xx_hal_uart.o
                0x08007210                UART_AdvFeatureConfig
 .text.UART_CheckIdleState
                0x08007354      0x154 ./Drivers/STM32H7xx_HAL_Driver/Src/stm32h7xx_hal_uart.o
                0x08007354                UART_CheckIdleState
 .text.UART_WaitOnFlagUntilTimeout
                0x080074a8       0xda ./Drivers/STM32H7xx_HAL_Driver/Src/stm32h7xx_hal_uart.o
                0x080074a8                UART_WaitOnFlagUntilTimeout
 *fill*         0x08007582        0x2 
 .text.UART_EndRxTransfer
                0x08007584       0xcc ./Drivers/STM32H7xx_HAL_Driver/Src/stm32h7xx_hal_uart.o
 .text.HAL_UARTEx_DisableFifoMode
                0x08007650       0x72 ./Drivers/STM32H7xx_HAL_Driver/Src/stm32h7xx_hal_uart_ex.o
                0x08007650                HAL_UARTEx_DisableFifoMode
 .text.HAL_UARTEx_SetTxFifoThreshold
                0x080076c2       0x7c ./Drivers/STM32H7xx_HAL_Driver/Src/stm32h7xx_hal_uart_ex.o
                0x080076c2                HAL_UARTEx_SetTxFifoThreshold
 .text.HAL_UARTEx_SetRxFifoThreshold
                0x0800773e       0x7c ./Drivers/STM32H7xx_HAL_Driver/Src/stm32h7xx_hal_uart_ex.o
                0x0800773e                HAL_UARTEx_SetRxFifoThreshold
 *fill*         0x080077ba        0x2 
 .text.UARTEx_SetNbDataToProcess
                0x080077bc       0x9c ./Drivers/STM32H7xx_HAL_Driver/Src/stm32h7xx_hal_uart_ex.o
 .text.__NVIC_SetPriority
                0x08007858       0x54 ./Middlewares/Third_Party/FreeRTOS/Source/CMSIS_RTOS_V2/cmsis_os2.o
 .text.SysTick_Handler
                0x080078ac       0x20 ./Middlewares/Third_Party/FreeRTOS/Source/CMSIS_RTOS_V2/cmsis_os2.o
                0x080078ac                SysTick_Handler
 .text.SVC_Setup
                0x080078cc       0x12 ./Middlewares/Third_Party/FreeRTOS/Source/CMSIS_RTOS_V2/cmsis_os2.o
 *fill*         0x080078de        0x2 
 .text.osKernelInitialize
                0x080078e0       0x48 ./Middlewares/Third_Party/FreeRTOS/Source/CMSIS_RTOS_V2/cmsis_os2.o
                0x080078e0                osKernelInitialize
 .text.osKernelStart
                0x08007928       0x4c ./Middlewares/Third_Party/FreeRTOS/Source/CMSIS_RTOS_V2/cmsis_os2.o
                0x08007928                osKernelStart
 .text.osThreadNew
                0x08007974      0x124 ./Middlewares/Third_Party/FreeRTOS/Source/CMSIS_RTOS_V2/cmsis_os2.o
                0x08007974                osThreadNew
 .text.osDelay  0x08007a98       0x36 ./Middlewares/Third_Party/FreeRTOS/Source/CMSIS_RTOS_V2/cmsis_os2.o
                0x08007a98                osDelay
 *fill*         0x08007ace        0x2 
 .text.vApplicationGetIdleTaskMemory
                0x08007ad0       0x34 ./Middlewares/Third_Party/FreeRTOS/Source/CMSIS_RTOS_V2/cmsis_os2.o
                0x08007ad0                vApplicationGetIdleTaskMemory
 .text.vApplicationGetTimerTaskMemory
                0x08007b04       0x34 ./Middlewares/Third_Party/FreeRTOS/Source/CMSIS_RTOS_V2/cmsis_os2.o
                0x08007b04                vApplicationGetTimerTaskMemory
 .text.vListInitialise
                0x08007b38       0x40 ./Middlewares/Third_Party/FreeRTOS/Source/list.o
                0x08007b38                vListInitialise
 .text.vListInitialiseItem
                0x08007b78       0x1a ./Middlewares/Third_Party/FreeRTOS/Source/list.o
                0x08007b78                vListInitialiseItem
 .text.vListInsertEnd
                0x08007b92       0x48 ./Middlewares/Third_Party/FreeRTOS/Source/list.o
                0x08007b92                vListInsertEnd
 .text.vListInsert
                0x08007bda       0x72 ./Middlewares/Third_Party/FreeRTOS/Source/list.o
                0x08007bda                vListInsert
 .text.uxListRemove
                0x08007c4c       0x54 ./Middlewares/Third_Party/FreeRTOS/Source/list.o
                0x08007c4c                uxListRemove
 .text.xQueueGenericReset
                0x08007ca0       0xd4 ./Middlewares/Third_Party/FreeRTOS/Source/queue.o
                0x08007ca0                xQueueGenericReset
 .text.xQueueGenericCreateStatic
                0x08007d74       0xfa ./Middlewares/Third_Party/FreeRTOS/Source/queue.o
                0x08007d74                xQueueGenericCreateStatic
 .text.prvInitialiseNewQueue
                0x08007e6e       0x46 ./Middlewares/Third_Party/FreeRTOS/Source/queue.o
 .text.xQueueGenericSend
                0x08007eb4      0x204 ./Middlewares/Third_Party/FreeRTOS/Source/queue.o
                0x08007eb4                xQueueGenericSend
 .text.xQueueGenericSendFromISR
                0x080080b8      0x13c ./Middlewares/Third_Party/FreeRTOS/Source/queue.o
                0x080080b8                xQueueGenericSendFromISR
 .text.xQueueReceive
                0x080081f4      0x1c4 ./Middlewares/Third_Party/FreeRTOS/Source/queue.o
                0x080081f4                xQueueReceive
 .text.prvCopyDataToQueue
                0x080083b8       0xd4 ./Middlewares/Third_Party/FreeRTOS/Source/queue.o
 .text.prvCopyDataFromQueue
                0x0800848c       0x4c ./Middlewares/Third_Party/FreeRTOS/Source/queue.o
 .text.prvUnlockQueue
                0x080084d8       0xa4 ./Middlewares/Third_Party/FreeRTOS/Source/queue.o
 .text.prvIsQueueEmpty
                0x0800857c       0x2c ./Middlewares/Third_Party/FreeRTOS/Source/queue.o
 .text.prvIsQueueFull
                0x080085a8       0x30 ./Middlewares/Third_Party/FreeRTOS/Source/queue.o
 .text.vQueueAddToRegistry
                0x080085d8       0x54 ./Middlewares/Third_Party/FreeRTOS/Source/queue.o
                0x080085d8                vQueueAddToRegistry
 .text.vQueueWaitForMessageRestricted
                0x0800862c       0x68 ./Middlewares/Third_Party/FreeRTOS/Source/queue.o
                0x0800862c                vQueueWaitForMessageRestricted
 .text.xTaskCreateStatic
                0x08008694       0xc0 ./Middlewares/Third_Party/FreeRTOS/Source/tasks.o
                0x08008694                xTaskCreateStatic
 .text.xTaskCreate
                0x08008754       0x8a ./Middlewares/Third_Party/FreeRTOS/Source/tasks.o
                0x08008754                xTaskCreate
 *fill*         0x080087de        0x2 
 .text.prvInitialiseNewTask
                0x080087e0      0x150 ./Middlewares/Third_Party/FreeRTOS/Source/tasks.o
 .text.prvAddNewTaskToReadyList
                0x08008930       0xe0 ./Middlewares/Third_Party/FreeRTOS/Source/tasks.o
 .text.vTaskDelay
                0x08008a10       0x6c ./Middlewares/Third_Party/FreeRTOS/Source/tasks.o
                0x08008a10                vTaskDelay
 .text.vTaskStartScheduler
                0x08008a7c       0xe0 ./Middlewares/Third_Party/FreeRTOS/Source/tasks.o
                0x08008a7c                vTaskStartScheduler
 .text.vTaskSuspendAll
                0x08008b5c       0x1c ./Middlewares/Third_Party/FreeRTOS/Source/tasks.o
                0x08008b5c                vTaskSuspendAll
 .text.xTaskResumeAll
                0x08008b78      0x13c ./Middlewares/Third_Party/FreeRTOS/Source/tasks.o
                0x08008b78                xTaskResumeAll
 .text.xTaskGetTickCount
                0x08008cb4       0x20 ./Middlewares/Third_Party/FreeRTOS/Source/tasks.o
                0x08008cb4                xTaskGetTickCount
 .text.xTaskIncrementTick
                0x08008cd4      0x174 ./Middlewares/Third_Party/FreeRTOS/Source/tasks.o
                0x08008cd4                xTaskIncrementTick
 .text.vTaskSwitchContext
                0x08008e48       0xcc ./Middlewares/Third_Party/FreeRTOS/Source/tasks.o
                0x08008e48                vTaskSwitchContext
 .text.vTaskPlaceOnEventList
                0x08008f14       0x4c ./Middlewares/Third_Party/FreeRTOS/Source/tasks.o
                0x08008f14                vTaskPlaceOnEventList
 .text.vTaskPlaceOnEventListRestricted
                0x08008f60       0x58 ./Middlewares/Third_Party/FreeRTOS/Source/tasks.o
                0x08008f60                vTaskPlaceOnEventListRestricted
 .text.xTaskRemoveFromEventList
                0x08008fb8       0xc8 ./Middlewares/Third_Party/FreeRTOS/Source/tasks.o
                0x08008fb8                xTaskRemoveFromEventList
 .text.vTaskInternalSetTimeOutState
                0x08009080       0x2c ./Middlewares/Third_Party/FreeRTOS/Source/tasks.o
                0x08009080                vTaskInternalSetTimeOutState
 .text.xTaskCheckForTimeOut
                0x080090ac       0xc8 ./Middlewares/Third_Party/FreeRTOS/Source/tasks.o
                0x080090ac                xTaskCheckForTimeOut
 .text.vTaskMissedYield
                0x08009174       0x18 ./Middlewares/Third_Party/FreeRTOS/Source/tasks.o
                0x08009174                vTaskMissedYield
 .text.prvIdleTask
                0x0800918c       0x30 ./Middlewares/Third_Party/FreeRTOS/Source/tasks.o
 .text.prvInitialiseTaskLists
                0x080091bc       0x80 ./Middlewares/Third_Party/FreeRTOS/Source/tasks.o
 .text.prvCheckTasksWaitingTermination
                0x0800923c       0x5c ./Middlewares/Third_Party/FreeRTOS/Source/tasks.o
 .text.prvDeleteTCB
                0x08009298       0x6a ./Middlewares/Third_Party/FreeRTOS/Source/tasks.o
 *fill*         0x08009302        0x2 
 .text.prvResetNextTaskUnblockTime
                0x08009304       0x40 ./Middlewares/Third_Party/FreeRTOS/Source/tasks.o
 .text.xTaskGetSchedulerState
                0x08009344       0x3c ./Middlewares/Third_Party/FreeRTOS/Source/tasks.o
                0x08009344                xTaskGetSchedulerState
 .text.xTaskPriorityDisinherit
                0x08009380       0xe0 ./Middlewares/Third_Party/FreeRTOS/Source/tasks.o
                0x08009380                xTaskPriorityDisinherit
 .text.prvAddCurrentTaskToDelayedList
                0x08009460       0xa8 ./Middlewares/Third_Party/FreeRTOS/Source/tasks.o
 .text.xTimerCreateTimerTask
                0x08009508       0x94 ./Middlewares/Third_Party/FreeRTOS/Source/timers.o
                0x08009508                xTimerCreateTimerTask
 .text.xTimerGenericCommand
                0x0800959c       0x9c ./Middlewares/Third_Party/FreeRTOS/Source/timers.o
                0x0800959c                xTimerGenericCommand
 .text.prvProcessExpiredTimer
                0x08009638       0x9c ./Middlewares/Third_Party/FreeRTOS/Source/timers.o
 .text.prvTimerTask
                0x080096d4       0x26 ./Middlewares/Third_Party/FreeRTOS/Source/timers.o
 *fill*         0x080096fa        0x2 
 .text.prvProcessTimerOrBlockTask
                0x080096fc       0x9c ./Middlewares/Third_Party/FreeRTOS/Source/timers.o
 .text.prvGetNextExpireTime
                0x08009798       0x48 ./Middlewares/Third_Party/FreeRTOS/Source/timers.o
 .text.prvSampleTimeNow
                0x080097e0       0x40 ./Middlewares/Third_Party/FreeRTOS/Source/timers.o
 .text.prvInsertTimerInActiveList
                0x08009820       0x84 ./Middlewares/Third_Party/FreeRTOS/Source/timers.o
 .text.prvProcessReceivedCommands
                0x080098a4      0x1cc ./Middlewares/Third_Party/FreeRTOS/Source/timers.o
 .text.prvSwitchTimerLists
                0x08009a70       0xcc ./Middlewares/Third_Party/FreeRTOS/Source/timers.o
 .text.prvCheckForValidListAndQueue
                0x08009b3c       0x80 ./Middlewares/Third_Party/FreeRTOS/Source/timers.o
 .text.pxPortInitialiseStack
                0x08009bbc       0x68 ./Middlewares/Third_Party/FreeRTOS/Source/portable/GCC/ARM_CM4F/port.o
                0x08009bbc                pxPortInitialiseStack
 .text.prvTaskExitError
                0x08009c24       0x5c ./Middlewares/Third_Party/FreeRTOS/Source/portable/GCC/ARM_CM4F/port.o
 .text.SVC_Handler
                0x08009c80       0x28 ./Middlewares/Third_Party/FreeRTOS/Source/portable/GCC/ARM_CM4F/port.o
                0x08009c80                SVC_Handler
 .text.prvPortStartFirstTask
                0x08009ca8       0x28 ./Middlewares/Third_Party/FreeRTOS/Source/portable/GCC/ARM_CM4F/port.o
 .text.xPortStartScheduler
                0x08009cd0      0x148 ./Middlewares/Third_Party/FreeRTOS/Source/portable/GCC/ARM_CM4F/port.o
                0x08009cd0                xPortStartScheduler
 .text.vPortEnterCritical
                0x08009e18       0x64 ./Middlewares/Third_Party/FreeRTOS/Source/portable/GCC/ARM_CM4F/port.o
                0x08009e18                vPortEnterCritical
 .text.vPortExitCritical
                0x08009e7c       0x54 ./Middlewares/Third_Party/FreeRTOS/Source/portable/GCC/ARM_CM4F/port.o
                0x08009e7c                vPortExitCritical
 .text.PendSV_Handler
                0x08009ed0       0x68 ./Middlewares/Third_Party/FreeRTOS/Source/portable/GCC/ARM_CM4F/port.o
                0x08009ed0                PendSV_Handler
 .text.xPortSysTickHandler
                0x08009f38       0x44 ./Middlewares/Third_Party/FreeRTOS/Source/portable/GCC/ARM_CM4F/port.o
                0x08009f38                xPortSysTickHandler
 .text.vPortSetupTimerInterrupt
                0x08009f7c       0x48 ./Middlewares/Third_Party/FreeRTOS/Source/portable/GCC/ARM_CM4F/port.o
                0x08009f7c                vPortSetupTimerInterrupt
 .text.vPortEnableVFP
                0x08009fc4       0x14 ./Middlewares/Third_Party/FreeRTOS/Source/portable/GCC/ARM_CM4F/port.o
 .text.vPortValidateInterruptPriority
                0x08009fd8       0x84 ./Middlewares/Third_Party/FreeRTOS/Source/portable/GCC/ARM_CM4F/port.o
                0x08009fd8                vPortValidateInterruptPriority
 .text.pvPortMalloc
                0x0800a05c      0x19c ./Middlewares/Third_Party/FreeRTOS/Source/portable/MemMang/heap_4.o
                0x0800a05c                pvPortMalloc
 .text.vPortFree
                0x0800a1f8       0xc8 ./Middlewares/Third_Party/FreeRTOS/Source/portable/MemMang/heap_4.o
                0x0800a1f8                vPortFree
 .text.prvHeapInit
                0x0800a2c0       0xc4 ./Middlewares/Third_Party/FreeRTOS/Source/portable/MemMang/heap_4.o
 .text.prvInsertBlockIntoFreeList
                0x0800a384       0xb4 ./Middlewares/Third_Party/FreeRTOS/Source/portable/MemMang/heap_4.o
 .text.__cvt    0x0800a438       0xa8 C:/ST/STM32CubeIDE_1.19.0/STM32CubeIDE/plugins/com.st.stm32cube.ide.mcu.externaltools.gnu-tools-for-stm32.13.3.rel1.win32_1.0.0.202411081344/tools/bin/../lib/gcc/arm-none-eabi/13.3.1/../../../../arm-none-eabi/lib/thumb/v7e-m+dp/hard\libc_nano.a(libc_a-nano-vfprintf_float.o)
                0x0800a438                __cvt
 .text.__exponent
                0x0800a4e0       0x74 C:/ST/STM32CubeIDE_1.19.0/STM32CubeIDE/plugins/com.st.stm32cube.ide.mcu.externaltools.gnu-tools-for-stm32.13.3.rel1.win32_1.0.0.202411081344/tools/bin/../lib/gcc/arm-none-eabi/13.3.1/../../../../arm-none-eabi/lib/thumb/v7e-m+dp/hard\libc_nano.a(libc_a-nano-vfprintf_float.o)
                0x0800a4e0                __exponent
 *fill*         0x0800a554        0x4 
 .text._printf_float
                0x0800a558      0x434 C:/ST/STM32CubeIDE_1.19.0/STM32CubeIDE/plugins/com.st.stm32cube.ide.mcu.externaltools.gnu-tools-for-stm32.13.3.rel1.win32_1.0.0.202411081344/tools/bin/../lib/gcc/arm-none-eabi/13.3.1/../../../../arm-none-eabi/lib/thumb/v7e-m+dp/hard\libc_nano.a(libc_a-nano-vfprintf_float.o)
                0x0800a558                _printf_float
 .text._printf_common
                0x0800a98c       0xda C:/ST/STM32CubeIDE_1.19.0/STM32CubeIDE/plugins/com.st.stm32cube.ide.mcu.externaltools.gnu-tools-for-stm32.13.3.rel1.win32_1.0.0.202411081344/tools/bin/../lib/gcc/arm-none-eabi/13.3.1/../../../../arm-none-eabi/lib/thumb/v7e-m+dp/hard\libc_nano.a(libc_a-nano-vfprintf_i.o)
                0x0800a98c                _printf_common
 *fill*         0x0800aa66        0x2 
 .text._printf_i
                0x0800aa68      0x23c C:/ST/STM32CubeIDE_1.19.0/STM32CubeIDE/plugins/com.st.stm32cube.ide.mcu.externaltools.gnu-tools-for-stm32.13.3.rel1.win32_1.0.0.202411081344/tools/bin/../lib/gcc/arm-none-eabi/13.3.1/../../../../arm-none-eabi/lib/thumb/v7e-m+dp/hard\libc_nano.a(libc_a-nano-vfprintf_i.o)
                0x0800aa68                _printf_i
 .text.std      0x0800aca4       0x6c C:/ST/STM32CubeIDE_1.19.0/STM32CubeIDE/plugins/com.st.stm32cube.ide.mcu.externaltools.gnu-tools-for-stm32.13.3.rel1.win32_1.0.0.202411081344/tools/bin/../lib/gcc/arm-none-eabi/13.3.1/../../../../arm-none-eabi/lib/thumb/v7e-m+dp/hard\libc_nano.a(libc_a-findfp.o)
 .text.stdio_exit_handler
                0x0800ad10       0x18 C:/ST/STM32CubeIDE_1.19.0/STM32CubeIDE/plugins/com.st.stm32cube.ide.mcu.externaltools.gnu-tools-for-stm32.13.3.rel1.win32_1.0.0.202411081344/tools/bin/../lib/gcc/arm-none-eabi/13.3.1/../../../../arm-none-eabi/lib/thumb/v7e-m+dp/hard\libc_nano.a(libc_a-findfp.o)
 .text.cleanup_stdio
                0x0800ad28       0x40 C:/ST/STM32CubeIDE_1.19.0/STM32CubeIDE/plugins/com.st.stm32cube.ide.mcu.externaltools.gnu-tools-for-stm32.13.3.rel1.win32_1.0.0.202411081344/tools/bin/../lib/gcc/arm-none-eabi/13.3.1/../../../../arm-none-eabi/lib/thumb/v7e-m+dp/hard\libc_nano.a(libc_a-findfp.o)
 .text.global_stdio_init.part.0
                0x0800ad68       0x3c C:/ST/STM32CubeIDE_1.19.0/STM32CubeIDE/plugins/com.st.stm32cube.ide.mcu.externaltools.gnu-tools-for-stm32.13.3.rel1.win32_1.0.0.202411081344/tools/bin/../lib/gcc/arm-none-eabi/13.3.1/../../../../arm-none-eabi/lib/thumb/v7e-m+dp/hard\libc_nano.a(libc_a-findfp.o)
 .text.__sfp_lock_acquire
                0x0800ada4        0xc C:/ST/STM32CubeIDE_1.19.0/STM32CubeIDE/plugins/com.st.stm32cube.ide.mcu.externaltools.gnu-tools-for-stm32.13.3.rel1.win32_1.0.0.202411081344/tools/bin/../lib/gcc/arm-none-eabi/13.3.1/../../../../arm-none-eabi/lib/thumb/v7e-m+dp/hard\libc_nano.a(libc_a-findfp.o)
                0x0800ada4                __sfp_lock_acquire
 .text.__sfp_lock_release
                0x0800adb0        0xc C:/ST/STM32CubeIDE_1.19.0/STM32CubeIDE/plugins/com.st.stm32cube.ide.mcu.externaltools.gnu-tools-for-stm32.13.3.rel1.win32_1.0.0.202411081344/tools/bin/../lib/gcc/arm-none-eabi/13.3.1/../../../../arm-none-eabi/lib/thumb/v7e-m+dp/hard\libc_nano.a(libc_a-findfp.o)
                0x0800adb0                __sfp_lock_release
 .text.__sinit  0x0800adbc       0x30 C:/ST/STM32CubeIDE_1.19.0/STM32CubeIDE/plugins/com.st.stm32cube.ide.mcu.externaltools.gnu-tools-for-stm32.13.3.rel1.win32_1.0.0.202411081344/tools/bin/../lib/gcc/arm-none-eabi/13.3.1/../../../../arm-none-eabi/lib/thumb/v7e-m+dp/hard\libc_nano.a(libc_a-findfp.o)
                0x0800adbc                __sinit
 .text._fwalk_sglue
                0x0800adec       0x3c C:/ST/STM32CubeIDE_1.19.0/STM32CubeIDE/plugins/com.st.stm32cube.ide.mcu.externaltools.gnu-tools-for-stm32.13.3.rel1.win32_1.0.0.202411081344/tools/bin/../lib/gcc/arm-none-eabi/13.3.1/../../../../arm-none-eabi/lib/thumb/v7e-m+dp/hard\libc_nano.a(libc_a-fwalk.o)
                0x0800adec                _fwalk_sglue
 .text.printf   0x0800ae28       0x24 C:/ST/STM32CubeIDE_1.19.0/STM32CubeIDE/plugins/com.st.stm32cube.ide.mcu.externaltools.gnu-tools-for-stm32.13.3.rel1.win32_1.0.0.202411081344/tools/bin/../lib/gcc/arm-none-eabi/13.3.1/../../../../arm-none-eabi/lib/thumb/v7e-m+dp/hard\libc_nano.a(libc_a-printf.o)
                0x0800ae28                iprintf
                0x0800ae28                printf
 .text._puts_r  0x0800ae4c       0xaa C:/ST/STM32CubeIDE_1.19.0/STM32CubeIDE/plugins/com.st.stm32cube.ide.mcu.externaltools.gnu-tools-for-stm32.13.3.rel1.win32_1.0.0.202411081344/tools/bin/../lib/gcc/arm-none-eabi/13.3.1/../../../../arm-none-eabi/lib/thumb/v7e-m+dp/hard\libc_nano.a(libc_a-puts.o)
                0x0800ae4c                _puts_r
 *fill*         0x0800aef6        0x2 
 .text.puts     0x0800aef8       0x10 C:/ST/STM32CubeIDE_1.19.0/STM32CubeIDE/plugins/com.st.stm32cube.ide.mcu.externaltools.gnu-tools-for-stm32.13.3.rel1.win32_1.0.0.202411081344/tools/bin/../lib/gcc/arm-none-eabi/13.3.1/../../../../arm-none-eabi/lib/thumb/v7e-m+dp/hard\libc_nano.a(libc_a-puts.o)
                0x0800aef8                puts
 .text.__sread  0x0800af08       0x22 C:/ST/STM32CubeIDE_1.19.0/STM32CubeIDE/plugins/com.st.stm32cube.ide.mcu.externaltools.gnu-tools-for-stm32.13.3.rel1.win32_1.0.0.202411081344/tools/bin/../lib/gcc/arm-none-eabi/13.3.1/../../../../arm-none-eabi/lib/thumb/v7e-m+dp/hard\libc_nano.a(libc_a-stdio.o)
                0x0800af08                __sread
 .text.__swrite
                0x0800af2a       0x38 C:/ST/STM32CubeIDE_1.19.0/STM32CubeIDE/plugins/com.st.stm32cube.ide.mcu.externaltools.gnu-tools-for-stm32.13.3.rel1.win32_1.0.0.202411081344/tools/bin/../lib/gcc/arm-none-eabi/13.3.1/../../../../arm-none-eabi/lib/thumb/v7e-m+dp/hard\libc_nano.a(libc_a-stdio.o)
                0x0800af2a                __swrite
 .text.__sseek  0x0800af62       0x24 C:/ST/STM32CubeIDE_1.19.0/STM32CubeIDE/plugins/com.st.stm32cube.ide.mcu.externaltools.gnu-tools-for-stm32.13.3.rel1.win32_1.0.0.202411081344/tools/bin/../lib/gcc/arm-none-eabi/13.3.1/../../../../arm-none-eabi/lib/thumb/v7e-m+dp/hard\libc_nano.a(libc_a-stdio.o)
                0x0800af62                __sseek
 .text.__sclose
                0x0800af86        0x8 C:/ST/STM32CubeIDE_1.19.0/STM32CubeIDE/plugins/com.st.stm32cube.ide.mcu.externaltools.gnu-tools-for-stm32.13.3.rel1.win32_1.0.0.202411081344/tools/bin/../lib/gcc/arm-none-eabi/13.3.1/../../../../arm-none-eabi/lib/thumb/v7e-m+dp/hard\libc_nano.a(libc_a-stdio.o)
                0x0800af86                __sclose
 .text.__swbuf_r
                0x0800af8e       0x7c C:/ST/STM32CubeIDE_1.19.0/STM32CubeIDE/plugins/com.st.stm32cube.ide.mcu.externaltools.gnu-tools-for-stm32.13.3.rel1.win32_1.0.0.202411081344/tools/bin/../lib/gcc/arm-none-eabi/13.3.1/../../../../arm-none-eabi/lib/thumb/v7e-m+dp/hard\libc_nano.a(libc_a-wbuf.o)
                0x0800af8e                __swbuf_r
 *fill*         0x0800b00a        0x2 
 .text.__swsetup_r
                0x0800b00c       0xac C:/ST/STM32CubeIDE_1.19.0/STM32CubeIDE/plugins/com.st.stm32cube.ide.mcu.externaltools.gnu-tools-for-stm32.13.3.rel1.win32_1.0.0.202411081344/tools/bin/../lib/gcc/arm-none-eabi/13.3.1/../../../../arm-none-eabi/lib/thumb/v7e-m+dp/hard\libc_nano.a(libc_a-wsetup.o)
                0x0800b00c                __swsetup_r
 .text.memset   0x0800b0b8       0x10 C:/ST/STM32CubeIDE_1.19.0/STM32CubeIDE/plugins/com.st.stm32cube.ide.mcu.externaltools.gnu-tools-for-stm32.13.3.rel1.win32_1.0.0.202411081344/tools/bin/../lib/gcc/arm-none-eabi/13.3.1/../../../../arm-none-eabi/lib/thumb/v7e-m+dp/hard\libc_nano.a(libc_a-memset.o)
                0x0800b0b8                memset
 .text._localeconv_r
                0x0800b0c8        0x8 C:/ST/STM32CubeIDE_1.19.0/STM32CubeIDE/plugins/com.st.stm32cube.ide.mcu.externaltools.gnu-tools-for-stm32.13.3.rel1.win32_1.0.0.202411081344/tools/bin/../lib/gcc/arm-none-eabi/13.3.1/../../../../arm-none-eabi/lib/thumb/v7e-m+dp/hard\libc_nano.a(libc_a-localeconv.o)
                0x0800b0c8                _localeconv_r
 .text._close_r
                0x0800b0d0       0x20 C:/ST/STM32CubeIDE_1.19.0/STM32CubeIDE/plugins/com.st.stm32cube.ide.mcu.externaltools.gnu-tools-for-stm32.13.3.rel1.win32_1.0.0.202411081344/tools/bin/../lib/gcc/arm-none-eabi/13.3.1/../../../../arm-none-eabi/lib/thumb/v7e-m+dp/hard\libc_nano.a(libc_a-closer.o)
                0x0800b0d0                _close_r
 .text._reclaim_reent
                0x0800b0f0       0xbc C:/ST/STM32CubeIDE_1.19.0/STM32CubeIDE/plugins/com.st.stm32cube.ide.mcu.externaltools.gnu-tools-for-stm32.13.3.rel1.win32_1.0.0.202411081344/tools/bin/../lib/gcc/arm-none-eabi/13.3.1/../../../../arm-none-eabi/lib/thumb/v7e-m+dp/hard\libc_nano.a(libc_a-reent.o)
                0x0800b0f0                _reclaim_reent
 .text._lseek_r
                0x0800b1ac       0x24 C:/ST/STM32CubeIDE_1.19.0/STM32CubeIDE/plugins/com.st.stm32cube.ide.mcu.externaltools.gnu-tools-for-stm32.13.3.rel1.win32_1.0.0.202411081344/tools/bin/../lib/gcc/arm-none-eabi/13.3.1/../../../../arm-none-eabi/lib/thumb/v7e-m+dp/hard\libc_nano.a(libc_a-lseekr.o)
                0x0800b1ac                _lseek_r
 .text._read_r  0x0800b1d0       0x24 C:/ST/STM32CubeIDE_1.19.0/STM32CubeIDE/plugins/com.st.stm32cube.ide.mcu.externaltools.gnu-tools-for-stm32.13.3.rel1.win32_1.0.0.202411081344/tools/bin/../lib/gcc/arm-none-eabi/13.3.1/../../../../arm-none-eabi/lib/thumb/v7e-m+dp/hard\libc_nano.a(libc_a-readr.o)
                0x0800b1d0                _read_r
 .text._write_r
                0x0800b1f4       0x24 C:/ST/STM32CubeIDE_1.19.0/STM32CubeIDE/plugins/com.st.stm32cube.ide.mcu.externaltools.gnu-tools-for-stm32.13.3.rel1.win32_1.0.0.202411081344/tools/bin/../lib/gcc/arm-none-eabi/13.3.1/../../../../arm-none-eabi/lib/thumb/v7e-m+dp/hard\libc_nano.a(libc_a-writer.o)
                0x0800b1f4                _write_r
 .text.__errno  0x0800b218        0xc C:/ST/STM32CubeIDE_1.19.0/STM32CubeIDE/plugins/com.st.stm32cube.ide.mcu.externaltools.gnu-tools-for-stm32.13.3.rel1.win32_1.0.0.202411081344/tools/bin/../lib/gcc/arm-none-eabi/13.3.1/../../../../arm-none-eabi/lib/thumb/v7e-m+dp/hard\libc_nano.a(libc_a-errno.o)
                0x0800b218                __errno
 .text.__libc_init_array
                0x0800b224       0x48 C:/ST/STM32CubeIDE_1.19.0/STM32CubeIDE/plugins/com.st.stm32cube.ide.mcu.externaltools.gnu-tools-for-stm32.13.3.rel1.win32_1.0.0.202411081344/tools/bin/../lib/gcc/arm-none-eabi/13.3.1/../../../../arm-none-eabi/lib/thumb/v7e-m+dp/hard\libc_nano.a(libc_a-init.o)
                0x0800b224                __libc_init_array
 .text.__retarget_lock_init_recursive
                0x0800b26c        0x2 C:/ST/STM32CubeIDE_1.19.0/STM32CubeIDE/plugins/com.st.stm32cube.ide.mcu.externaltools.gnu-tools-for-stm32.13.3.rel1.win32_1.0.0.202411081344/tools/bin/../lib/gcc/arm-none-eabi/13.3.1/../../../../arm-none-eabi/lib/thumb/v7e-m+dp/hard\libc_nano.a(libc_a-lock.o)
                0x0800b26c                __retarget_lock_init_recursive
 .text.__retarget_lock_acquire_recursive
                0x0800b26e        0x2 C:/ST/STM32CubeIDE_1.19.0/STM32CubeIDE/plugins/com.st.stm32cube.ide.mcu.externaltools.gnu-tools-for-stm32.13.3.rel1.win32_1.0.0.202411081344/tools/bin/../lib/gcc/arm-none-eabi/13.3.1/../../../../arm-none-eabi/lib/thumb/v7e-m+dp/hard\libc_nano.a(libc_a-lock.o)
                0x0800b26e                __retarget_lock_acquire_recursive
 .text.__retarget_lock_release_recursive
                0x0800b270        0x2 C:/ST/STM32CubeIDE_1.19.0/STM32CubeIDE/plugins/com.st.stm32cube.ide.mcu.externaltools.gnu-tools-for-stm32.13.3.rel1.win32_1.0.0.202411081344/tools/bin/../lib/gcc/arm-none-eabi/13.3.1/../../../../arm-none-eabi/lib/thumb/v7e-m+dp/hard\libc_nano.a(libc_a-lock.o)
                0x0800b270                __retarget_lock_release_recursive
 .text.memcpy   0x0800b272       0x1c C:/ST/STM32CubeIDE_1.19.0/STM32CubeIDE/plugins/com.st.stm32cube.ide.mcu.externaltools.gnu-tools-for-stm32.13.3.rel1.win32_1.0.0.202411081344/tools/bin/../lib/gcc/arm-none-eabi/13.3.1/../../../../arm-none-eabi/lib/thumb/v7e-m+dp/hard\libc_nano.a(libc_a-memcpy-stub.o)
                0x0800b272                memcpy
 .text.quorem   0x0800b28e      0x110 C:/ST/STM32CubeIDE_1.19.0/STM32CubeIDE/plugins/com.st.stm32cube.ide.mcu.externaltools.gnu-tools-for-stm32.13.3.rel1.win32_1.0.0.202411081344/tools/bin/../lib/gcc/arm-none-eabi/13.3.1/../../../../arm-none-eabi/lib/thumb/v7e-m+dp/hard\libc_nano.a(libc_a-dtoa.o)
 *fill*         0x0800b39e        0x2 
 .text._dtoa_r  0x0800b3a0      0xabc C:/ST/STM32CubeIDE_1.19.0/STM32CubeIDE/plugins/com.st.stm32cube.ide.mcu.externaltools.gnu-tools-for-stm32.13.3.rel1.win32_1.0.0.202411081344/tools/bin/../lib/gcc/arm-none-eabi/13.3.1/../../../../arm-none-eabi/lib/thumb/v7e-m+dp/hard\libc_nano.a(libc_a-dtoa.o)
                0x0800b3a0                _dtoa_r
 .text._free_r  0x0800be5c       0x94 C:/ST/STM32CubeIDE_1.19.0/STM32CubeIDE/plugins/com.st.stm32cube.ide.mcu.externaltools.gnu-tools-for-stm32.13.3.rel1.win32_1.0.0.202411081344/tools/bin/../lib/gcc/arm-none-eabi/13.3.1/../../../../arm-none-eabi/lib/thumb/v7e-m+dp/hard\libc_nano.a(libc_a-freer.o)
                0x0800be5c                _free_r
 .text.malloc   0x0800bef0       0x10 C:/ST/STM32CubeIDE_1.19.0/STM32CubeIDE/plugins/com.st.stm32cube.ide.mcu.externaltools.gnu-tools-for-stm32.13.3.rel1.win32_1.0.0.202411081344/tools/bin/../lib/gcc/arm-none-eabi/13.3.1/../../../../arm-none-eabi/lib/thumb/v7e-m+dp/hard\libc_nano.a(libc_a-malloc.o)
                0x0800bef0                malloc
 .text.sbrk_aligned
                0x0800bf00       0x44 C:/ST/STM32CubeIDE_1.19.0/STM32CubeIDE/plugins/com.st.stm32cube.ide.mcu.externaltools.gnu-tools-for-stm32.13.3.rel1.win32_1.0.0.202411081344/tools/bin/../lib/gcc/arm-none-eabi/13.3.1/../../../../arm-none-eabi/lib/thumb/v7e-m+dp/hard\libc_nano.a(libc_a-mallocr.o)
 .text._malloc_r
                0x0800bf44      0x100 C:/ST/STM32CubeIDE_1.19.0/STM32CubeIDE/plugins/com.st.stm32cube.ide.mcu.externaltools.gnu-tools-for-stm32.13.3.rel1.win32_1.0.0.202411081344/tools/bin/../lib/gcc/arm-none-eabi/13.3.1/../../../../arm-none-eabi/lib/thumb/v7e-m+dp/hard\libc_nano.a(libc_a-mallocr.o)
                0x0800bf44                _malloc_r
 .text.__malloc_lock
                0x0800c044        0xc C:/ST/STM32CubeIDE_1.19.0/STM32CubeIDE/plugins/com.st.stm32cube.ide.mcu.externaltools.gnu-tools-for-stm32.13.3.rel1.win32_1.0.0.202411081344/tools/bin/../lib/gcc/arm-none-eabi/13.3.1/../../../../arm-none-eabi/lib/thumb/v7e-m+dp/hard\libc_nano.a(libc_a-mlock.o)
                0x0800c044                __malloc_lock
 .text.__malloc_unlock
                0x0800c050        0xc C:/ST/STM32CubeIDE_1.19.0/STM32CubeIDE/plugins/com.st.stm32cube.ide.mcu.externaltools.gnu-tools-for-stm32.13.3.rel1.win32_1.0.0.202411081344/tools/bin/../lib/gcc/arm-none-eabi/13.3.1/../../../../arm-none-eabi/lib/thumb/v7e-m+dp/hard\libc_nano.a(libc_a-mlock.o)
                0x0800c050                __malloc_unlock
 .text._Balloc  0x0800c05c       0x80 C:/ST/STM32CubeIDE_1.19.0/STM32CubeIDE/plugins/com.st.stm32cube.ide.mcu.externaltools.gnu-tools-for-stm32.13.3.rel1.win32_1.0.0.202411081344/tools/bin/../lib/gcc/arm-none-eabi/13.3.1/../../../../arm-none-eabi/lib/thumb/v7e-m+dp/hard\libc_nano.a(libc_a-mprec.o)
                0x0800c05c                _Balloc
 .text._Bfree   0x0800c0dc       0x44 C:/ST/STM32CubeIDE_1.19.0/STM32CubeIDE/plugins/com.st.stm32cube.ide.mcu.externaltools.gnu-tools-for-stm32.13.3.rel1.win32_1.0.0.202411081344/tools/bin/../lib/gcc/arm-none-eabi/13.3.1/../../../../arm-none-eabi/lib/thumb/v7e-m+dp/hard\libc_nano.a(libc_a-mprec.o)
                0x0800c0dc                _Bfree
 .text.__multadd
                0x0800c120       0x8c C:/ST/STM32CubeIDE_1.19.0/STM32CubeIDE/plugins/com.st.stm32cube.ide.mcu.externaltools.gnu-tools-for-stm32.13.3.rel1.win32_1.0.0.202411081344/tools/bin/../lib/gcc/arm-none-eabi/13.3.1/../../../../arm-none-eabi/lib/thumb/v7e-m+dp/hard\libc_nano.a(libc_a-mprec.o)
                0x0800c120                __multadd
 .text.__hi0bits
                0x0800c1ac       0x3e C:/ST/STM32CubeIDE_1.19.0/STM32CubeIDE/plugins/com.st.stm32cube.ide.mcu.externaltools.gnu-tools-for-stm32.13.3.rel1.win32_1.0.0.202411081344/tools/bin/../lib/gcc/arm-none-eabi/13.3.1/../../../../arm-none-eabi/lib/thumb/v7e-m+dp/hard\libc_nano.a(libc_a-mprec.o)
                0x0800c1ac                __hi0bits
 .text.__lo0bits
                0x0800c1ea       0x5a C:/ST/STM32CubeIDE_1.19.0/STM32CubeIDE/plugins/com.st.stm32cube.ide.mcu.externaltools.gnu-tools-for-stm32.13.3.rel1.win32_1.0.0.202411081344/tools/bin/../lib/gcc/arm-none-eabi/13.3.1/../../../../arm-none-eabi/lib/thumb/v7e-m+dp/hard\libc_nano.a(libc_a-mprec.o)
                0x0800c1ea                __lo0bits
 .text.__i2b    0x0800c244       0x2c C:/ST/STM32CubeIDE_1.19.0/STM32CubeIDE/plugins/com.st.stm32cube.ide.mcu.externaltools.gnu-tools-for-stm32.13.3.rel1.win32_1.0.0.202411081344/tools/bin/../lib/gcc/arm-none-eabi/13.3.1/../../../../arm-none-eabi/lib/thumb/v7e-m+dp/hard\libc_nano.a(libc_a-mprec.o)
                0x0800c244                __i2b
 .text.__multiply
                0x0800c270      0x144 C:/ST/STM32CubeIDE_1.19.0/STM32CubeIDE/plugins/com.st.stm32cube.ide.mcu.externaltools.gnu-tools-for-stm32.13.3.rel1.win32_1.0.0.202411081344/tools/bin/../lib/gcc/arm-none-eabi/13.3.1/../../../../arm-none-eabi/lib/thumb/v7e-m+dp/hard\libc_nano.a(libc_a-mprec.o)
                0x0800c270                __multiply
 .text.__pow5mult
                0x0800c3b4       0xb4 C:/ST/STM32CubeIDE_1.19.0/STM32CubeIDE/plugins/com.st.stm32cube.ide.mcu.externaltools.gnu-tools-for-stm32.13.3.rel1.win32_1.0.0.202411081344/tools/bin/../lib/gcc/arm-none-eabi/13.3.1/../../../../arm-none-eabi/lib/thumb/v7e-m+dp/hard\libc_nano.a(libc_a-mprec.o)
                0x0800c3b4                __pow5mult
 .text.__lshift
                0x0800c468       0xd8 C:/ST/STM32CubeIDE_1.19.0/STM32CubeIDE/plugins/com.st.stm32cube.ide.mcu.externaltools.gnu-tools-for-stm32.13.3.rel1.win32_1.0.0.202411081344/tools/bin/../lib/gcc/arm-none-eabi/13.3.1/../../../../arm-none-eabi/lib/thumb/v7e-m+dp/hard\libc_nano.a(libc_a-mprec.o)
                0x0800c468                __lshift
 .text.__mcmp   0x0800c540       0x36 C:/ST/STM32CubeIDE_1.19.0/STM32CubeIDE/plugins/com.st.stm32cube.ide.mcu.externaltools.gnu-tools-for-stm32.13.3.rel1.win32_1.0.0.202411081344/tools/bin/../lib/gcc/arm-none-eabi/13.3.1/../../../../arm-none-eabi/lib/thumb/v7e-m+dp/hard\libc_nano.a(libc_a-mprec.o)
                0x0800c540                __mcmp
 *fill*         0x0800c576        0x2 
 .text.__mdiff  0x0800c578      0x128 C:/ST/STM32CubeIDE_1.19.0/STM32CubeIDE/plugins/com.st.stm32cube.ide.mcu.externaltools.gnu-tools-for-stm32.13.3.rel1.win32_1.0.0.202411081344/tools/bin/../lib/gcc/arm-none-eabi/13.3.1/../../../../arm-none-eabi/lib/thumb/v7e-m+dp/hard\libc_nano.a(libc_a-mprec.o)
                0x0800c578                __mdiff
 .text.__d2b    0x0800c6a0       0xb0 C:/ST/STM32CubeIDE_1.19.0/STM32CubeIDE/plugins/com.st.stm32cube.ide.mcu.externaltools.gnu-tools-for-stm32.13.3.rel1.win32_1.0.0.202411081344/tools/bin/../lib/gcc/arm-none-eabi/13.3.1/../../../../arm-none-eabi/lib/thumb/v7e-m+dp/hard\libc_nano.a(libc_a-mprec.o)
                0x0800c6a0                __d2b
 .text.__sfputc_r
                0x0800c750       0x2e C:/ST/STM32CubeIDE_1.19.0/STM32CubeIDE/plugins/com.st.stm32cube.ide.mcu.externaltools.gnu-tools-for-stm32.13.3.rel1.win32_1.0.0.202411081344/tools/bin/../lib/gcc/arm-none-eabi/13.3.1/../../../../arm-none-eabi/lib/thumb/v7e-m+dp/hard\libc_nano.a(libc_a-nano-vfprintf.o)
 .text.__sfputs_r
                0x0800c77e       0x24 C:/ST/STM32CubeIDE_1.19.0/STM32CubeIDE/plugins/com.st.stm32cube.ide.mcu.externaltools.gnu-tools-for-stm32.13.3.rel1.win32_1.0.0.202411081344/tools/bin/../lib/gcc/arm-none-eabi/13.3.1/../../../../arm-none-eabi/lib/thumb/v7e-m+dp/hard\libc_nano.a(libc_a-nano-vfprintf.o)
                0x0800c77e                __sfputs_r
 *fill*         0x0800c7a2        0x2 
 .text._vfprintf_r
                0x0800c7a4      0x230 C:/ST/STM32CubeIDE_1.19.0/STM32CubeIDE/plugins/com.st.stm32cube.ide.mcu.externaltools.gnu-tools-for-stm32.13.3.rel1.win32_1.0.0.202411081344/tools/bin/../lib/gcc/arm-none-eabi/13.3.1/../../../../arm-none-eabi/lib/thumb/v7e-m+dp/hard\libc_nano.a(libc_a-nano-vfprintf.o)
                0x0800c7a4                _vfprintf_r
                0x0800c7a4                _vfiprintf_r
 .text.__sflush_r
                0x0800c9d4      0x108 C:/ST/STM32CubeIDE_1.19.0/STM32CubeIDE/plugins/com.st.stm32cube.ide.mcu.externaltools.gnu-tools-for-stm32.13.3.rel1.win32_1.0.0.202411081344/tools/bin/../lib/gcc/arm-none-eabi/13.3.1/../../../../arm-none-eabi/lib/thumb/v7e-m+dp/hard\libc_nano.a(libc_a-fflush.o)
                0x0800c9d4                __sflush_r
 .text._fflush_r
                0x0800cadc       0x50 C:/ST/STM32CubeIDE_1.19.0/STM32CubeIDE/plugins/com.st.stm32cube.ide.mcu.externaltools.gnu-tools-for-stm32.13.3.rel1.win32_1.0.0.202411081344/tools/bin/../lib/gcc/arm-none-eabi/13.3.1/../../../../arm-none-eabi/lib/thumb/v7e-m+dp/hard\libc_nano.a(libc_a-fflush.o)
                0x0800cadc                _fflush_r
 .text.__swhatbuf_r
                0x0800cb2c       0x4c C:/ST/STM32CubeIDE_1.19.0/STM32CubeIDE/plugins/com.st.stm32cube.ide.mcu.externaltools.gnu-tools-for-stm32.13.3.rel1.win32_1.0.0.202411081344/tools/bin/../lib/gcc/arm-none-eabi/13.3.1/../../../../arm-none-eabi/lib/thumb/v7e-m+dp/hard\libc_nano.a(libc_a-makebuf.o)
                0x0800cb2c                __swhatbuf_r
 .text.__smakebuf_r
                0x0800cb78       0x78 C:/ST/STM32CubeIDE_1.19.0/STM32CubeIDE/plugins/com.st.stm32cube.ide.mcu.externaltools.gnu-tools-for-stm32.13.3.rel1.win32_1.0.0.202411081344/tools/bin/../lib/gcc/arm-none-eabi/13.3.1/../../../../arm-none-eabi/lib/thumb/v7e-m+dp/hard\libc_nano.a(libc_a-makebuf.o)
                0x0800cb78                __smakebuf_r
 .text._fstat_r
                0x0800cbf0       0x24 C:/ST/STM32CubeIDE_1.19.0/STM32CubeIDE/plugins/com.st.stm32cube.ide.mcu.externaltools.gnu-tools-for-stm32.13.3.rel1.win32_1.0.0.202411081344/tools/bin/../lib/gcc/arm-none-eabi/13.3.1/../../../../arm-none-eabi/lib/thumb/v7e-m+dp/hard\libc_nano.a(libc_a-fstatr.o)
                0x0800cbf0                _fstat_r
 .text._isatty_r
                0x0800cc14       0x20 C:/ST/STM32CubeIDE_1.19.0/STM32CubeIDE/plugins/com.st.stm32cube.ide.mcu.externaltools.gnu-tools-for-stm32.13.3.rel1.win32_1.0.0.202411081344/tools/bin/../lib/gcc/arm-none-eabi/13.3.1/../../../../arm-none-eabi/lib/thumb/v7e-m+dp/hard\libc_nano.a(libc_a-isattyr.o)
                0x0800cc14                _isatty_r
 .text._sbrk_r  0x0800cc34       0x20 C:/ST/STM32CubeIDE_1.19.0/STM32CubeIDE/plugins/com.st.stm32cube.ide.mcu.externaltools.gnu-tools-for-stm32.13.3.rel1.win32_1.0.0.202411081344/tools/bin/../lib/gcc/arm-none-eabi/13.3.1/../../../../arm-none-eabi/lib/thumb/v7e-m+dp/hard\libc_nano.a(libc_a-sbrkr.o)
                0x0800cc34                _sbrk_r
 .text.__assert_func
                0x0800cc54       0x3c C:/ST/STM32CubeIDE_1.19.0/STM32CubeIDE/plugins/com.st.stm32cube.ide.mcu.externaltools.gnu-tools-for-stm32.13.3.rel1.win32_1.0.0.202411081344/tools/bin/../lib/gcc/arm-none-eabi/13.3.1/../../../../arm-none-eabi/lib/thumb/v7e-m+dp/hard\libc_nano.a(libc_a-assert.o)
                0x0800cc54                __assert_func
 .text._calloc_r
                0x0800cc90       0x28 C:/ST/STM32CubeIDE_1.19.0/STM32CubeIDE/plugins/com.st.stm32cube.ide.mcu.externaltools.gnu-tools-for-stm32.13.3.rel1.win32_1.0.0.202411081344/tools/bin/../lib/gcc/arm-none-eabi/13.3.1/../../../../arm-none-eabi/lib/thumb/v7e-m+dp/hard\libc_nano.a(libc_a-callocr.o)
                0x0800cc90                _calloc_r
 .text.__ascii_mbtowc
                0x0800ccb8       0x24 C:/ST/STM32CubeIDE_1.19.0/STM32CubeIDE/plugins/com.st.stm32cube.ide.mcu.externaltools.gnu-tools-for-stm32.13.3.rel1.win32_1.0.0.202411081344/tools/bin/../lib/gcc/arm-none-eabi/13.3.1/../../../../arm-none-eabi/lib/thumb/v7e-m+dp/hard\libc_nano.a(libc_a-mbtowc_r.o)
                0x0800ccb8                __ascii_mbtowc
 .text.__ascii_wctomb
                0x0800ccdc       0x1a C:/ST/STM32CubeIDE_1.19.0/STM32CubeIDE/plugins/com.st.stm32cube.ide.mcu.externaltools.gnu-tools-for-stm32.13.3.rel1.win32_1.0.0.202411081344/tools/bin/../lib/gcc/arm-none-eabi/13.3.1/../../../../arm-none-eabi/lib/thumb/v7e-m+dp/hard\libc_nano.a(libc_a-wctomb_r.o)
                0x0800ccdc                __ascii_wctomb
 *fill*         0x0800ccf6        0x2 
 .text.fprintf  0x0800ccf8       0x24 C:/ST/STM32CubeIDE_1.19.0/STM32CubeIDE/plugins/com.st.stm32cube.ide.mcu.externaltools.gnu-tools-for-stm32.13.3.rel1.win32_1.0.0.202411081344/tools/bin/../lib/gcc/arm-none-eabi/13.3.1/../../../../arm-none-eabi/lib/thumb/v7e-m+dp/hard\libc_nano.a(libc_a-fprintf.o)
                0x0800ccf8                fiprintf
                0x0800ccf8                fprintf
 .text.abort    0x0800cd1c        0xe C:/ST/STM32CubeIDE_1.19.0/STM32CubeIDE/plugins/com.st.stm32cube.ide.mcu.externaltools.gnu-tools-for-stm32.13.3.rel1.win32_1.0.0.202411081344/tools/bin/../lib/gcc/arm-none-eabi/13.3.1/../../../../arm-none-eabi/lib/thumb/v7e-m+dp/hard\libc_nano.a(libc_a-abort.o)
                0x0800cd1c                abort
 .text._raise_r
                0x0800cd2a       0x50 C:/ST/STM32CubeIDE_1.19.0/STM32CubeIDE/plugins/com.st.stm32cube.ide.mcu.externaltools.gnu-tools-for-stm32.13.3.rel1.win32_1.0.0.202411081344/tools/bin/../lib/gcc/arm-none-eabi/13.3.1/../../../../arm-none-eabi/lib/thumb/v7e-m+dp/hard\libc_nano.a(libc_a-signal.o)
                0x0800cd2a                _raise_r
 *fill*         0x0800cd7a        0x2 
 .text.raise    0x0800cd7c       0x10 C:/ST/STM32CubeIDE_1.19.0/STM32CubeIDE/plugins/com.st.stm32cube.ide.mcu.externaltools.gnu-tools-for-stm32.13.3.rel1.win32_1.0.0.202411081344/tools/bin/../lib/gcc/arm-none-eabi/13.3.1/../../../../arm-none-eabi/lib/thumb/v7e-m+dp/hard\libc_nano.a(libc_a-signal.o)
                0x0800cd7c                raise
 .text._kill_r  0x0800cd8c       0x24 C:/ST/STM32CubeIDE_1.19.0/STM32CubeIDE/plugins/com.st.stm32cube.ide.mcu.externaltools.gnu-tools-for-stm32.13.3.rel1.win32_1.0.0.202411081344/tools/bin/../lib/gcc/arm-none-eabi/13.3.1/../../../../arm-none-eabi/lib/thumb/v7e-m+dp/hard\libc_nano.a(libc_a-signalr.o)
                0x0800cd8c                _kill_r
 .text._getpid_r
                0x0800cdb0        0x4 C:/ST/STM32CubeIDE_1.19.0/STM32CubeIDE/plugins/com.st.stm32cube.ide.mcu.externaltools.gnu-tools-for-stm32.13.3.rel1.win32_1.0.0.202411081344/tools/bin/../lib/gcc/arm-none-eabi/13.3.1/../../../../arm-none-eabi/lib/thumb/v7e-m+dp/hard\libc_nano.a(libc_a-signalr.o)
                0x0800cdb0                _getpid_r
 .text.checkint
                0x0800cdb4       0x2e C:/ST/STM32CubeIDE_1.19.0/STM32CubeIDE/plugins/com.st.stm32cube.ide.mcu.externaltools.gnu-tools-for-stm32.13.3.rel1.win32_1.0.0.202411081344/tools/bin/../lib/gcc/arm-none-eabi/13.3.1/../../../../arm-none-eabi/lib/thumb/v7e-m+dp/hard\libm.a(libm_a-sf_pow.o)
 *fill*         0x0800cde2        0x6 
 .text.powf     0x0800cde8      0x2c0 C:/ST/STM32CubeIDE_1.19.0/STM32CubeIDE/plugins/com.st.stm32cube.ide.mcu.externaltools.gnu-tools-for-stm32.13.3.rel1.win32_1.0.0.202411081344/tools/bin/../lib/gcc/arm-none-eabi/13.3.1/../../../../arm-none-eabi/lib/thumb/v7e-m+dp/hard\libm.a(libm_a-sf_pow.o)
                0x0800cde8                powf
 .text.with_errnof
                0x0800d0a8       0x1c C:/ST/STM32CubeIDE_1.19.0/STM32CubeIDE/plugins/com.st.stm32cube.ide.mcu.externaltools.gnu-tools-for-stm32.13.3.rel1.win32_1.0.0.202411081344/tools/bin/../lib/gcc/arm-none-eabi/13.3.1/../../../../arm-none-eabi/lib/thumb/v7e-m+dp/hard\libm.a(libm_a-math_errf.o)
 .text.xflowf   0x0800d0c4       0x16 C:/ST/STM32CubeIDE_1.19.0/STM32CubeIDE/plugins/com.st.stm32cube.ide.mcu.externaltools.gnu-tools-for-stm32.13.3.rel1.win32_1.0.0.202411081344/tools/bin/../lib/gcc/arm-none-eabi/13.3.1/../../../../arm-none-eabi/lib/thumb/v7e-m+dp/hard\libm.a(libm_a-math_errf.o)
 *fill*         0x0800d0da        0x2 
 .text.__math_uflowf
                0x0800d0dc        0xc C:/ST/STM32CubeIDE_1.19.0/STM32CubeIDE/plugins/com.st.stm32cube.ide.mcu.externaltools.gnu-tools-for-stm32.13.3.rel1.win32_1.0.0.202411081344/tools/bin/../lib/gcc/arm-none-eabi/13.3.1/../../../../arm-none-eabi/lib/thumb/v7e-m+dp/hard\libm.a(libm_a-math_errf.o)
                0x0800d0dc                __math_uflowf
 .text.__math_may_uflowf
                0x0800d0e8        0xc C:/ST/STM32CubeIDE_1.19.0/STM32CubeIDE/plugins/com.st.stm32cube.ide.mcu.externaltools.gnu-tools-for-stm32.13.3.rel1.win32_1.0.0.202411081344/tools/bin/../lib/gcc/arm-none-eabi/13.3.1/../../../../arm-none-eabi/lib/thumb/v7e-m+dp/hard\libm.a(libm_a-math_errf.o)
                0x0800d0e8                __math_may_uflowf
 .text.__math_oflowf
                0x0800d0f4        0xc C:/ST/STM32CubeIDE_1.19.0/STM32CubeIDE/plugins/com.st.stm32cube.ide.mcu.externaltools.gnu-tools-for-stm32.13.3.rel1.win32_1.0.0.202411081344/tools/bin/../lib/gcc/arm-none-eabi/13.3.1/../../../../arm-none-eabi/lib/thumb/v7e-m+dp/hard\libm.a(libm_a-math_errf.o)
                0x0800d0f4                __math_oflowf
 .text.__math_divzerof
                0x0800d100       0x24 C:/ST/STM32CubeIDE_1.19.0/STM32CubeIDE/plugins/com.st.stm32cube.ide.mcu.externaltools.gnu-tools-for-stm32.13.3.rel1.win32_1.0.0.202411081344/tools/bin/../lib/gcc/arm-none-eabi/13.3.1/../../../../arm-none-eabi/lib/thumb/v7e-m+dp/hard\libm.a(libm_a-math_errf.o)
                0x0800d100                __math_divzerof
 .text.__math_invalidf
                0x0800d124       0x1e C:/ST/STM32CubeIDE_1.19.0/STM32CubeIDE/plugins/com.st.stm32cube.ide.mcu.externaltools.gnu-tools-for-stm32.13.3.rel1.win32_1.0.0.202411081344/tools/bin/../lib/gcc/arm-none-eabi/13.3.1/../../../../arm-none-eabi/lib/thumb/v7e-m+dp/hard\libm.a(libm_a-math_errf.o)
                0x0800d124                __math_invalidf
 *(.glue_7)
 .glue_7        0x0800d142        0x0 linker stubs
 *(.glue_7t)
 .glue_7t       0x0800d142        0x0 linker stubs
 *(.eh_frame)
 *fill*         0x0800d142        0x2 
 .eh_frame      0x0800d144        0x0 C:/ST/STM32CubeIDE_1.19.0/STM32CubeIDE/plugins/com.st.stm32cube.ide.mcu.externaltools.gnu-tools-for-stm32.13.3.rel1.win32_1.0.0.202411081344/tools/bin/../lib/gcc/arm-none-eabi/13.3.1/thumb/v7e-m+dp/hard/crtbegin.o
 *(.init)
 .init          0x0800d144        0x4 C:/ST/STM32CubeIDE_1.19.0/STM32CubeIDE/plugins/com.st.stm32cube.ide.mcu.externaltools.gnu-tools-for-stm32.13.3.rel1.win32_1.0.0.202411081344/tools/bin/../lib/gcc/arm-none-eabi/13.3.1/thumb/v7e-m+dp/hard/crti.o
                0x0800d144                _init
 .init          0x0800d148        0x8 C:/ST/STM32CubeIDE_1.19.0/STM32CubeIDE/plugins/com.st.stm32cube.ide.mcu.externaltools.gnu-tools-for-stm32.13.3.rel1.win32_1.0.0.202411081344/tools/bin/../lib/gcc/arm-none-eabi/13.3.1/thumb/v7e-m+dp/hard/crtn.o
 *(.fini)
 .fini          0x0800d150        0x4 C:/ST/STM32CubeIDE_1.19.0/STM32CubeIDE/plugins/com.st.stm32cube.ide.mcu.externaltools.gnu-tools-for-stm32.13.3.rel1.win32_1.0.0.202411081344/tools/bin/../lib/gcc/arm-none-eabi/13.3.1/thumb/v7e-m+dp/hard/crti.o
                0x0800d150                _fini
 .fini          0x0800d154        0x8 C:/ST/STM32CubeIDE_1.19.0/STM32CubeIDE/plugins/com.st.stm32cube.ide.mcu.externaltools.gnu-tools-for-stm32.13.3.rel1.win32_1.0.0.202411081344/tools/bin/../lib/gcc/arm-none-eabi/13.3.1/thumb/v7e-m+dp/hard/crtn.o
                0x0800d15c                        . = ALIGN (0x4)
                0x0800d15c                        _etext = .

.vfp11_veneer   0x0800d15c        0x0
 .vfp11_veneer  0x0800d15c        0x0 linker stubs

.v4_bx          0x0800d15c        0x0
 .v4_bx         0x0800d15c        0x0 linker stubs

.iplt           0x0800d15c        0x0
 .iplt          0x0800d15c        0x0 C:/ST/STM32CubeIDE_1.19.0/STM32CubeIDE/plugins/com.st.stm32cube.ide.mcu.externaltools.gnu-tools-for-stm32.13.3.rel1.win32_1.0.0.202411081344/tools/bin/../lib/gcc/arm-none-eabi/13.3.1/thumb/v7e-m+dp/hard/crtbegin.o

.rodata         0x0800d160      0xae0
                0x0800d160                        . = ALIGN (0x4)
 *(.rodata)
 .rodata        0x0800d160      0x11e ./Core/Src/BNO085_SPI_Library.o
 *fill*         0x0800d27e        0x2 
 .rodata        0x0800d280      0x1b4 ./Core/Src/freertos.o
 .rodata        0x0800d434      0x187 ./Core/Src/main.o
 *fill*         0x0800d5bb        0x1 
 .rodata        0x0800d5bc        0x5 ./Middlewares/Third_Party/FreeRTOS/Source/tasks.o
 *fill*         0x0800d5c1        0x3 
 .rodata        0x0800d5c4        0xd ./Middlewares/Third_Party/FreeRTOS/Source/timers.o
 *(.rodata*)
 *fill*         0x0800d5d1        0x3 
 .rodata.defaultTask_attributes
                0x0800d5d4       0x24 ./Core/Src/freertos.o
                0x0800d5d4                defaultTask_attributes
 .rodata.bno085Task_attributes
                0x0800d5f8       0x24 ./Core/Src/freertos.o
                0x0800d5f8                bno085Task_attributes
 .rodata.D1CorePrescTable
                0x0800d61c       0x10 ./Core/Src/system_stm32h7xx.o
                0x0800d61c                D1CorePrescTable
 .rodata.UARTPrescTable
                0x0800d62c       0x18 ./Drivers/STM32H7xx_HAL_Driver/Src/stm32h7xx_hal_uart.o
                0x0800d62c                UARTPrescTable
 .rodata.numerator.1
                0x0800d644        0x8 ./Drivers/STM32H7xx_HAL_Driver/Src/stm32h7xx_hal_uart_ex.o
 .rodata.denominator.0
                0x0800d64c        0x8 ./Drivers/STM32H7xx_HAL_Driver/Src/stm32h7xx_hal_uart_ex.o
 .rodata._printf_float.str1.1
                0x0800d654      0x171 C:/ST/STM32CubeIDE_1.19.0/STM32CubeIDE/plugins/com.st.stm32cube.ide.mcu.externaltools.gnu-tools-for-stm32.13.3.rel1.win32_1.0.0.202411081344/tools/bin/../lib/gcc/arm-none-eabi/13.3.1/../../../../arm-none-eabi/lib/thumb/v7e-m+dp/hard\libc_nano.a(libc_a-nano-vfprintf_float.o)
                                 0x12 (size before relaxing)
 .rodata._printf_i.str1.1
                0x0800d7c5       0x22 C:/ST/STM32CubeIDE_1.19.0/STM32CubeIDE/plugins/com.st.stm32cube.ide.mcu.externaltools.gnu-tools-for-stm32.13.3.rel1.win32_1.0.0.202411081344/tools/bin/../lib/gcc/arm-none-eabi/13.3.1/../../../../arm-none-eabi/lib/thumb/v7e-m+dp/hard\libc_nano.a(libc_a-nano-vfprintf_i.o)
 .rodata._dtoa_r.str1.1
                0x0800d7c5       0x8f C:/ST/STM32CubeIDE_1.19.0/STM32CubeIDE/plugins/com.st.stm32cube.ide.mcu.externaltools.gnu-tools-for-stm32.13.3.rel1.win32_1.0.0.202411081344/tools/bin/../lib/gcc/arm-none-eabi/13.3.1/../../../../arm-none-eabi/lib/thumb/v7e-m+dp/hard\libc_nano.a(libc_a-dtoa.o)
 .rodata._Balloc.str1.1
                0x0800d7c5       0x70 C:/ST/STM32CubeIDE_1.19.0/STM32CubeIDE/plugins/com.st.stm32cube.ide.mcu.externaltools.gnu-tools-for-stm32.13.3.rel1.win32_1.0.0.202411081344/tools/bin/../lib/gcc/arm-none-eabi/13.3.1/../../../../arm-none-eabi/lib/thumb/v7e-m+dp/hard\libc_nano.a(libc_a-mprec.o)
 .rodata.__multadd.str1.1
                0x0800d7c5       0x11 C:/ST/STM32CubeIDE_1.19.0/STM32CubeIDE/plugins/com.st.stm32cube.ide.mcu.externaltools.gnu-tools-for-stm32.13.3.rel1.win32_1.0.0.202411081344/tools/bin/../lib/gcc/arm-none-eabi/13.3.1/../../../../arm-none-eabi/lib/thumb/v7e-m+dp/hard\libc_nano.a(libc_a-mprec.o)
 *fill*         0x0800d7c5        0x3 
 .rodata.p05.0  0x0800d7c8        0xc C:/ST/STM32CubeIDE_1.19.0/STM32CubeIDE/plugins/com.st.stm32cube.ide.mcu.externaltools.gnu-tools-for-stm32.13.3.rel1.win32_1.0.0.202411081344/tools/bin/../lib/gcc/arm-none-eabi/13.3.1/../../../../arm-none-eabi/lib/thumb/v7e-m+dp/hard\libc_nano.a(libc_a-mprec.o)
 *fill*         0x0800d7d4        0x4 
 .rodata.__mprec_bigtens
                0x0800d7d8       0x28 C:/ST/STM32CubeIDE_1.19.0/STM32CubeIDE/plugins/com.st.stm32cube.ide.mcu.externaltools.gnu-tools-for-stm32.13.3.rel1.win32_1.0.0.202411081344/tools/bin/../lib/gcc/arm-none-eabi/13.3.1/../../../../arm-none-eabi/lib/thumb/v7e-m+dp/hard\libc_nano.a(libc_a-mprec.o)
                0x0800d7d8                __mprec_bigtens
 .rodata.__mprec_tens
                0x0800d800       0xc8 C:/ST/STM32CubeIDE_1.19.0/STM32CubeIDE/plugins/com.st.stm32cube.ide.mcu.externaltools.gnu-tools-for-stm32.13.3.rel1.win32_1.0.0.202411081344/tools/bin/../lib/gcc/arm-none-eabi/13.3.1/../../../../arm-none-eabi/lib/thumb/v7e-m+dp/hard\libc_nano.a(libc_a-mprec.o)
                0x0800d800                __mprec_tens
 .rodata._vfprintf_r.str1.1
                0x0800d8c8       0x11 C:/ST/STM32CubeIDE_1.19.0/STM32CubeIDE/plugins/com.st.stm32cube.ide.mcu.externaltools.gnu-tools-for-stm32.13.3.rel1.win32_1.0.0.202411081344/tools/bin/../lib/gcc/arm-none-eabi/13.3.1/../../../../arm-none-eabi/lib/thumb/v7e-m+dp/hard\libc_nano.a(libc_a-nano-vfprintf.o)
 .rodata._setlocale_r.str1.1
                0x0800d8c8        0x9 C:/ST/STM32CubeIDE_1.19.0/STM32CubeIDE/plugins/com.st.stm32cube.ide.mcu.externaltools.gnu-tools-for-stm32.13.3.rel1.win32_1.0.0.202411081344/tools/bin/../lib/gcc/arm-none-eabi/13.3.1/../../../../arm-none-eabi/lib/thumb/v7e-m+dp/hard\libc_nano.a(libc_a-locale.o)
 .rodata.str1.1
                0x0800d8c8        0x2 C:/ST/STM32CubeIDE_1.19.0/STM32CubeIDE/plugins/com.st.stm32cube.ide.mcu.externaltools.gnu-tools-for-stm32.13.3.rel1.win32_1.0.0.202411081344/tools/bin/../lib/gcc/arm-none-eabi/13.3.1/../../../../arm-none-eabi/lib/thumb/v7e-m+dp/hard\libc_nano.a(libc_a-locale.o)
 .rodata.__assert_func.str1.1
                0x0800d8c8       0x3d C:/ST/STM32CubeIDE_1.19.0/STM32CubeIDE/plugins/com.st.stm32cube.ide.mcu.externaltools.gnu-tools-for-stm32.13.3.rel1.win32_1.0.0.202411081344/tools/bin/../lib/gcc/arm-none-eabi/13.3.1/../../../../arm-none-eabi/lib/thumb/v7e-m+dp/hard\libc_nano.a(libc_a-assert.o)
 .rodata._ctype_
                0x0800d8c8      0x101 C:/ST/STM32CubeIDE_1.19.0/STM32CubeIDE/plugins/com.st.stm32cube.ide.mcu.externaltools.gnu-tools-for-stm32.13.3.rel1.win32_1.0.0.202411081344/tools/bin/../lib/gcc/arm-none-eabi/13.3.1/../../../../arm-none-eabi/lib/thumb/v7e-m+dp/hard\libc_nano.a(libc_a-ctype_.o)
                0x0800d8c8                _ctype_
 *fill*         0x0800d9c9        0x7 
 .rodata.__exp2f_data
                0x0800d9d0      0x148 C:/ST/STM32CubeIDE_1.19.0/STM32CubeIDE/plugins/com.st.stm32cube.ide.mcu.externaltools.gnu-tools-for-stm32.13.3.rel1.win32_1.0.0.202411081344/tools/bin/../lib/gcc/arm-none-eabi/13.3.1/../../../../arm-none-eabi/lib/thumb/v7e-m+dp/hard\libm.a(libm_a-sf_exp2_data.o)
                0x0800d9d0                __exp2f_data
 .rodata.__powf_log2_data
                0x0800db18      0x128 C:/ST/STM32CubeIDE_1.19.0/STM32CubeIDE/plugins/com.st.stm32cube.ide.mcu.externaltools.gnu-tools-for-stm32.13.3.rel1.win32_1.0.0.202411081344/tools/bin/../lib/gcc/arm-none-eabi/13.3.1/../../../../arm-none-eabi/lib/thumb/v7e-m+dp/hard\libm.a(libm_a-sf_pow_log2_data.o)
                0x0800db18                __powf_log2_data
                0x0800dc40                        . = ALIGN (0x4)

.ARM.extab
 *(.ARM.extab* .gnu.linkonce.armextab.*)

.ARM            0x0800dc40        0x8
                0x0800dc40                        __exidx_start = .
 *(.ARM.exidx*)
 .ARM.exidx     0x0800dc40        0x8 C:/ST/STM32CubeIDE_1.19.0/STM32CubeIDE/plugins/com.st.stm32cube.ide.mcu.externaltools.gnu-tools-for-stm32.13.3.rel1.win32_1.0.0.202411081344/tools/bin/../lib/gcc/arm-none-eabi/13.3.1/../../../../arm-none-eabi/lib/thumb/v7e-m+dp/hard\libc_nano.a(libc_a-memchr.o)
 .ARM.exidx     0x0800dc48        0x0 C:/ST/STM32CubeIDE_1.19.0/STM32CubeIDE/plugins/com.st.stm32cube.ide.mcu.externaltools.gnu-tools-for-stm32.13.3.rel1.win32_1.0.0.202411081344/tools/bin/../lib/gcc/arm-none-eabi/13.3.1/../../../../arm-none-eabi/lib/thumb/v7e-m+dp/hard\libc_nano.a(libc_a-strlen.o)
                                  0x8 (size before relaxing)
 .ARM.exidx     0x0800dc48        0x0 C:/ST/STM32CubeIDE_1.19.0/STM32CubeIDE/plugins/com.st.stm32cube.ide.mcu.externaltools.gnu-tools-for-stm32.13.3.rel1.win32_1.0.0.202411081344/tools/bin/../lib/gcc/arm-none-eabi/13.3.1/thumb/v7e-m+dp/hard\libgcc.a(_udivmoddi4.o)
                                  0x8 (size before relaxing)
                0x0800dc48                        __exidx_end = .

.preinit_array  0x0800dc48        0x0
                0x0800dc48                        PROVIDE (__preinit_array_start = .)
 *(.preinit_array*)
                0x0800dc48                        PROVIDE (__preinit_array_end = .)

.init_array     0x0800dc48        0x4
                0x0800dc48                        PROVIDE (__init_array_start = .)
 *(SORT_BY_NAME(.init_array.*))
 *(.init_array*)
 .init_array    0x0800dc48        0x4 C:/ST/STM32CubeIDE_1.19.0/STM32CubeIDE/plugins/com.st.stm32cube.ide.mcu.externaltools.gnu-tools-for-stm32.13.3.rel1.win32_1.0.0.202411081344/tools/bin/../lib/gcc/arm-none-eabi/13.3.1/thumb/v7e-m+dp/hard/crtbegin.o
                0x0800dc4c                        PROVIDE (__init_array_end = .)

.fini_array     0x0800dc4c        0x4
                [!provide]                        PROVIDE (__fini_array_start = .)
 *(SORT_BY_NAME(.fini_array.*))
 *(.fini_array*)
 .fini_array    0x0800dc4c        0x4 C:/ST/STM32CubeIDE_1.19.0/STM32CubeIDE/plugins/com.st.stm32cube.ide.mcu.externaltools.gnu-tools-for-stm32.13.3.rel1.win32_1.0.0.202411081344/tools/bin/../lib/gcc/arm-none-eabi/13.3.1/thumb/v7e-m+dp/hard/crtbegin.o
                [!provide]                        PROVIDE (__fini_array_end = .)
                0x0800dc50                        _sidata = LOADADDR (.data)

.rel.dyn        0x0800dc50        0x0
 .rel.iplt      0x0800dc50        0x0 C:/ST/STM32CubeIDE_1.19.0/STM32CubeIDE/plugins/com.st.stm32cube.ide.mcu.externaltools.gnu-tools-for-stm32.13.3.rel1.win32_1.0.0.202411081344/tools/bin/../lib/gcc/arm-none-eabi/13.3.1/thumb/v7e-m+dp/hard/crtbegin.o

.data           0x24000000      0x1e0 load address 0x0800dc50
                0x24000000                        . = ALIGN (0x4)
                0x24000000                        _sdata = .
 *(.data)
 *(.data*)
 .data.rotationVector_Q1
                0x24000000        0x2 ./Core/Src/BNO085_SPI_Library.o
                0x24000000                rotationVector_Q1
 .data.accelerometer_Q1
                0x24000002        0x2 ./Core/Src/BNO085_SPI_Library.o
                0x24000002                accelerometer_Q1
 .data.SystemCoreClock
                0x24000004        0x4 ./Core/Src/system_stm32h7xx.o
                0x24000004                SystemCoreClock
 .data.SystemD2Clock
                0x24000008        0x4 ./Core/Src/system_stm32h7xx.o
                0x24000008                SystemD2Clock
 .data.uwTickPrio
                0x2400000c        0x4 ./Drivers/STM32H7xx_HAL_Driver/Src/stm32h7xx_hal.o
                0x2400000c                uwTickPrio
 .data.uwTickFreq
                0x24000010        0x1 ./Drivers/STM32H7xx_HAL_Driver/Src/stm32h7xx_hal.o
                0x24000010                uwTickFreq
 *fill*         0x24000011        0x3 
 .data.uxCriticalNesting
                0x24000014        0x4 ./Middlewares/Third_Party/FreeRTOS/Source/portable/GCC/ARM_CM4F/port.o
 .data.__sglue  0x24000018        0xc C:/ST/STM32CubeIDE_1.19.0/STM32CubeIDE/plugins/com.st.stm32cube.ide.mcu.externaltools.gnu-tools-for-stm32.13.3.rel1.win32_1.0.0.202411081344/tools/bin/../lib/gcc/arm-none-eabi/13.3.1/../../../../arm-none-eabi/lib/thumb/v7e-m+dp/hard\libc_nano.a(libc_a-findfp.o)
                0x24000018                __sglue
 .data._impure_ptr