Archive member included to satisfy reference by file (symbol)

C:/ST/STM32CubeIDE_1.17.0/STM32CubeIDE/plugins/com.st.stm32cube.ide.mcu.externaltools.gnu-tools-for-stm32.13.3.rel1.win32_1.0.0.202411081344/tools/bin/../lib/gcc/arm-none-eabi/13.3.1/../../../../arm-none-eabi/lib/thumb/v7e-m+dp/hard\libc_nano.a(libc_a-exit.o)
                              C:/ST/STM32CubeIDE_1.17.0/STM32CubeIDE/plugins/com.st.stm32cube.ide.mcu.externaltools.gnu-tools-for-stm32.13.3.rel1.win32_1.0.0.202411081344/tools/bin/../lib/gcc/arm-none-eabi/13.3.1/../../../../arm-none-eabi/lib/thumb/v7e-m+dp/hard/crt0.o (exit)
C:/ST/STM32CubeIDE_1.17.0/STM32CubeIDE/plugins/com.st.stm32cube.ide.mcu.externaltools.gnu-tools-for-stm32.13.3.rel1.win32_1.0.0.202411081344/tools/bin/../lib/gcc/arm-none-eabi/13.3.1/../../../../arm-none-eabi/lib/thumb/v7e-m+dp/hard\libc_nano.a(libc_a-nano-vfprintf_float.o)
                              (_printf_float)
C:/ST/STM32CubeIDE_1.17.0/STM32CubeIDE/plugins/com.st.stm32cube.ide.mcu.externaltools.gnu-tools-for-stm32.13.3.rel1.win32_1.0.0.202411081344/tools/bin/../lib/gcc/arm-none-eabi/13.3.1/../../../../arm-none-eabi/lib/thumb/v7e-m+dp/hard\libc_nano.a(libc_a-nano-vfprintf_i.o)
                              C:/ST/STM32CubeIDE_1.17.0/STM32CubeIDE/plugins/com.st.stm32cube.ide.mcu.externaltools.gnu-tools-for-stm32.13.3.rel1.win32_1.0.0.202411081344/tools/bin/../lib/gcc/arm-none-eabi/13.3.1/../../../../arm-none-eabi/lib/thumb/v7e-m+dp/hard\libc_nano.a(libc_a-nano-vfprintf_float.o) (_printf_common)
C:/ST/STM32CubeIDE_1.17.0/STM32CubeIDE/plugins/com.st.stm32cube.ide.mcu.externaltools.gnu-tools-for-stm32.13.3.rel1.win32_1.0.0.202411081344/tools/bin/../lib/gcc/arm-none-eabi/13.3.1/../../../../arm-none-eabi/lib/thumb/v7e-m+dp/hard\libc_nano.a(libc_a-findfp.o)
                              ./Middlewares/Third_Party/FreeRTOS/Source/tasks.o (__sf)
C:/ST/STM32CubeIDE_1.17.0/STM32CubeIDE/plugins/com.st.stm32cube.ide.mcu.externaltools.gnu-tools-for-stm32.13.3.rel1.win32_1.0.0.202411081344/tools/bin/../lib/gcc/arm-none-eabi/13.3.1/../../../../arm-none-eabi/lib/thumb/v7e-m+dp/hard\libc_nano.a(libc_a-fwalk.o)
                              C:/ST/STM32CubeIDE_1.17.0/STM32CubeIDE/plugins/com.st.stm32cube.ide.mcu.externaltools.gnu-tools-for-stm32.13.3.rel1.win32_1.0.0.202411081344/tools/bin/../lib/gcc/arm-none-eabi/13.3.1/../../../../arm-none-eabi/lib/thumb/v7e-m+dp/hard\libc_nano.a(libc_a-findfp.o) (_fwalk_sglue)
C:/ST/STM32CubeIDE_1.17.0/STM32CubeIDE/plugins/com.st.stm32cube.ide.mcu.externaltools.gnu-tools-for-stm32.13.3.rel1.win32_1.0.0.202411081344/tools/bin/../lib/gcc/arm-none-eabi/13.3.1/../../../../arm-none-eabi/lib/thumb/v7e-m+dp/hard\libc_nano.a(libc_a-printf.o)
                              ./Core/Src/Xbee.o (printf)
C:/ST/STM32CubeIDE_1.17.0/STM32CubeIDE/plugins/com.st.stm32cube.ide.mcu.externaltools.gnu-tools-for-stm32.13.3.rel1.win32_1.0.0.202411081344/tools/bin/../lib/gcc/arm-none-eabi/13.3.1/../../../../arm-none-eabi/lib/thumb/v7e-m+dp/hard\libc_nano.a(libc_a-puts.o)
                              ./Core/Src/NEO_M9_UART.o (puts)
C:/ST/STM32CubeIDE_1.17.0/STM32CubeIDE/plugins/com.st.stm32cube.ide.mcu.externaltools.gnu-tools-for-stm32.13.3.rel1.win32_1.0.0.202411081344/tools/bin/../lib/gcc/arm-none-eabi/13.3.1/../../../../arm-none-eabi/lib/thumb/v7e-m+dp/hard\libc_nano.a(libc_a-stdio.o)
                              C:/ST/STM32CubeIDE_1.17.0/STM32CubeIDE/plugins/com.st.stm32cube.ide.mcu.externaltools.gnu-tools-for-stm32.13.3.rel1.win32_1.0.0.202411081344/tools/bin/../lib/gcc/arm-none-eabi/13.3.1/../../../../arm-none-eabi/lib/thumb/v7e-m+dp/hard\libc_nano.a(libc_a-findfp.o) (__sread)
C:/ST/STM32CubeIDE_1.17.0/STM32CubeIDE/plugins/com.st.stm32cube.ide.mcu.externaltools.gnu-tools-for-stm32.13.3.rel1.win32_1.0.0.202411081344/tools/bin/../lib/gcc/arm-none-eabi/13.3.1/../../../../arm-none-eabi/lib/thumb/v7e-m+dp/hard\libc_nano.a(libc_a-wbuf.o)
                              C:/ST/STM32CubeIDE_1.17.0/STM32CubeIDE/plugins/com.st.stm32cube.ide.mcu.externaltools.gnu-tools-for-stm32.13.3.rel1.win32_1.0.0.202411081344/tools/bin/../lib/gcc/arm-none-eabi/13.3.1/../../../../arm-none-eabi/lib/thumb/v7e-m+dp/hard\libc_nano.a(libc_a-puts.o) (__swbuf_r)
C:/ST/STM32CubeIDE_1.17.0/STM32CubeIDE/plugins/com.st.stm32cube.ide.mcu.externaltools.gnu-tools-for-stm32.13.3.rel1.win32_1.0.0.202411081344/tools/bin/../lib/gcc/arm-none-eabi/13.3.1/../../../../arm-none-eabi/lib/thumb/v7e-m+dp/hard\libc_nano.a(libc_a-wsetup.o)
                              C:/ST/STM32CubeIDE_1.17.0/STM32CubeIDE/plugins/com.st.stm32cube.ide.mcu.externaltools.gnu-tools-for-stm32.13.3.rel1.win32_1.0.0.202411081344/tools/bin/../lib/gcc/arm-none-eabi/13.3.1/../../../../arm-none-eabi/lib/thumb/v7e-m+dp/hard\libc_nano.a(libc_a-puts.o) (__swsetup_r)
[...]
Memory Configuration

Name             Origin             Length             Attributes
FLASH            0x08000000         0x00200000         xr
DTCMRAM          0x20000000         0x00020000         xrw
RAM_D1           0x24000000         0x00080000         xrw
RAM_D2           0x30000000         0x00048000         xrw
RAM_D3           0x38000000         0x00010000         xrw
ITCMRAM          0x00000000         0x00010000         xrw
*default*        0x00000000         0xffffffff

Linker script and memory map

LOAD C:/ST/STM32CubeIDE_1.17.0/STM32CubeIDE/plugins/com.st.stm32cube.ide.mcu.externaltools.gnu-tools-for-stm32.13.3.rel1.win32_1.0.0.202411081344/tools/bin/../lib/gcc/arm-none-eabi/13.3.1/thumb/v7e-m+dp/hard/crti.o
LOAD C:/ST/STM32CubeIDE_1.17.0/STM32CubeIDE/plugins/com.st.stm32cube.ide.mcu.externaltools.gnu-tools-for-stm32.13.3.rel1.win32_1.0.0.202411081344/tools/bin/../lib/gcc/arm-none-eabi/13.3.1/thumb/v7e-m+dp/hard/crtbegin.o
LOAD C:/ST/STM32CubeIDE_1.17.0/STM32CubeIDE/plugins/com.st.stm32cube.ide.mcu.externaltools.gnu-tools-for-stm32.13.3.rel1.win32_1.0.0.202411081344/tools/bin/../lib/gcc/arm-none-eabi/13.3.1/../../../../arm-none-eabi/lib/thumb/v7e-m+dp/hard/crt0.o
LOAD ./Core/Src/BNO085_SPI_Library.o
LOAD ./Core/Src/Hardware_Init.o
LOAD ./Core/Src/NEO_M9_UART.o
LOAD ./Core/Src/Servo.o
LOAD ./Core/Src/Xbee.o
LOAD ./Core/Src/freertos.o
LOAD ./Core/Src/main.o
LOAD ./Core/Src/spi.o
LOAD ./Core/Src/stm32h7xx_hal_msp.o
LOAD ./Core/Src/stm32h7xx_hal_timebase_tim.o
LOAD ./Core/Src/stm32h7xx_it.o
LOAD ./Core/Src/syscalls.o
LOAD ./Core/Src/sysmem.o
LOAD ./Core/Src/system_stm32h7xx.o
LOAD ./Core/Startup/startup_stm32h753zitx.o
LOAD ./Drivers/STM32H7xx_HAL_Driver/Src/stm32h7xx_hal.o
LOAD ./Drivers/STM32H7xx_HAL_Driver/Src/stm32h7xx_hal_cortex.o
LOAD ./Drivers/STM32H7xx_HAL_Driver/Src/stm32h7xx_hal_dma.o
LOAD ./Drivers/STM32H7xx_HAL_Driver/Src/stm32h7xx_hal_dma_ex.o
LOAD ./Drivers/STM32H7xx_HAL_Driver/Src/stm32h7xx_hal_exti.o
LOAD ./Drivers/STM32H7xx_HAL_Driver/Src/stm32h7xx_hal_flash.o
LOAD ./Drivers/STM32H7xx_HAL_Driver/Src/stm32h7xx_hal_flash_ex.o
LOAD ./Drivers/STM32H7xx_HAL_Driver/Src/stm32h7xx_hal_gpio.o
LOAD ./Drivers/STM32H7xx_HAL_Driver/Src/stm32h7xx_hal_hsem.o
LOAD ./Drivers/STM32H7xx_HAL_Driver/Src/stm32h7xx_hal_i2c.o
LOAD ./Drivers/STM32H7xx_HAL_Driver/Src/stm32h7xx_hal_i2c_ex.o
LOAD ./Drivers/STM32H7xx_HAL_Driver/Src/stm32h7xx_hal_mdma.o
LOAD ./Drivers/STM32H7xx_HAL_Driver/Src/stm32h7xx_hal_pwr.o
LOAD ./Drivers/STM32H7xx_HAL_Driver/Src/stm32h7xx_hal_pwr_ex.o
LOAD ./Drivers/STM32H7xx_HAL_Driver/Src/stm32h7xx_hal_rcc.o
LOAD ./Drivers/STM32H7xx_HAL_Driver/Src/stm32h7xx_hal_rcc_ex.o
LOAD ./Drivers/STM32H7xx_HAL_Driver/Src/stm32h7xx_hal_spi.o
LOAD ./Drivers/STM32H7xx_HAL_Driver/Src/stm32h7xx_hal_spi_ex.o
LOAD ./Drivers/STM32H7xx_HAL_Driver/Src/stm32h7xx_hal_tim.o
LOAD ./Drivers/STM32H7xx_HAL_Driver/Src/stm32h7xx_hal_tim_ex.o
LOAD ./Drivers/STM32H7xx_HAL_Driver/Src/stm32h7xx_hal_uart.o
LOAD ./Drivers/STM32H7xx_HAL_Driver/Src/stm32h7xx_hal_uart_ex.o
LOAD ./Middlewares/Third_Party/FreeRTOS/Source/CMSIS_RTOS_V2/cmsis_os2.o
LOAD ./Middlewares/Third_Party/FreeRTOS/Source/croutine.o
LOAD ./Middlewares/Third_Party/FreeRTOS/Source/event_groups.o
LOAD ./Middlewares/Third_Party/FreeRTOS/Source/list.o
LOAD ./Middlewares/Third_Party/FreeRTOS/Source/queue.o
LOAD ./Middlewares/Third_Party/FreeRTOS/Source/stream_buffer.o
LOAD ./Middlewares/Third_Party/FreeRTOS/Source/tasks.o
LOAD ./Middlewares/Third_Party/FreeRTOS/Source/timers.o
LOAD ./Middlewares/Third_Party/FreeRTOS/Source/portable/GCC/ARM_CM4F/port.o
LOAD ./Middlewares/Third_Party/FreeRTOS/Source/portable/MemMang/heap_4.o
START GROUP
LOAD C:/ST/STM32CubeIDE_1.17.0/STM32CubeIDE/plugins/com.st.stm32cube.ide.mcu.externaltools.gnu-tools-for-stm32.13.3.rel1.win32_1.0.0.202411081344/tools/bin/../lib/gcc/arm-none-eabi/13.3.1/../../../../arm-none-eabi/lib/thumb/v7e-m+dp/hard\libc_nano.a
LOAD C:/ST/STM32CubeIDE_1.17.0/STM32CubeIDE/plugins/com.st.stm32cube.ide.mcu.externaltools.gnu-tools-for-stm32.13.3.rel1.win32_1.0.0.202411081344/tools/bin/../lib/gcc/arm-none-eabi/13.3.1/../../../../arm-none-eabi/lib/thumb/v7e-m+dp/hard\libm.a
END GROUP
START GROUP
LOAD C:/ST/STM32CubeIDE_1.17.0/STM32CubeIDE/plugins/com.st.stm32cube.ide.mcu.externaltools.gnu-tools-for-stm32.13.3.rel1.win32_1.0.0.202411081344/tools/bin/../lib/gcc/arm-none-eabi/13.3.1/thumb/v7e-m+dp/hard\libgcc.a
LOAD C:/ST/STM32CubeIDE_1.17.0/STM32CubeIDE/plugins/com.st.stm32cube.ide.mcu.externaltools.gnu-tools-for-stm32.13.3.rel1.win32_1.0.0.202411081344/tools/bin/../lib/gcc/arm-none-eabi/13.3.1/../../../../arm-none-eabi/lib/thumb/v7e-m+dp/hard\libc_nano.a
END GROUP
START GROUP
LOAD C:/ST/STM32CubeIDE_1.17.0/STM32CubeIDE/plugins/com.st.stm32cube.ide.mcu.externaltools.gnu-tools-for-stm32.13.3.rel1.win32_1.0.0.202411081344/tools/bin/../lib/gcc/arm-none-eabi/13.3.1/thumb/v7e-m+dp/hard\libgcc.a
LOAD C:/ST/STM32CubeIDE_1.17.0/STM32CubeIDE/plugins/com.st.stm32cube.ide.mcu.externaltools.gnu-tools-for-stm32.13.3.rel1.win32_1.0.0.202411081344/tools/bin/../lib/gcc/arm-none-eabi/13.3.1/../../../../arm-none-eabi/lib/thumb/v7e-m+dp/hard\libc_nano.a
LOAD C:/ST/STM32CubeIDE_1.17.0/STM32CubeIDE/plugins/com.st.stm32cube.ide.mcu.externaltools.gnu-tools-for-stm32.13.3.rel1.win32_1.0.0.202411081344/tools/bin/../lib/gcc/arm-none-eabi/13.3.1/../../../../arm-none-eabi/lib/thumb/v7e-m+dp/hard\libnosys.a
END GROUP
START GROUP
LOAD C:/ST/STM32CubeIDE_1.17.0/STM32CubeIDE/plugins/com.st.stm32cube.ide.mcu.externaltools.gnu-tools-for-stm32.13.3.rel1.win32_1.0.0.202411081344/tools/bin/../lib/gcc/arm-none-eabi/13.3.1/thumb/v7e-m+dp/hard\libgcc.a
LOAD C:/ST/STM32CubeIDE_1.17.0/STM32CubeIDE/plugins/com.st.stm32cube.ide.mcu.externaltools.gnu-tools-for-stm32.13.3.rel1.win32_1.0.0.202411081344/tools/bin/../lib/gcc/arm-none-eabi/13.3.1/../../../../arm-none-eabi/lib/thumb/v7e-m+dp/hard\libc_nano.a
LOAD C:/ST/STM32CubeIDE_1.17.0/STM32CubeIDE/plugins/com.st.stm32cube.ide.mcu.externaltools.gnu-tools-for-stm32.13.3.rel1.win32_1.0.0.202411081344/tools/bin/../lib/gcc/arm-none-eabi/13.3.1/../../../../arm-none-eabi/lib/thumb/v7e-m+dp/hard\libnosys.a
END GROUP
LOAD C:/ST/STM32CubeIDE_1.17.0/STM32CubeIDE/plugins/com.st.stm32cube.ide.mcu.externaltools.gnu-tools-for-stm32.13.3.rel1.win32_1.0.0.202411081344/tools/bin/../lib/gcc/arm-none-eabi/13.3.1/thumb/v7e-m+dp/hard/crtend.o
LOAD C:/ST/STM32CubeIDE_1.17.0/STM32CubeIDE/plugins/com.st.stm32cube.ide.mcu.externaltools.gnu-tools-for-stm32.13.3.rel1.win32_1.0.0.202411081344/tools/bin/../lib/gcc/arm-none-eabi/13.3.1/thumb/v7e-m+dp/hard/crtn.o
                0x24080000                        _estack = (ORIGIN (RAM_D1) + LENGTH (RAM_D1))
                0x00000200                        _Min_Heap_Size = 0x200
                0x00000400                        _Min_Stack_Size = 0x400

.isr_vector     0x08000000      0x298
                0x08000000                        . = ALIGN (0x4)
 *(.isr_vector)
 .isr_vector    0x08000000      0x298 ./Core/Startup/startup_stm32h753zitx.o
                0x08000000                g_pfnVectors
                0x08000298                        . = ALIGN (0x4)

.text           0x080002a0    0x167bc
                0x080002a0                        . = ALIGN (0x4)
 *(.text)
 .text          0x080002a0       0x40 C:/ST/STM32CubeIDE_1.17.0/STM32CubeIDE/plugins/com.st.stm32cube.ide.mcu.externaltools.gnu-tools-for-stm32.13.3.rel1.win32_1.0.0.202411081344/tools/bin/../lib/gcc/arm-none-eabi/13.3.1/thumb/v7e-m+dp/hard/crtbegin.o
 .text          0x080002e0       0xa0 C:/ST/STM32CubeIDE_1.17.0/STM32CubeIDE/plugins/com.st.stm32cube.ide.mcu.externaltools.gnu-tools-for-stm32.13.3.rel1.win32_1.0.0.202411081344/tools/bin/../lib/gcc/arm-none-eabi/13.3.1/../../../../arm-none-eabi/lib/thumb/v7e-m+dp/hard\libc_nano.a(libc_a-memchr.o)
                0x080002e0                memchr
 .text          0x08000380       0x10 C:/ST/STM32CubeIDE_1.17.0/STM32CubeIDE/plugins/com.st.stm32cube.ide.mcu.externaltools.gnu-tools-for-stm32.13.3.rel1.win32_1.0.0.202411081344/tools/bin/../lib/gcc/arm-none-eabi/13.3.1/../../../../arm-none-eabi/lib/thumb/v7e-m+dp/hard\libc_nano.a(libc_a-strlen.o)
                0x08000380                strlen
 .text          0x08000390       0x30 C:/ST/STM32CubeIDE_1.17.0/STM32CubeIDE/plugins/com.st.stm32cube.ide.mcu.externaltools.gnu-tools-for-stm32.13.3.rel1.win32_1.0.0.202411081344/tools/bin/../lib/gcc/arm-none-eabi/13.3.1/thumb/v7e-m+dp/hard\libgcc.a(_aeabi_uldivmod.o)
                0x08000390                __aeabi_uldivmod
 .text          0x080003c0      0x2f8 C:/ST/STM32CubeIDE_1.17.0/STM32CubeIDE/plugins/com.st.stm32cube.ide.mcu.externaltools.gnu-tools-for-stm32.13.3.rel1.win32_1.0.0.202411081344/tools/bin/../lib/gcc/arm-none-eabi/13.3.1/thumb/v7e-m+dp/hard\libgcc.a(_udivmoddi4.o)
                0x080003c0                __udivmoddi4
 .text          0x080006b8        0x4 C:/ST/STM32CubeIDE_1.17.0/STM32CubeIDE/plugins/com.st.stm32cube.ide.mcu.externaltools.gnu-tools-for-stm32.13.3.rel1.win32_1.0.0.202411081344/tools/bin/../lib/gcc/arm-none-eabi/13.3.1/thumb/v7e-m+dp/hard\libgcc.a(_dvmd_tls.o)
                0x080006b8                __aeabi_idiv0
                0x080006b8                __aeabi_ldiv0
 *(.text*)
 .text.SPI_Transmit
                0x080006bc       0x2c ./Core/Src/BNO085_SPI_Library.o
                0x080006bc                SPI_Transmit
 .text.SPI_TransmitReceive_Return_Byte
                0x080006e8       0x30 ./Core/Src/BNO085_SPI_Library.o
                0x080006e8                SPI_TransmitReceive_Return_Byte
 .text.rstn     0x08000718       0x28 ./Core/Src/BNO085_SPI_Library.o
 .text.csn      0x08000740       0x28 ./Core/Src/BNO085_SPI_Library.o
 .text.reset_Hardware
                0x08000768       0x5a ./Core/Src/BNO085_SPI_Library.o
 .text.wait_for_INTN
                0x080007c2       0x54 ./Core/Src/BNO085_SPI_Library.o
 .text.check_INTN
                0x08000816       0x34 ./Core/Src/BNO085_SPI_Library.o
 .text.fixpoint_to_float
                0x0800084a       0x58 ./Core/Src/BNO085_SPI_Library.o
 .text.receive_Data
                0x080008a2      0x180 ./Core/Src/BNO085_SPI_Library.o
                0x080008a2                receive_Data
 .text.send_Data
                0x08000a22       0xcc ./Core/Src/BNO085_SPI_Library.o
 .text.set_FeatureCommand
                0x08000aee       0xc8 ./Core/Src/BNO085_SPI_Library.o
 *fill*         0x08000bb6        0x2 
 .text.parse_InputReport
                0x08000bb8      0x2ac ./Core/Src/BNO085_SPI_Library.o
                0x08000bb8                parse_InputReport
 .text.get_Readings
                0x08000e64       0x5c ./Core/Src/BNO085_SPI_Library.o
 .text.register_Sensor
                0x08000ec0       0x50 ./Core/Src/BNO085_SPI_Library.o
                0x08000ec0                register_Sensor
 .text.clear_init_Message_IMU
                0x08000f10       0x44 ./Core/Src/BNO085_SPI_Library.o
                0x08000f10                clear_init_Message_IMU
 .text.hardreset_IMU
                0x08000f54       0x28 ./Core/Src/BNO085_SPI_Library.o
                0x08000f54                hardreset_IMU
 .text.get_and_clear_Reset_Status
                0x08000f7c       0x2a ./Core/Src/BNO085_SPI_Library.o
                0x08000f7c                get_and_clear_Reset_Status
 .text.enable_GameRotationVector
                0x08000fa6       0x36 ./Core/Src/BNO085_SPI_Library.o
                0x08000fa6                enable_GameRotationVector
 .text.enable_LinearAcceleration
                0x08000fdc       0x2a ./Core/Src/BNO085_SPI_Library.o
                0x08000fdc                enable_LinearAcceleration
 .text.enable_Gyroscope
                0x08001006       0x2a ./Core/Src/BNO085_SPI_Library.o
                0x08001006                enable_Gyroscope
 .text.tare_now
                0x08001030       0x74 ./Core/Src/BNO085_SPI_Library.o
                0x08001030                tare_now
 .text.data_available
                0x080010a4       0x32 ./Core/Src/BNO085_SPI_Library.o
                0x080010a4                data_available
 *fill*         0x080010d6        0x2 
 .text.get_LinearAcceleration_X
                0x080010d8       0x34 ./Core/Src/BNO085_SPI_Library.o
                0x080010d8                get_LinearAcceleration_X
 .text.get_LinearAcceleration_Y
                0x0800110c       0x34 ./Core/Src/BNO085_SPI_Library.o
                0x0800110c                get_LinearAcceleration_Y
 .text.get_LinearAcceleration_Z
                0x08001140       0x34 ./Core/Src/BNO085_SPI_Library.o
                0x08001140                get_LinearAcceleration_Z
 .text.get_Gyroscope_X
                0x08001174       0x30 ./Core/Src/BNO085_SPI_Library.o
                0x08001174                get_Gyroscope_X
 .text.get_Gyroscope_Y
                0x080011a4       0x30 ./Core/Src/BNO085_SPI_Library.o
                0x080011a4                get_Gyroscope_Y
 .text.get_Gyroscope_Z
                0x080011d4       0x30 ./Core/Src/BNO085_SPI_Library.o
                0x080011d4                get_Gyroscope_Z
 .text.get_Quat_I
                0x08001204       0x34 ./Core/Src/BNO085_SPI_Library.o
                0x08001204                get_Quat_I
 .text.get_Quat_J
                0x08001238       0x34 ./Core/Src/BNO085_SPI_Library.o
                0x08001238                get_Quat_J
 .text.get_Quat_K
                0x0800126c       0x34 ./Core/Src/BNO085_SPI_Library.o
                0x0800126c                get_Quat_K
 .text.get_Quat_Real
                0x080012a0       0x34 ./Core/Src/BNO085_SPI_Library.o
                0x080012a0                get_Quat_Real
 .text.get_Quat_Accuracy
                0x080012d4       0x1c ./Core/Src/BNO085_SPI_Library.o
                0x080012d4                get_Quat_Accuracy
 .text.HAL_Init_GPIO_Sensor
                0x080012f0       0x54 ./Core/Src/Hardware_Init.o
 .text.init_GPIO_IMU
                0x08001344       0x28 ./Core/Src/Hardware_Init.o
                0x08001344                init_GPIO_IMU
 .text.init_Hardware_BNO085
                0x0800136c       0x2c ./Core/Src/Hardware_Init.o
                0x0800136c                init_Hardware_BNO085
 .text.calculate_checksum
                0x08001398       0x62 ./Core/Src/NEO_M9_UART.o
 *fill*         0x080013fa        0x2 
 .text.M9N_Init
                0x080013fc      0x108 ./Core/Src/NEO_M9_UART.o
                0x080013fc                M9N_Init
 .text.processGPS
                0x08001504      0x1a4 ./Core/Src/NEO_M9_UART.o
                0x08001504                processGPS
 .text.servo_init
                0x080016a8       0x34 ./Core/Src/Servo.o
                0x080016a8                servo_init
 .text.__NVIC_GetEnableIRQ
                0x080016dc       0x40 ./Core/Src/Xbee.o
 .text.xbee_init
                0x0800171c       0xcc ./Core/Src/Xbee.o
                0x0800171c                xbee_init
 .text.HAL_UART_RxCpltCallback
                0x080017e8       0x74 ./Core/Src/Xbee.o
                0x080017e8                HAL_UART_RxCpltCallback
 .text.HAL_UART_ErrorCallback
                0x0800185c      0x10c ./Core/Src/Xbee.o
                0x0800185c                HAL_UART_ErrorCallback
 .text.HAL_UART_AbortReceiveCpltCallback
                0x08001968      0x1a8 ./Core/Src/Xbee.o
                0x08001968                HAL_UART_AbortReceiveCpltCallback
 .text.handle_cmd
                0x08001b10      0x120 ./Core/Src/Xbee.o
                0x08001b10                handle_cmd
 .text.MX_FREERTOS_Init
                0x08001c30      0x188 ./Core/Src/freertos.o
                0x08001c30                MX_FREERTOS_Init
 .text.StartDefaultTask
                0x08001db8       0x12 ./Core/Src/freertos.o
                0x08001db8                StartDefaultTask
 *fill*         0x08001dca        0x2 
 .text.read_GPS
                0x08001dcc      0x24c ./Core/Src/freertos.o
                0x08001dcc                read_GPS
 .text.readCoord
                0x08002018      0x12c ./Core/Src/freertos.o
                0x08002018                readCoord
 *fill*         0x08002144        0x4 
 .text.StartBno085Task
                0x08002148      0x434 ./Core/Src/freertos.o
                0x08002148                StartBno085Task
 .text.get_accuracy_string
                0x0800257c       0x5c ./Core/Src/freertos.o
                0x0800257c                get_accuracy_string
 .text.delay_Us
                0x080025d8       0x4c ./Core/Src/main.o
                0x080025d8                delay_Us
 .text.main     0x08002624      0x248 ./Core/Src/main.o
                0x08002624                main
 .text.SystemClock_Config
                0x0800286c      0x100 ./Core/Src/main.o
                0x0800286c                SystemClock_Config
 .text.MX_I2C1_Init
                0x0800296c       0x80 ./Core/Src/main.o
 .text.MX_TIM4_Init
                0x080029ec      0x108 ./Core/Src/main.o
 .text.MX_USART1_UART_Init
                0x08002af4       0xac ./Core/Src/main.o
 .text.MX_USART2_UART_Init
                0x08002ba0       0x98 ./Core/Src/main.o
 .text.MX_USART3_UART_Init
                0x08002c38       0x98 ./Core/Src/main.o
 .text.MX_DMA_Init
                0x08002cd0       0x40 ./Core/Src/main.o
 .text.MX_GPIO_Init
                0x08002d10      0x1a4 ./Core/Src/main.o
 .text.__io_putchar
                0x08002eb4       0x24 ./Core/Src/main.o
                0x08002eb4                __io_putchar
 .text.HAL_UARTEx_RxEventCallback
                0x08002ed8      0x344 ./Core/Src/main.o
                0x08002ed8                HAL_UARTEx_RxEventCallback
 .text.MX_DWT_Init
                0x0800321c       0x30 ./Core/Src/main.o
 .text.HAL_TIM_PeriodElapsedCallback
                0x0800324c       0x24 ./Core/Src/main.o
                0x0800324c                HAL_TIM_PeriodElapsedCallback
 .text.Error_Handler
                0x08003270       0x48 ./Core/Src/main.o
                0x08003270                Error_Handler
 .text.MX_SPI1_Init
                0x080032b8       0xb0 ./Core/Src/spi.o
                0x080032b8                MX_SPI1_Init
 .text.HAL_SPI_MspInit
                0x08003368       0xd0 ./Core/Src/spi.o
                0x08003368                HAL_SPI_MspInit
 .text.HAL_MspInit
                0x08003438       0x3c ./Core/Src/stm32h7xx_hal_msp.o
                0x08003438                HAL_MspInit
 .text.HAL_I2C_MspInit
                0x08003474       0xf4 ./Core/Src/stm32h7xx_hal_msp.o
                0x08003474                HAL_I2C_MspInit
 .text.HAL_TIM_Base_MspInit
                0x08003568       0x44 ./Core/Src/stm32h7xx_hal_msp.o
                0x08003568                HAL_TIM_Base_MspInit
 .text.HAL_TIM_MspPostInit
                0x080035ac       0x78 ./Core/Src/stm32h7xx_hal_msp.o
                0x080035ac                HAL_TIM_MspPostInit
 .text.HAL_UART_MspInit
                0x08003624      0x2e8 ./Core/Src/stm32h7xx_hal_msp.o
                0x08003624                HAL_UART_MspInit
 .text.HAL_InitTick
                0x0800390c       0xd8 ./Core/Src/stm32h7xx_hal_timebase_tim.o
                0x0800390c                HAL_InitTick
 .text.NMI_Handler
                0x080039e4        0x8 ./Core/Src/stm32h7xx_it.o
                0x080039e4                NMI_Handler
 .text.HardFault_Handler
                0x080039ec        0x8 ./Core/Src/stm32h7xx_it.o
                0x080039ec                HardFault_Handler
 .text.MemManage_Handler
                0x080039f4        0x8 ./Core/Src/stm32h7xx_it.o
                0x080039f4                MemManage_Handler
 .text.BusFault_Handler
                0x080039fc        0x8 ./Core/Src/stm32h7xx_it.o
                0x080039fc                BusFault_Handler
 .text.UsageFault_Handler
                0x08003a04        0x8 ./Core/Src/stm32h7xx_it.o
                0x08003a04                UsageFault_Handler
 .text.DebugMon_Handler
                0x08003a0c        0xe ./Core/Src/stm32h7xx_it.o
                0x08003a0c                DebugMon_Handler
 *fill*         0x08003a1a        0x2 
 .text.DMA1_Stream0_IRQHandler
                0x08003a1c       0x14 ./Core/Src/stm32h7xx_it.o
                0x08003a1c                DMA1_Stream0_IRQHandler
 .text.I2C1_EV_IRQHandler
                0x08003a30       0x14 ./Core/Src/stm32h7xx_it.o
                0x08003a30                I2C1_EV_IRQHandler
 .text.I2C1_ER_IRQHandler
                0x08003a44       0x14 ./Core/Src/stm32h7xx_it.o
                0x08003a44                I2C1_ER_IRQHandler
 .text.USART1_IRQHandler
                0x08003a58       0x14 ./Core/Src/stm32h7xx_it.o
                0x08003a58                USART1_IRQHandler
 .text.USART2_IRQHandler
                0x08003a6c       0x20 ./Core/Src/stm32h7xx_it.o
                0x08003a6c                USART2_IRQHandler
 .text.TIM6_DAC_IRQHandler
                0x08003a8c       0x14 ./Core/Src/stm32h7xx_it.o
                0x08003a8c                TIM6_DAC_IRQHandler
 .text.EXTI9_5_IRQHandler
                0x08003aa0       0x34 ./Core/Src/stm32h7xx_it.o
                0x08003aa0                EXTI9_5_IRQHandler
 .text._getpid  0x08003ad4       0x10 ./Core/Src/syscalls.o
                0x08003ad4                _getpid
 .text._kill    0x08003ae4       0x20 ./Core/Src/syscalls.o
                0x08003ae4                _kill
 .text._exit    0x08003b04       0x16 ./Core/Src/syscalls.o
                0x08003b04                _exit
 .text._read    0x08003b1a       0x3a ./Core/Src/syscalls.o
                0x08003b1a                _read
 .text._write   0x08003b54       0x38 ./Core/Src/syscalls.o
                0x08003b54                _write
 .text._close   0x08003b8c       0x18 ./Core/Src/syscalls.o
                0x08003b8c                _close
 .text._fstat   0x08003ba4       0x20 ./Core/Src/syscalls.o
                0x08003ba4                _fstat
 .text._isatty  0x08003bc4       0x16 ./Core/Src/syscalls.o
                0x08003bc4                _isatty
 .text._lseek   0x08003bda       0x1a ./Core/Src/syscalls.o
                0x08003bda                _lseek
 .text._sbrk    0x08003bf4       0x6c ./Core/Src/sysmem.o
                0x08003bf4                _sbrk
 .text.SystemInit
                0x08003c60      0x140 ./Core/Src/system_stm32h7xx.o
                0x08003c60                SystemInit
 .text.ExitRun0Mode
                0x08003da0       0x30 ./Core/Src/system_stm32h7xx.o
                0x08003da0                ExitRun0Mode
 .text.Reset_Handler
                0x08003dd0       0x54 ./Core/Startup/startup_stm32h753zitx.o
                0x08003dd0                Reset_Handler
 .text.Default_Handler
                0x08003e24        0x2 ./Core/Startup/startup_stm32h753zitx.o
                0x08003e24                RTC_Alarm_IRQHandler
                0x08003e24                HASH_RNG_IRQHandler
                0x08003e24                EXTI2_IRQHandler
                0x08003e24                TIM8_CC_IRQHandler
                0x08003e24                HRTIM1_Master_IRQHandler
                0x08003e24                UART8_IRQHandler
                0x08003e24                SPI4_IRQHandler
                0x08003e24                TIM1_CC_IRQHandler
                0x08003e24                BDMA_Channel6_IRQHandler
                0x08003e24                DMA2_Stream5_IRQHandler
                0x08003e24                HRTIM1_FLT_IRQHandler
                0x08003e24                JPEG_IRQHandler
                0x08003e24                DMA1_Stream5_IRQHandler
                0x08003e24                BDMA_Channel1_IRQHandler
                0x08003e24                HRTIM1_TIMD_IRQHandler
                0x08003e24                TAMP_STAMP_IRQHandler
                0x08003e24                EXTI3_IRQHandler
                0x08003e24                LPTIM4_IRQHandler
                0x08003e24                TIM8_TRG_COM_TIM14_IRQHandler
                0x08003e24                LPTIM2_IRQHandler
                0x08003e24                DFSDM1_FLT1_IRQHandler
                0x08003e24                DMAMUX2_OVR_IRQHandler
                0x08003e24                TIM8_UP_TIM13_IRQHandler
                0x08003e24                I2C3_ER_IRQHandler
                0x08003e24                DFSDM1_FLT2_IRQHandler
                0x08003e24                MDMA_IRQHandler
                0x08003e24                LPTIM3_IRQHandler
                0x08003e24                HSEM1_IRQHandler
                0x08003e24                EXTI0_IRQHandler
                0x08003e24                I2C2_EV_IRQHandler
                0x08003e24                DMA1_Stream2_IRQHandler
                0x08003e24                FPU_IRQHandler
                0x08003e24                OTG_HS_WKUP_IRQHandler
                0x08003e24                FDCAN1_IT1_IRQHandler
                0x08003e24                LTDC_ER_IRQHandler
                0x08003e24                DMA2_Stream2_IRQHandler
                0x08003e24                HRTIM1_TIME_IRQHandler
                0x08003e24                SPI1_IRQHandler
                0x08003e24                DCMI_IRQHandler
                0x08003e24                HRTIM1_TIMC_IRQHandler
                0x08003e24                DMA2_Stream3_IRQHandler
                0x08003e24                SAI2_IRQHandler
                0x08003e24                DFSDM1_FLT3_IRQHandler
                0x08003e24                USART6_IRQHandler
                0x08003e24                TIM17_IRQHandler
                0x08003e24                USART3_IRQHandler
                0x08003e24                BDMA_Channel7_IRQHandler
                0x08003e24                CRYP_IRQHandler
                0x08003e24                LPTIM5_IRQHandler
                0x08003e24                UART5_IRQHandler
                0x08003e24                ADC3_IRQHandler
                0x08003e24                DMA2_Stream0_IRQHandler
                0x08003e24                TIM4_IRQHandler
                0x08003e24                BDMA_Channel2_IRQHandler
                0x08003e24                QUADSPI_IRQHandler
                0x08003e24                DMA1_Stream6_IRQHandler
                0x08003e24                DMAMUX1_OVR_IRQHandler
                0x08003e24                DMA1_Stream1_IRQHandler
                0x08003e24                TIM16_IRQHandler
                0x08003e24                UART4_IRQHandler
                0x08003e24                BDMA_Channel5_IRQHandler
                0x08003e24                TIM3_IRQHandler
                0x08003e24                RCC_IRQHandler
                0x08003e24                TIM8_BRK_TIM12_IRQHandler
                0x08003e24                TIM1_TRG_COM_IRQHandler
                0x08003e24                Default_Handler
                0x08003e24                ECC_IRQHandler
                0x08003e24                CEC_IRQHandler
                0x08003e24                EXTI15_10_IRQHandler
                0x08003e24                BDMA_Channel0_IRQHandler
                0x08003e24                ADC_IRQHandler
                0x08003e24                DMA1_Stream7_IRQHandler
                0x08003e24                HRTIM1_TIMA_IRQHandler
                0x08003e24                SPI5_IRQHandler
                0x08003e24                TIM7_IRQHandler
                0x08003e24                SDMMC1_IRQHandler
                0x08003e24                TIM5_IRQHandler
                0x08003e24                DMA2_Stream7_IRQHandler
                0x08003e24                TIM15_IRQHandler
                0x08003e24                PVD_AVD_IRQHandler
                0x08003e24                I2C3_EV_IRQHandler
                0x08003e24                RTC_WKUP_IRQHandler
                0x08003e24                LTDC_IRQHandler
                0x08003e24                SAI3_IRQHandler
                0x08003e24                ETH_WKUP_IRQHandler
                0x08003e24                SPDIF_RX_IRQHandler
                0x08003e24                SPI2_IRQHandler
                0x08003e24                OTG_HS_EP1_IN_IRQHandler
                0x08003e24                CRS_IRQHandler
                0x08003e24                EXTI4_IRQHandler
                0x08003e24                HRTIM1_TIMB_IRQHandler
                0x08003e24                FDCAN2_IT1_IRQHandler
                0x08003e24                ETH_IRQHandler
                0x08003e24                TIM1_UP_IRQHandler
                0x08003e24                BDMA_Channel4_IRQHandler
                0x08003e24                OTG_HS_EP1_OUT_IRQHandler
                0x08003e24                WWDG_IRQHandler
                0x08003e24                SPI6_IRQHandler
                0x08003e24                MDIOS_IRQHandler
                0x08003e24                I2C4_EV_IRQHandler
                0x08003e24                FDCAN2_IT0_IRQHandler
                0x08003e24                LPUART1_IRQHandler
                0x08003e24                FDCAN1_IT0_IRQHandler
                0x08003e24                TIM2_IRQHandler
                0x08003e24                OTG_FS_WKUP_IRQHandler
                0x08003e24                OTG_HS_IRQHandler
                0x08003e24                DMA2D_IRQHandler
                0x08003e24                TIM1_BRK_IRQHandler
                0x08003e24                EXTI1_IRQHandler
                0x08003e24                SDMMC2_IRQHandler
                0x08003e24                OTG_FS_EP1_OUT_IRQHandler
                0x08003e24                BDMA_Channel3_IRQHandler
                0x08003e24                UART7_IRQHandler
                0x08003e24                MDIOS_WKUP_IRQHandler
                0x08003e24                DFSDM1_FLT0_IRQHandler
                0x08003e24                SAI4_IRQHandler
                0x08003e24                I2C2_ER_IRQHandler
                0x08003e24                DMA2_Stream1_IRQHandler
                0x08003e24                FLASH_IRQHandler
                0x08003e24                DMA2_Stream4_IRQHandler
                0x08003e24                OTG_FS_IRQHandler
                0x08003e24                SPI3_IRQHandler
                0x08003e24                WAKEUP_PIN_IRQHandler
                0x08003e24                DMA1_Stream4_IRQHandler
                0x08003e24                OTG_FS_EP1_IN_IRQHandler
                0x08003e24                FMC_IRQHandler
                0x08003e24                FDCAN_CAL_IRQHandler
                0x08003e24                SWPMI1_IRQHandler
                0x08003e24                COMP1_IRQHandler
                0x08003e24                LPTIM1_IRQHandler
                0x08003e24                I2C4_ER_IRQHandler
                0x08003e24                DMA2_Stream6_IRQHandler
                0x08003e24                SAI1_IRQHandler
                0x08003e24                DMA1_Stream3_IRQHandler
 *fill*         0x08003e26        0x2 
 .text.HAL_Init
                0x08003e28       0x78 ./Drivers/STM32H7xx_HAL_Driver/Src/stm32h7xx_hal.o
                0x08003e28                HAL_Init
 .text.HAL_IncTick
                0x08003ea0       0x28 ./Drivers/STM32H7xx_HAL_Driver/Src/stm32h7xx_hal.o
                0x08003ea0                HAL_IncTick
 .text.HAL_GetTick
                0x08003ec8       0x18 ./Drivers/STM32H7xx_HAL_Driver/Src/stm32h7xx_hal.o
                0x08003ec8                HAL_GetTick
 .text.HAL_Delay
                0x08003ee0       0x48 ./Drivers/STM32H7xx_HAL_Driver/Src/stm32h7xx_hal.o
                0x08003ee0                HAL_Delay
 .text.HAL_GetREVID
                0x08003f28       0x18 ./Drivers/STM32H7xx_HAL_Driver/Src/stm32h7xx_hal.o
                0x08003f28                HAL_GetREVID
 .text.__NVIC_SetPriorityGrouping
                0x08003f40       0x48 ./Drivers/STM32H7xx_HAL_Driver/Src/stm32h7xx_hal_cortex.o
 .text.__NVIC_GetPriorityGrouping
                0x08003f88       0x1c ./Drivers/STM32H7xx_HAL_Driver/Src/stm32h7xx_hal_cortex.o
 .text.__NVIC_EnableIRQ
                0x08003fa4       0x3c ./Drivers/STM32H7xx_HAL_Driver/Src/stm32h7xx_hal_cortex.o
 .text.__NVIC_SetPriority
                0x08003fe0       0x54 ./Drivers/STM32H7xx_HAL_Driver/Src/stm32h7xx_hal_cortex.o
 .text.NVIC_EncodePriority
                0x08004034       0x66 ./Drivers/STM32H7xx_HAL_Driver/Src/stm32h7xx_hal_cortex.o
 .text.HAL_NVIC_SetPriorityGrouping
                0x0800409a       0x16 ./Drivers/STM32H7xx_HAL_Driver/Src/stm32h7xx_hal_cortex.o
                0x0800409a                HAL_NVIC_SetPriorityGrouping
 .text.HAL_NVIC_SetPriority
                0x080040b0       0x34 ./Drivers/STM32H7xx_HAL_Driver/Src/stm32h7xx_hal_cortex.o
                0x080040b0                HAL_NVIC_SetPriority
 .text.HAL_NVIC_EnableIRQ
                0x080040e4       0x1c ./Drivers/STM32H7xx_HAL_Driver/Src/stm32h7xx_hal_cortex.o
                0x080040e4                HAL_NVIC_EnableIRQ
 .text.HAL_DMA_Init
                0x08004100      0x6b8 ./Drivers/STM32H7xx_HAL_Driver/Src/stm32h7xx_hal_dma.o
                0x08004100                HAL_DMA_Init
 .text.HAL_DMA_Start_IT
                0x080047b8      0x4d4 ./Drivers/STM32H7xx_HAL_Driver/Src/stm32h7xx_hal_dma.o
                0x080047b8                HAL_DMA_Start_IT
 .text.HAL_DMA_Abort
                0x08004c8c      0x63c ./Drivers/STM32H7xx_HAL_Driver/Src/stm32h7xx_hal_dma.o
                0x08004c8c                HAL_DMA_Abort
 .text.HAL_DMA_Abort_IT
                0x080052c8      0x48c ./Drivers/STM32H7xx_HAL_Driver/Src/stm32h7xx_hal_dma.o
                0x080052c8                HAL_DMA_Abort_IT
 .text.HAL_DMA_IRQHandler
                0x08005754      0xe54 ./Drivers/STM32H7xx_HAL_Driver/Src/stm32h7xx_hal_dma.o
                0x08005754                HAL_DMA_IRQHandler
 .text.HAL_DMA_GetState
                0x080065a8       0x1c ./Drivers/STM32H7xx_HAL_Driver/Src/stm32h7xx_hal_dma.o
                0x080065a8                HAL_DMA_GetState
 .text.DMA_SetConfig
                0x080065c4      0x358 ./Drivers/STM32H7xx_HAL_Driver/Src/stm32h7xx_hal_dma.o
 .text.DMA_CalcBaseAndBitshift
                0x0800691c      0x164 ./Drivers/STM32H7xx_HAL_Driver/Src/stm32h7xx_hal_dma.o
 .text.DMA_CheckFifoParam
                0x08006a80       0xf8 ./Drivers/STM32H7xx_HAL_Driver/Src/stm32h7xx_hal_dma.o
 .text.DMA_CalcDMAMUXChannelBaseAndMask
                0x08006b78      0x134 ./Drivers/STM32H7xx_HAL_Driver/Src/stm32h7xx_hal_dma.o
 .text.DMA_CalcDMAMUXRequestGenBaseAndMask
                0x08006cac       0xe8 ./Drivers/STM32H7xx_HAL_Driver/Src/stm32h7xx_hal_dma.o
 .text.HAL_GPIO_Init
                0x08006d94      0x360 ./Drivers/STM32H7xx_HAL_Driver/Src/stm32h7xx_hal_gpio.o
                0x08006d94                HAL_GPIO_Init
 .text.HAL_GPIO_ReadPin
                0x080070f4       0x30 ./Drivers/STM32H7xx_HAL_Driver/Src/stm32h7xx_hal_gpio.o
                0x080070f4                HAL_GPIO_ReadPin
 .text.HAL_GPIO_WritePin
                0x08007124       0x32 ./Drivers/STM32H7xx_HAL_Driver/Src/stm32h7xx_hal_gpio.o
                0x08007124                HAL_GPIO_WritePin
 .text.HAL_GPIO_TogglePin
                0x08007156       0x34 ./Drivers/STM32H7xx_HAL_Driver/Src/stm32h7xx_hal_gpio.o
                0x08007156                HAL_GPIO_TogglePin
 *fill*         0x0800718a        0x2 
 .text.HAL_I2C_Init
                0x0800718c      0x138 ./Drivers/STM32H7xx_HAL_Driver/Src/stm32h7xx_hal_i2c.o
                0x0800718c                HAL_I2C_Init
 .text.HAL_I2C_EV_IRQHandler
                0x080072c4       0x34 ./Drivers/STM32H7xx_HAL_Driver/Src/stm32h7xx_hal_i2c.o
                0x080072c4                HAL_I2C_EV_IRQHandler
 .text.HAL_I2C_ER_IRQHandler
                0x080072f8       0xc2 ./Drivers/STM32H7xx_HAL_Driver/Src/stm32h7xx_hal_i2c.o
                0x080072f8                HAL_I2C_ER_IRQHandler
 .text.HAL_I2C_SlaveTxCpltCallback
                0x080073ba       0x14 ./Drivers/STM32H7xx_HAL_Driver/Src/stm32h7xx_hal_i2c.o
                0x080073ba                HAL_I2C_SlaveTxCpltCallback
 .text.HAL_I2C_SlaveRxCpltCallback
                0x080073ce       0x14 ./Drivers/STM32H7xx_HAL_Driver/Src/stm32h7xx_hal_i2c.o
                0x080073ce                HAL_I2C_SlaveRxCpltCallback
 .text.HAL_I2C_AddrCallback
                0x080073e2       0x1c ./Drivers/STM32H7xx_HAL_Driver/Src/stm32h7xx_hal_i2c.o
                0x080073e2                HAL_I2C_AddrCallback
 .text.HAL_I2C_ListenCpltCallback
                0x080073fe       0x14 ./Drivers/STM32H7xx_HAL_Driver/Src/stm32h7xx_hal_i2c.o
                0x080073fe                HAL_I2C_ListenCpltCallback
 .text.HAL_I2C_ErrorCallback
                0x08007412       0x14 ./Drivers/STM32H7xx_HAL_Driver/Src/stm32h7xx_hal_i2c.o
                0x08007412                HAL_I2C_ErrorCallback
 .text.HAL_I2C_AbortCpltCallback
                0x08007426       0x14 ./Drivers/STM32H7xx_HAL_Driver/Src/stm32h7xx_hal_i2c.o
                0x08007426                HAL_I2C_AbortCpltCallback
 .text.I2C_Slave_ISR_IT
                0x0800743a      0x208 ./Drivers/STM32H7xx_HAL_Driver/Src/stm32h7xx_hal_i2c.o
 .text.I2C_ITAddrCplt
                0x08007642      0x108 ./Drivers/STM32H7xx_HAL_Driver/Src/stm32h7xx_hal_i2c.o
 .text.I2C_ITSlaveSeqCplt
                0x0800774a       0xbc ./Drivers/STM32H7xx_HAL_Driver/Src/stm32h7xx_hal_i2c.o
 *fill*         0x08007806        0x2 
 .text.I2C_ITSlaveCplt
                0x08007808      0x4b4 ./Drivers/STM32H7xx_HAL_Driver/Src/stm32h7xx_hal_i2c.o
 .text.I2C_ITListenCplt
                0x08007cbc       0xac ./Drivers/STM32H7xx_HAL_Driver/Src/stm32h7xx_hal_i2c.o
 .text.I2C_ITError
                0x08007d68      0x1e0 ./Drivers/STM32H7xx_HAL_Driver/Src/stm32h7xx_hal_i2c.o
 .text.I2C_TreatErrorCallback
                0x08007f48       0x4e ./Drivers/STM32H7xx_HAL_Driver/Src/stm32h7xx_hal_i2c.o
 .text.I2C_Flush_TXDR
                0x08007f96       0x48 ./Drivers/STM32H7xx_HAL_Driver/Src/stm32h7xx_hal_i2c.o
 .text.I2C_DMAAbort
                0x08007fde       0x3c ./Drivers/STM32H7xx_HAL_Driver/Src/stm32h7xx_hal_i2c.o
 .text.I2C_Disable_IRQ
                0x0800801a       0xbc ./Drivers/STM32H7xx_HAL_Driver/Src/stm32h7xx_hal_i2c.o
 .text.HAL_I2CEx_ConfigAnalogFilter
                0x080080d6       0x96 ./Drivers/STM32H7xx_HAL_Driver/Src/stm32h7xx_hal_i2c_ex.o
                0x080080d6                HAL_I2CEx_ConfigAnalogFilter
 .text.HAL_I2CEx_ConfigDigitalFilter
                0x0800816c       0x98 ./Drivers/STM32H7xx_HAL_Driver/Src/stm32h7xx_hal_i2c_ex.o
                0x0800816c                HAL_I2CEx_ConfigDigitalFilter
 .text.HAL_PWREx_ConfigSupply
                0x08008204       0x74 ./Drivers/STM32H7xx_HAL_Driver/Src/stm32h7xx_hal_pwr_ex.o
                0x08008204                HAL_PWREx_ConfigSupply
 .text.HAL_RCC_OscConfig
                0x08008278      0x8b4 ./Drivers/STM32H7xx_HAL_Driver/Src/stm32h7xx_hal_rcc.o
                0x08008278                HAL_RCC_OscConfig
 .text.HAL_RCC_ClockConfig
                0x08008b2c      0x36c ./Drivers/STM32H7xx_HAL_Driver/Src/stm32h7xx_hal_rcc.o
                0x08008b2c                HAL_RCC_ClockConfig
 .text.HAL_RCC_GetSysClockFreq
                0x08008e98      0x2f4 ./Drivers/STM32H7xx_HAL_Driver/Src/stm32h7xx_hal_rcc.o
                0x08008e98                HAL_RCC_GetSysClockFreq
 .text.HAL_RCC_GetHCLKFreq
                0x0800918c       0x60 ./Drivers/STM32H7xx_HAL_Driver/Src/stm32h7xx_hal_rcc.o
                0x0800918c                HAL_RCC_GetHCLKFreq
 .text.HAL_RCC_GetPCLK1Freq
                0x080091ec       0x2c ./Drivers/STM32H7xx_HAL_Driver/Src/stm32h7xx_hal_rcc.o
                0x080091ec                HAL_RCC_GetPCLK1Freq
 .text.HAL_RCC_GetPCLK2Freq
                0x08009218       0x2c ./Drivers/STM32H7xx_HAL_Driver/Src/stm32h7xx_hal_rcc.o
                0x08009218                HAL_RCC_GetPCLK2Freq
 .text.HAL_RCC_GetClockConfig
                0x08009244       0x84 ./Drivers/STM32H7xx_HAL_Driver/Src/stm32h7xx_hal_rcc.o
                0x08009244                HAL_RCC_GetClockConfig
 .text.HAL_RCCEx_PeriphCLKConfig
                0x080092c8     0x1414 ./Drivers/STM32H7xx_HAL_Driver/Src/stm32h7xx_hal_rcc_ex.o
                0x080092c8                HAL_RCCEx_PeriphCLKConfig
 .text.HAL_RCCEx_GetD3PCLK1Freq
                0x0800a6dc       0x2c ./Drivers/STM32H7xx_HAL_Driver/Src/stm32h7xx_hal_rcc_ex.o
                0x0800a6dc                HAL_RCCEx_GetD3PCLK1Freq
 .text.HAL_RCCEx_GetPLL2ClockFreq
                0x0800a708      0x2a8 ./Drivers/STM32H7xx_HAL_Driver/Src/stm32h7xx_hal_rcc_ex.o
                0x0800a708                HAL_RCCEx_GetPLL2ClockFreq
 .text.HAL_RCCEx_GetPLL3ClockFreq
                0x0800a9b0      0x2a8 ./Drivers/STM32H7xx_HAL_Driver/Src/stm32h7xx_hal_rcc_ex.o
                0x0800a9b0                HAL_RCCEx_GetPLL3ClockFreq
 .text.RCCEx_PLL2_Config
                0x0800ac58      0x164 ./Drivers/STM32H7xx_HAL_Driver/Src/stm32h7xx_hal_rcc_ex.o
 .text.RCCEx_PLL3_Config
                0x0800adbc      0x164 ./Drivers/STM32H7xx_HAL_Driver/Src/stm32h7xx_hal_rcc_ex.o
 .text.HAL_SPI_Init
                0x0800af20      0x248 ./Drivers/STM32H7xx_HAL_Driver/Src/stm32h7xx_hal_spi.o
                0x0800af20                HAL_SPI_Init
 .text.HAL_SPI_TransmitReceive
                0x0800b168      0x674 ./Drivers/STM32H7xx_HAL_Driver/Src/stm32h7xx_hal_spi.o
                0x0800b168                HAL_SPI_TransmitReceive
 .text.SPI_CloseTransfer
                0x0800b7dc      0x140 ./Drivers/STM32H7xx_HAL_Driver/Src/stm32h7xx_hal_spi.o
 .text.SPI_WaitOnFlagUntilTimeout
                0x0800b91c       0x5c ./Drivers/STM32H7xx_HAL_Driver/Src/stm32h7xx_hal_spi.o
 .text.SPI_GetPacketSize
                0x0800b978       0x36 ./Drivers/STM32H7xx_HAL_Driver/Src/stm32h7xx_hal_spi.o
 .text.HAL_TIM_Base_Init
                0x0800b9ae       0xae ./Drivers/STM32H7xx_HAL_Driver/Src/stm32h7xx_hal_tim.o
                0x0800b9ae                HAL_TIM_Base_Init
 .text.HAL_TIM_Base_Start_IT
                0x0800ba5c       0xf0 ./Drivers/STM32H7xx_HAL_Driver/Src/stm32h7xx_hal_tim.o
                0x0800ba5c                HAL_TIM_Base_Start_IT
 .text.HAL_TIM_PWM_Init
                0x0800bb4c       0xae ./Drivers/STM32H7xx_HAL_Driver/Src/stm32h7xx_hal_tim.o
                0x0800bb4c                HAL_TIM_PWM_Init
 .text.HAL_TIM_PWM_MspInit
                0x0800bbfa       0x14 ./Drivers/STM32H7xx_HAL_Driver/Src/stm32h7xx_hal_tim.o
                0x0800bbfa                HAL_TIM_PWM_MspInit
 *fill*         0x0800bc0e        0x2 
 .text.HAL_TIM_PWM_Start
                0x0800bc10      0x21c ./Drivers/STM32H7xx_HAL_Driver/Src/stm32h7xx_hal_tim.o
                0x0800bc10                HAL_TIM_PWM_Start
 .text.HAL_TIM_IRQHandler
                0x0800be2c      0x20e ./Drivers/STM32H7xx_HAL_Driver/Src/stm32h7xx_hal_tim.o
                0x0800be2c                HAL_TIM_IRQHandler
 *fill*         0x0800c03a        0x2 
 .text.HAL_TIM_PWM_ConfigChannel
                0x0800c03c      0x228 ./Drivers/STM32H7xx_HAL_Driver/Src/stm32h7xx_hal_tim.o
                0x0800c03c                HAL_TIM_PWM_ConfigChannel
 .text.HAL_TIM_ConfigClockSource
                0x0800c264      0x1f0 ./Drivers/STM32H7xx_HAL_Driver/Src/stm32h7xx_hal_tim.o
                0x0800c264                HAL_TIM_ConfigClockSource
 .text.HAL_TIM_OC_DelayElapsedCallback
                0x0800c454       0x14 ./Drivers/STM32H7xx_HAL_Driver/Src/stm32h7xx_hal_tim.o
                0x0800c454                HAL_TIM_OC_DelayElapsedCallback
 .text.HAL_TIM_IC_CaptureCallback
                0x0800c468       0x14 ./Drivers/STM32H7xx_HAL_Driver/Src/stm32h7xx_hal_tim.o
                0x0800c468                HAL_TIM_IC_CaptureCallback
 .text.HAL_TIM_PWM_PulseFinishedCallback
                0x0800c47c       0x14 ./Drivers/STM32H7xx_HAL_Driver/Src/stm32h7xx_hal_tim.o
                0x0800c47c                HAL_TIM_PWM_PulseFinishedCallback
 .text.HAL_TIM_TriggerCallback
                0x0800c490       0x14 ./Drivers/STM32H7xx_HAL_Driver/Src/stm32h7xx_hal_tim.o
                0x0800c490                HAL_TIM_TriggerCallback
 .text.TIM_Base_SetConfig
                0x0800c4a4      0x140 ./Drivers/STM32H7xx_HAL_Driver/Src/stm32h7xx_hal_tim.o
                0x0800c4a4                TIM_Base_SetConfig
 .text.TIM_OC1_SetConfig
                0x0800c5e4      0x120 ./Drivers/STM32H7xx_HAL_Driver/Src/stm32h7xx_hal_tim.o
 .text.TIM_OC2_SetConfig
                0x0800c704      0x114 ./Drivers/STM32H7xx_HAL_Driver/Src/stm32h7xx_hal_tim.o
                0x0800c704                TIM_OC2_SetConfig
 .text.TIM_OC3_SetConfig
                0x0800c818      0x110 ./Drivers/STM32H7xx_HAL_Driver/Src/stm32h7xx_hal_tim.o
 .text.TIM_OC4_SetConfig
                0x0800c928       0xd4 ./Drivers/STM32H7xx_HAL_Driver/Src/stm32h7xx_hal_tim.o
 .text.TIM_OC5_SetConfig
                0x0800c9fc       0xc8 ./Drivers/STM32H7xx_HAL_Driver/Src/stm32h7xx_hal_tim.o
 .text.TIM_OC6_SetConfig
                0x0800cac4       0xcc ./Drivers/STM32H7xx_HAL_Driver/Src/stm32h7xx_hal_tim.o
 .text.TIM_TI1_ConfigInputStage
                0x0800cb90       0x5e ./Drivers/STM32H7xx_HAL_Driver/Src/stm32h7xx_hal_tim.o
 .text.TIM_TI2_ConfigInputStage
                0x0800cbee       0x60 ./Drivers/STM32H7xx_HAL_Driver/Src/stm32h7xx_hal_tim.o
 *fill*         0x0800cc4e        0x2 
 .text.TIM_ITRx_SetConfig
                0x0800cc50       0x3c ./Drivers/STM32H7xx_HAL_Driver/Src/stm32h7xx_hal_tim.o
 .text.TIM_ETR_SetConfig
                0x0800cc8c       0x40 ./Drivers/STM32H7xx_HAL_Driver/Src/stm32h7xx_hal_tim.o
                0x0800cc8c                TIM_ETR_SetConfig
 .text.TIM_CCxChannelCmd
                0x0800cccc       0x4a ./Drivers/STM32H7xx_HAL_Driver/Src/stm32h7xx_hal_tim.o
                0x0800cccc                TIM_CCxChannelCmd
 *fill*         0x0800cd16        0x2 
 .text.HAL_TIMEx_MasterConfigSynchronization
                0x0800cd18      0x11c ./Drivers/STM32H7xx_HAL_Driver/Src/stm32h7xx_hal_tim_ex.o
                0x0800cd18                HAL_TIMEx_MasterConfigSynchronization
 .text.HAL_TIMEx_CommutCallback
                0x0800ce34       0x14 ./Drivers/STM32H7xx_HAL_Driver/Src/stm32h7xx_hal_tim_ex.o
                0x0800ce34                HAL_TIMEx_CommutCallback
 .text.HAL_TIMEx_BreakCallback
                0x0800ce48       0x14 ./Drivers/STM32H7xx_HAL_Driver/Src/stm32h7xx_hal_tim_ex.o
                0x0800ce48                HAL_TIMEx_BreakCallback
 .text.HAL_TIMEx_Break2Callback
                0x0800ce5c       0x14 ./Drivers/STM32H7xx_HAL_Driver/Src/stm32h7xx_hal_tim_ex.o
                0x0800ce5c                HAL_TIMEx_Break2Callback
 .text.HAL_UART_Init
                0x0800ce70       0xa0 ./Drivers/STM32H7xx_HAL_Driver/Src/stm32h7xx_hal_uart.o
                0x0800ce70                HAL_UART_Init
 .text.HAL_UART_Transmit
                0x0800cf10      0x11c ./Drivers/STM32H7xx_HAL_Driver/Src/stm32h7xx_hal_uart.o
                0x0800cf10                HAL_UART_Transmit
 .text.HAL_UART_Receive_IT
                0x0800d02c       0x98 ./Drivers/STM32H7xx_HAL_Driver/Src/stm32h7xx_hal_uart.o
                0x0800d02c                HAL_UART_Receive_IT
 .text.HAL_UART_AbortReceive_IT
                0x0800d0c4      0x19c ./Drivers/STM32H7xx_HAL_Driver/Src/stm32h7xx_hal_uart.o
                0x0800d0c4                HAL_UART_AbortReceive_IT
 .text.HAL_UART_IRQHandler
                0x0800d260      0x7ac ./Drivers/STM32H7xx_HAL_Driver/Src/stm32h7xx_hal_uart.o
                0x0800d260                HAL_UART_IRQHandler
 .text.HAL_UART_TxCpltCallback
                0x0800da0c       0x14 ./Drivers/STM32H7xx_HAL_Driver/Src/stm32h7xx_hal_uart.o
                0x0800da0c                HAL_UART_TxCpltCallback
 .text.HAL_UART_RxHalfCpltCallback
                0x0800da20       0x14 ./Drivers/STM32H7xx_HAL_Driver/Src/stm32h7xx_hal_uart.o
                0x0800da20                HAL_UART_RxHalfCpltCallback
 .text.HAL_UART_GetError
                0x0800da34       0x1a ./Drivers/STM32H7xx_HAL_Driver/Src/stm32h7xx_hal_uart.o
                0x0800da34                HAL_UART_GetError
 *fill*         0x0800da4e        0x2 
 .text.UART_SetConfig
                0x0800da50      0xad0 ./Drivers/STM32H7xx_HAL_Driver/Src/stm32h7xx_hal_uart.o
                0x0800da50                UART_SetConfig
 .text.UART_AdvFeatureConfig
                0x0800e520      0x144 ./Drivers/STM32H7xx_HAL_Driver/Src/stm32h7xx_hal_uart.o
                0x0800e520                UART_AdvFeatureConfig
 .text.UART_CheckIdleState
                0x0800e664      0x154 ./Drivers/STM32H7xx_HAL_Driver/Src/stm32h7xx_hal_uart.o
                0x0800e664                UART_CheckIdleState
 .text.UART_WaitOnFlagUntilTimeout
                0x0800e7b8       0xda ./Drivers/STM32H7xx_HAL_Driver/Src/stm32h7xx_hal_uart.o
                0x0800e7b8                UART_WaitOnFlagUntilTimeout
 *fill*         0x0800e892        0x2 
 .text.UART_Start_Receive_IT
                0x0800e894      0x244 ./Drivers/STM32H7xx_HAL_Driver/Src/stm32h7xx_hal_uart.o
                0x0800e894                UART_Start_Receive_IT
 .text.UART_Start_Receive_DMA
                0x0800ead8      0x14c ./Drivers/STM32H7xx_HAL_Driver/Src/stm32h7xx_hal_uart.o
                0x0800ead8                UART_Start_Receive_DMA
 .text.UART_EndTxTransfer
                0x0800ec24       0x82 ./Drivers/STM32H7xx_HAL_Driver/Src/stm32h7xx_hal_uart.o
 *fill*         0x0800eca6        0x2 
 .text.UART_EndRxTransfer
                0x0800eca8       0xcc ./Drivers/STM32H7xx_HAL_Driver/Src/stm32h7xx_hal_uart.o
 .text.UART_DMAReceiveCplt
                0x0800ed74      0x128 ./Drivers/STM32H7xx_HAL_Driver/Src/stm32h7xx_hal_uart.o
 .text.UART_DMARxHalfCplt
                0x0800ee9c       0x3e ./Drivers/STM32H7xx_HAL_Driver/Src/stm32h7xx_hal_uart.o
 .text.UART_DMAError
                0x0800eeda       0x80 ./Drivers/STM32H7xx_HAL_Driver/Src/stm32h7xx_hal_uart.o
 .text.UART_DMAAbortOnError
                0x0800ef5a       0x24 ./Drivers/STM32H7xx_HAL_Driver/Src/stm32h7xx_hal_uart.o
 .text.UART_DMARxOnlyAbortCallback
                0x0800ef7e       0x4a ./Drivers/STM32H7xx_HAL_Driver/Src/stm32h7xx_hal_uart.o
 .text.UART_EndTransmit_IT
                0x0800efc8       0x56 ./Drivers/STM32H7xx_HAL_Driver/Src/stm32h7xx_hal_uart.o
 *fill*         0x0800f01e        0x2 
 .text.UART_RxISR_8BIT
                0x0800f020      0x1b8 ./Drivers/STM32H7xx_HAL_Driver/Src/stm32h7xx_hal_uart.o
 .text.UART_RxISR_16BIT
                0x0800f1d8      0x1b8 ./Drivers/STM32H7xx_HAL_Driver/Src/stm32h7xx_hal_uart.o
 .text.UART_RxISR_8BIT_FIFOEN
                0x0800f390      0x364 ./Drivers/STM32H7xx_HAL_Driver/Src/stm32h7xx_hal_uart.o
 .text.UART_RxISR_16BIT_FIFOEN
                0x0800f6f4      0x36c ./Drivers/STM32H7xx_HAL_Driver/Src/stm32h7xx_hal_uart.o
 .text.HAL_UARTEx_WakeupCallback
                0x0800fa60       0x14 ./Drivers/STM32H7xx_HAL_Driver/Src/stm32h7xx_hal_uart_ex.o
                0x0800fa60                HAL_UARTEx_WakeupCallback
 .text.HAL_UARTEx_RxFifoFullCallback
                0x0800fa74       0x14 ./Drivers/STM32H7xx_HAL_Driver/Src/stm32h7xx_hal_uart_ex.o
                0x0800fa74                HAL_UARTEx_RxFifoFullCallback
 .text.HAL_UARTEx_TxFifoEmptyCallback
                0x0800fa88       0x14 ./Drivers/STM32H7xx_HAL_Driver/Src/stm32h7xx_hal_uart_ex.o
                0x0800fa88                HAL_UARTEx_TxFifoEmptyCallback
 .text.HAL_UARTEx_DisableFifoMode
                0x0800fa9c       0x72 ./Drivers/STM32H7xx_HAL_Driver/Src/stm32h7xx_hal_uart_ex.o
                0x0800fa9c                HAL_UARTEx_DisableFifoMode
 .text.HAL_UARTEx_SetTxFifoThreshold
                0x0800fb0e       0x7c ./Drivers/STM32H7xx_HAL_Driver/Src/stm32h7xx_hal_uart_ex.o
                0x0800fb0e                HAL_UARTEx_SetTxFifoThreshold
 .text.HAL_UARTEx_SetRxFifoThreshold
                0x0800fb8a       0x7c ./Drivers/STM32H7xx_HAL_Driver/Src/stm32h7xx_hal_uart_ex.o
                0x0800fb8a                HAL_UARTEx_SetRxFifoThreshold
 .text.HAL_UARTEx_ReceiveToIdle_DMA
                0x0800fc06       0xa8 ./Drivers/STM32H7xx_HAL_Driver/Src/stm32h7xx_hal_uart_ex.o
                0x0800fc06                HAL_UARTEx_ReceiveToIdle_DMA
 *fill*         0x0800fcae        0x2 
 .text.UARTEx_SetNbDataToProcess
                0x0800fcb0       0x9c ./Drivers/STM32H7xx_HAL_Driver/Src/stm32h7xx_hal_uart_ex.o
 .text.__NVIC_SetPriority
                0x0800fd4c       0x54 ./Middlewares/Third_Party/FreeRTOS/Source/CMSIS_RTOS_V2/cmsis_os2.o
 .text.SysTick_Handler
                0x0800fda0       0x20 ./Middlewares/Third_Party/FreeRTOS/Source/CMSIS_RTOS_V2/cmsis_os2.o
                0x0800fda0                SysTick_Handler
 .text.SVC_Setup
                0x0800fdc0       0x12 ./Middlewares/Third_Party/FreeRTOS/Source/CMSIS_RTOS_V2/cmsis_os2.o
 *fill*         0x0800fdd2        0x2 
 .text.osKernelInitialize
                0x0800fdd4       0x48 ./Middlewares/Third_Party/FreeRTOS/Source/CMSIS_RTOS_V2/cmsis_os2.o
                0x0800fdd4                osKernelInitialize
 .text.osKernelStart
                0x0800fe1c       0x4c ./Middlewares/Third_Party/FreeRTOS/Source/CMSIS_RTOS_V2/cmsis_os2.o
                0x0800fe1c                osKernelStart
 .text.osKernelGetTickCount
                0x0800fe68       0x2a ./Middlewares/Third_Party/FreeRTOS/Source/CMSIS_RTOS_V2/cmsis_os2.o
                0x0800fe68                osKernelGetTickCount
 .text.osThreadNew
                0x0800fe92      0x124 ./Middlewares/Third_Party/FreeRTOS/Source/CMSIS_RTOS_V2/cmsis_os2.o
                0x0800fe92                osThreadNew
 .text.osDelay  0x0800ffb6       0x36 ./Middlewares/Third_Party/FreeRTOS/Source/CMSIS_RTOS_V2/cmsis_os2.o
                0x0800ffb6                osDelay
 .text.osMutexNew
                0x0800ffec      0x10c ./Middlewares/Third_Party/FreeRTOS/Source/CMSIS_RTOS_V2/cmsis_os2.o
                0x0800ffec                osMutexNew
 .text.osMutexAcquire
                0x080100f8       0x96 ./Middlewares/Third_Party/FreeRTOS/Source/CMSIS_RTOS_V2/cmsis_os2.o
                0x080100f8                osMutexAcquire
 .text.osMutexRelease
                0x0801018e       0x7a ./Middlewares/Third_Party/FreeRTOS/Source/CMSIS_RTOS_V2/cmsis_os2.o
                0x0801018e                osMutexRelease
 .text.osSemaphoreNew
                0x08010208      0x112 ./Middlewares/Third_Party/FreeRTOS/Source/CMSIS_RTOS_V2/cmsis_os2.o
                0x08010208                osSemaphoreNew
 *fill*         0x0801031a        0x2 
 .text.osSemaphoreAcquire
                0x0801031c       0xa4 ./Middlewares/Third_Party/FreeRTOS/Source/CMSIS_RTOS_V2/cmsis_os2.o
                0x0801031c                osSemaphoreAcquire
 .text.osSemaphoreRelease
                0x080103c0       0x88 ./Middlewares/Third_Party/FreeRTOS/Source/CMSIS_RTOS_V2/cmsis_os2.o
                0x080103c0                osSemaphoreRelease
 .text.vApplicationGetIdleTaskMemory
                0x08010448       0x34 ./Middlewares/Third_Party/FreeRTOS/Source/CMSIS_RTOS_V2/cmsis_os2.o
                0x08010448                vApplicationGetIdleTaskMemory
 .text.vApplicationGetTimerTaskMemory
                0x0801047c       0x34 ./Middlewares/Third_Party/FreeRTOS/Source/CMSIS_RTOS_V2/cmsis_os2.o
                0x0801047c                vApplicationGetTimerTaskMemory
 .text.vListInitialise
                0x080104b0       0x40 ./Middlewares/Third_Party/FreeRTOS/Source/list.o
                0x080104b0                vListInitialise
 .text.vListInitialiseItem
                0x080104f0       0x1a ./Middlewares/Third_Party/FreeRTOS/Source/list.o
                0x080104f0                vListInitialiseItem
 .text.vListInsertEnd
                0x0801050a       0x48 ./Middlewares/Third_Party/FreeRTOS/Source/list.o
                0x0801050a                vListInsertEnd
 .text.vListInsert
                0x08010552       0x72 ./Middlewares/Third_Party/FreeRTOS/Source/list.o
                0x08010552                vListInsert
 .text.uxListRemove
                0x080105c4       0x54 ./Middlewares/Third_Party/FreeRTOS/Source/list.o
                0x080105c4                uxListRemove
 .text.xQueueGenericReset
                0x08010618       0xd4 ./Middlewares/Third_Party/FreeRTOS/Source/queue.o
                0x08010618                xQueueGenericReset
 .text.xQueueGenericCreateStatic
                0x080106ec       0xfa ./Middlewares/Third_Party/FreeRTOS/Source/queue.o
                0x080106ec                xQueueGenericCreateStatic
 .text.xQueueGenericCreate
                0x080107e6       0x76 ./Middlewares/Third_Party/FreeRTOS/Source/queue.o
                0x080107e6                xQueueGenericCreate
 .text.prvInitialiseNewQueue
                0x0801085c       0x46 ./Middlewares/Third_Party/FreeRTOS/Source/queue.o
 .text.prvInitialiseMutex
                0x080108a2       0x34 ./Middlewares/Third_Party/FreeRTOS/Source/queue.o
 .text.xQueueCreateMutex
                0x080108d6       0x30 ./Middlewares/Third_Party/FreeRTOS/Source/queue.o
                0x080108d6                xQueueCreateMutex
 .text.xQueueCreateMutexStatic
                0x08010906       0x36 ./Middlewares/Third_Party/FreeRTOS/Source/queue.o
                0x08010906                xQueueCreateMutexStatic
 .text.xQueueGiveMutexRecursive
                0x0801093c       0x6a ./Middlewares/Third_Party/FreeRTOS/Source/queue.o
                0x0801093c                xQueueGiveMutexRecursive
 .text.xQueueTakeMutexRecursive
                0x080109a6       0x6e ./Middlewares/Third_Party/FreeRTOS/Source/queue.o
                0x080109a6                xQueueTakeMutexRecursive
 .text.xQueueCreateCountingSemaphoreStatic
                0x08010a14       0x72 ./Middlewares/Third_Party/FreeRTOS/Source/queue.o
                0x08010a14                xQueueCreateCountingSemaphoreStatic
 .text.xQueueCreateCountingSemaphore
                0x08010a86       0x6a ./Middlewares/Third_Party/FreeRTOS/Source/queue.o
                0x08010a86                xQueueCreateCountingSemaphore
 .text.xQueueGenericSend
                0x08010af0      0x204 ./Middlewares/Third_Party/FreeRTOS/Source/queue.o
                0x08010af0                xQueueGenericSend
 .text.xQueueGenericSendFromISR
                0x08010cf4      0x13c ./Middlewares/Third_Party/FreeRTOS/Source/queue.o
                0x08010cf4                xQueueGenericSendFromISR
 .text.xQueueGiveFromISR
                0x08010e30      0x120 ./Middlewares/Third_Party/FreeRTOS/Source/queue.o
                0x08010e30                xQueueGiveFromISR
 .text.xQueueReceive
                0x08010f50      0x1c4 ./Middlewares/Third_Party/FreeRTOS/Source/queue.o
                0x08010f50                xQueueReceive
 .text.xQueueSemaphoreTake
                0x08011114      0x220 ./Middlewares/Third_Party/FreeRTOS/Source/queue.o
                0x08011114                xQueueSemaphoreTake
 .text.xQueueReceiveFromISR
                0x08011334      0x104 ./Middlewares/Third_Party/FreeRTOS/Source/queue.o
                0x08011334                xQueueReceiveFromISR
 .text.vQueueDelete
                0x08011438       0x48 ./Middlewares/Third_Party/FreeRTOS/Source/queue.o
                0x08011438                vQueueDelete
 .text.prvGetDisinheritPriorityAfterTimeout
                0x08011480       0x30 ./Middlewares/Third_Party/FreeRTOS/Source/queue.o
 .text.prvCopyDataToQueue
                0x080114b0       0xd4 ./Middlewares/Third_Party/FreeRTOS/Source/queue.o
 .text.prvCopyDataFromQueue
                0x08011584       0x4c ./Middlewares/Third_Party/FreeRTOS/Source/queue.o
 .text.prvUnlockQueue
                0x080115d0       0xa4 ./Middlewares/Third_Party/FreeRTOS/Source/queue.o
 .text.prvIsQueueEmpty
                0x08011674       0x2c ./Middlewares/Third_Party/FreeRTOS/Source/queue.o
 .text.prvIsQueueFull
                0x080116a0       0x30 ./Middlewares/Third_Party/FreeRTOS/Source/queue.o
 .text.vQueueAddToRegistry
                0x080116d0       0x54 ./Middlewares/Third_Party/FreeRTOS/Source/queue.o
                0x080116d0                vQueueAddToRegistry
 .text.vQueueUnregisterQueue
                0x08011724       0x54 ./Middlewares/Third_Party/FreeRTOS/Source/queue.o
                0x08011724                vQueueUnregisterQueue
 .text.vQueueWaitForMessageRestricted
                0x08011778       0x68 ./Middlewares/Third_Party/FreeRTOS/Source/queue.o
                0x08011778                vQueueWaitForMessageRestricted
 .text.xTaskCreateStatic
                0x080117e0       0xc0 ./Middlewares/Third_Party/FreeRTOS/Source/tasks.o
                0x080117e0                xTaskCreateStatic
 .text.xTaskCreate
                0x080118a0       0x8a ./Middlewares/Third_Party/FreeRTOS/Source/tasks.o
                0x080118a0                xTaskCreate
 *fill*         0x0801192a        0x2 
 .text.prvInitialiseNewTask
                0x0801192c      0x150 ./Middlewares/Third_Party/FreeRTOS/Source/tasks.o
 .text.prvAddNewTaskToReadyList
                0x08011a7c       0xe0 ./Middlewares/Third_Party/FreeRTOS/Source/tasks.o
 .text.vTaskDelay
                0x08011b5c       0x6c ./Middlewares/Third_Party/FreeRTOS/Source/tasks.o
                0x08011b5c                vTaskDelay
 .text.vTaskStartScheduler
                0x08011bc8       0xe0 ./Middlewares/Third_Party/FreeRTOS/Source/tasks.o
                0x08011bc8                vTaskStartScheduler
 .text.vTaskSuspendAll
                0x08011ca8       0x1c ./Middlewares/Third_Party/FreeRTOS/Source/tasks.o
                0x08011ca8                vTaskSuspendAll
 .text.xTaskResumeAll
                0x08011cc4      0x13c ./Middlewares/Third_Party/FreeRTOS/Source/tasks.o
                0x08011cc4                xTaskResumeAll
 .text.xTaskGetTickCount
                0x08011e00       0x20 ./Middlewares/Third_Party/FreeRTOS/Source/tasks.o
                0x08011e00                xTaskGetTickCount
 .text.xTaskGetTickCountFromISR
                0x08011e20       0x24 ./Middlewares/Third_Party/FreeRTOS/Source/tasks.o
                0x08011e20                xTaskGetTickCountFromISR
 .text.xTaskIncrementTick
                0x08011e44      0x174 ./Middlewares/Third_Party/FreeRTOS/Source/tasks.o
                0x08011e44                xTaskIncrementTick
 .text.vTaskSwitchContext
                0x08011fb8       0xcc ./Middlewares/Third_Party/FreeRTOS/Source/tasks.o
                0x08011fb8                vTaskSwitchContext
 .text.vTaskPlaceOnEventList
                0x08012084       0x4c ./Middlewares/Third_Party/FreeRTOS/Source/tasks.o
                0x08012084                vTaskPlaceOnEventList
 .text.vTaskPlaceOnEventListRestricted
                0x080120d0       0x58 ./Middlewares/Third_Party/FreeRTOS/Source/tasks.o
                0x080120d0                vTaskPlaceOnEventListRestricted
 .text.xTaskRemoveFromEventList
                0x08012128       0xc8 ./Middlewares/Third_Party/FreeRTOS/Source/tasks.o
                0x08012128                xTaskRemoveFromEventList
 .text.vTaskInternalSetTimeOutState
                0x080121f0       0x2c ./Middlewares/Third_Party/FreeRTOS/Source/tasks.o
                0x080121f0                vTaskInternalSetTimeOutState
 .text.xTaskCheckForTimeOut
                0x0801221c       0xc8 ./Middlewares/Third_Party/FreeRTOS/Source/tasks.o
                0x0801221c                xTaskCheckForTimeOut
 .text.vTaskMissedYield
                0x080122e4       0x18 ./Middlewares/Third_Party/FreeRTOS/Source/tasks.o
                0x080122e4                vTaskMissedYield
 .text.prvIdleTask
                0x080122fc       0x30 ./Middlewares/Third_Party/FreeRTOS/Source/tasks.o
 .text.prvInitialiseTaskLists
                0x0801232c       0x80 ./Middlewares/Third_Party/FreeRTOS/Source/tasks.o
 .text.prvCheckTasksWaitingTermination
                0x080123ac       0x5c ./Middlewares/Third_Party/FreeRTOS/Source/tasks.o
 .text.prvDeleteTCB
                0x08012408       0x6a ./Middlewares/Third_Party/FreeRTOS/Source/tasks.o
 *fill*         0x08012472        0x2 
 .text.prvResetNextTaskUnblockTime
                0x08012474       0x40 ./Middlewares/Third_Party/FreeRTOS/Source/tasks.o
 .text.xTaskGetCurrentTaskHandle
                0x080124b4       0x20 ./Middlewares/Third_Party/FreeRTOS/Source/tasks.o
                0x080124b4                xTaskGetCurrentTaskHandle
 .text.xTaskGetSchedulerState
                0x080124d4       0x3c ./Middlewares/Third_Party/FreeRTOS/Source/tasks.o
                0x080124d4                xTaskGetSchedulerState
 .text.xTaskPriorityInherit
                0x08012510       0xd0 ./Middlewares/Third_Party/FreeRTOS/Source/tasks.o
                0x08012510                xTaskPriorityInherit
 .text.xTaskPriorityDisinherit
                0x080125e0       0xe0 ./Middlewares/Third_Party/FreeRTOS/Source/tasks.o
                0x080125e0                xTaskPriorityDisinherit
 .text.vTaskPriorityDisinheritAfterTimeout
                0x080126c0      0x108 ./Middlewares/Third_Party/FreeRTOS/Source/tasks.o
                0x080126c0                vTaskPriorityDisinheritAfterTimeout
 .text.pvTaskIncrementMutexHeldCount
                0x080127c8       0x28 ./Middlewares/Third_Party/FreeRTOS/Source/tasks.o
                0x080127c8                pvTaskIncrementMutexHeldCount
 .text.prvAddCurrentTaskToDelayedList
                0x080127f0       0xa8 ./Middlewares/Third_Party/FreeRTOS/Source/tasks.o
 .text.xTimerCreateTimerTask
                0x08012898       0x94 ./Middlewares/Third_Party/FreeRTOS/Source/timers.o
                0x08012898                xTimerCreateTimerTask
 .text.xTimerGenericCommand
                0x0801292c       0x9c ./Middlewares/Third_Party/FreeRTOS/Source/timers.o
                0x0801292c                xTimerGenericCommand
 .text.prvProcessExpiredTimer
                0x080129c8       0x9c ./Middlewares/Third_Party/FreeRTOS/Source/timers.o
 .text.prvTimerTask
                0x08012a64       0x26 ./Middlewares/Third_Party/FreeRTOS/Source/timers.o
 *fill*         0x08012a8a        0x2 
 .text.prvProcessTimerOrBlockTask
                0x08012a8c       0x9c ./Middlewares/Third_Party/FreeRTOS/Source/timers.o
 .text.prvGetNextExpireTime
                0x08012b28       0x48 ./Middlewares/Third_Party/FreeRTOS/Source/timers.o
 .text.prvSampleTimeNow
                0x08012b70       0x40 ./Middlewares/Third_Party/FreeRTOS/Source/timers.o
 .text.prvInsertTimerInActiveList
                0x08012bb0       0x84 ./Middlewares/Third_Party/FreeRTOS/Source/timers.o
 .text.prvProcessReceivedCommands
                0x08012c34      0x1cc ./Middlewares/Third_Party/FreeRTOS/Source/timers.o
 .text.prvSwitchTimerLists
                0x08012e00       0xcc ./Middlewares/Third_Party/FreeRTOS/Source/timers.o
 .text.prvCheckForValidListAndQueue
                0x08012ecc       0x80 ./Middlewares/Third_Party/FreeRTOS/Source/timers.o
 .text.pxPortInitialiseStack
                0x08012f4c       0x68 ./Middlewares/Third_Party/FreeRTOS/Source/portable/GCC/ARM_CM4F/port.o
                0x08012f4c                pxPortInitialiseStack
 .text.prvTaskExitError
                0x08012fb4       0x5c ./Middlewares/Third_Party/FreeRTOS/Source/portable/GCC/ARM_CM4F/port.o
 .text.SVC_Handler
                0x08013010       0x28 ./Middlewares/Third_Party/FreeRTOS/Source/portable/GCC/ARM_CM4F/port.o
                0x08013010                SVC_Handler
 .text.prvPortStartFirstTask
                0x08013038       0x28 ./Middlewares/Third_Party/FreeRTOS/Source/portable/GCC/ARM_CM4F/port.o
 .text.xPortStartScheduler
                0x08013060      0x148 ./Middlewares/Third_Party/FreeRTOS/Source/portable/GCC/ARM_CM4F/port.o
                0x08013060                xPortStartScheduler
 .text.vPortEnterCritical
                0x080131a8       0x64 ./Middlewares/Third_Party/FreeRTOS/Source/portable/GCC/ARM_CM4F/port.o
                0x080131a8                vPortEnterCritical
 .text.vPortExitCritical
                0x0801320c       0x54 ./Middlewares/Third_Party/FreeRTOS/Source/portable/GCC/ARM_CM4F/port.o
                0x0801320c                vPortExitCritical
 .text.PendSV_Handler
                0x08013260       0x68 ./Middlewares/Third_Party/FreeRTOS/Source/portable/GCC/ARM_CM4F/port.o
                0x08013260                PendSV_Handler
 .text.xPortSysTickHandler
                0x080132c8       0x44 ./Middlewares/Third_Party/FreeRTOS/Source/portable/GCC/ARM_CM4F/port.o
                0x080132c8                xPortSysTickHandler
 .text.vPortSetupTimerInterrupt
                0x0801330c       0x48 ./Middlewares/Third_Party/FreeRTOS/Source/portable/GCC/ARM_CM4F/port.o
                0x0801330c                vPortSetupTimerInterrupt
 .text.vPortEnableVFP
                0x08013354       0x14 ./Middlewares/Third_Party/FreeRTOS/Source/portable/GCC/ARM_CM4F/port.o
 .text.vPortValidateInterruptPriority
                0x08013368       0x84 ./Middlewares/Third_Party/FreeRTOS/Source/portable/GCC/ARM_CM4F/port.o
                0x08013368                vPortValidateInterruptPriority
 .text.pvPortMalloc
                0x080133ec      0x19c ./Middlewares/Third_Party/FreeRTOS/Source/portable/MemMang/heap_4.o
                0x080133ec                pvPortMalloc
 .text.vPortFree
                0x08013588       0xc8 ./Middlewares/Third_Party/FreeRTOS/Source/portable/MemMang/heap_4.o
                0x08013588                vPortFree
 .text.xPortGetFreeHeapSize
                0x08013650       0x18 ./Middlewares/Third_Party/FreeRTOS/Source/portable/MemMang/heap_4.o
                0x08013650                xPortGetFreeHeapSize
 .text.prvHeapInit
                0x08013668       0xc4 ./Middlewares/Third_Party/FreeRTOS/Source/portable/MemMang/heap_4.o
 .text.prvInsertBlockIntoFreeList
                0x0801372c       0xb4 ./Middlewares/Third_Party/FreeRTOS/Source/portable/MemMang/heap_4.o
 .text.__cvt    0x080137e0       0xa8 C:/ST/STM32CubeIDE_1.17.0/STM32CubeIDE/plugins/com.st.stm32cube.ide.mcu.externaltools.gnu-tools-for-stm32.13.3.rel1.win32_1.0.0.202411081344/tools/bin/../lib/gcc/arm-none-eabi/13.3.1/../../../../arm-none-eabi/lib/thumb/v7e-m+dp/hard\libc_nano.a(libc_a-nano-vfprintf_float.o)
                0x080137e0                __cvt
 .text.__exponent
                0x08013888       0x74 C:/ST/STM32CubeIDE_1.17.0/STM32CubeIDE/plugins/com.st.stm32cube.ide.mcu.externaltools.gnu-tools-for-stm32.13.3.rel1.win32_1.0.0.202411081344/tools/bin/../lib/gcc/arm-none-eabi/13.3.1/../../../../arm-none-eabi/lib/thumb/v7e-m+dp/hard\libc_nano.a(libc_a-nano-vfprintf_float.o)
                0x08013888                __exponent
 *fill*         0x080138fc        0x4 
 .text._printf_float
                0x08013900      0x434 C:/ST/STM32CubeIDE_1.17.0/STM32CubeIDE/plugins/com.st.stm32cube.ide.mcu.externaltools.gnu-tools-for-stm32.13.3.rel1.win32_1.0.0.202411081344/tools/bin/../lib/gcc/arm-none-eabi/13.3.1/../../../../arm-none-eabi/lib/thumb/v7e-m+dp/hard\libc_nano.a(libc_a-nano-vfprintf_float.o)
                0x08013900                _printf_float
 .text._printf_common
                0x08013d34       0xda C:/ST/STM32CubeIDE_1.17.0/STM32CubeIDE/plugins/com.st.stm32cube.ide.mcu.externaltools.gnu-tools-for-stm32.13.3.rel1.win32_1.0.0.202411081344/tools/bin/../lib/gcc/arm-none-eabi/13.3.1/../../../../arm-none-eabi/lib/thumb/v7e-m+dp/hard\libc_nano.a(libc_a-nano-vfprintf_i.o)
                0x08013d34                _printf_common
 *fill*         0x08013e0e        0x2 
 .text._printf_i
                0x08013e10      0x23c C:/ST/STM32CubeIDE_1.17.0/STM32CubeIDE/plugins/com.st.stm32cube.ide.mcu.externaltools.gnu-tools-for-stm32.13.3.rel1.win32_1.0.0.202411081344/tools/bin/../lib/gcc/arm-none-eabi/13.3.1/../../../../arm-none-eabi/lib/thumb/v7e-m+dp/hard\libc_nano.a(libc_a-nano-vfprintf_i.o)
                0x08013e10                _printf_i
 .text.std      0x0801404c       0x6c C:/ST/STM32CubeIDE_1.17.0/STM32CubeIDE/plugins/com.st.stm32cube.ide.mcu.externaltools.gnu-tools-for-stm32.13.3.rel1.win32_1.0.0.202411081344/tools/bin/../lib/gcc/arm-none-eabi/13.3.1/../../../../arm-none-eabi/lib/thumb/v7e-m+dp/hard\libc_nano.a(libc_a-findfp.o)
 .text.stdio_exit_handler
                0x080140b8       0x18 C:/ST/STM32CubeIDE_1.17.0/STM32CubeIDE/plugins/com.st.stm32cube.ide.mcu.externaltools.gnu-tools-for-stm32.13.3.rel1.win32_1.0.0.202411081344/tools/bin/../lib/gcc/arm-none-eabi/13.3.1/../../../../arm-none-eabi/lib/thumb/v7e-m+dp/hard\libc_nano.a(libc_a-findfp.o)
 .text.cleanup_stdio
                0x080140d0       0x40 C:/ST/STM32CubeIDE_1.17.0/STM32CubeIDE/plugins/com.st.stm32cube.ide.mcu.externaltools.gnu-tools-for-stm32.13.3.rel1.win32_1.0.0.202411081344/tools/bin/../lib/gcc/arm-none-eabi/13.3.1/../../../../arm-none-eabi/lib/thumb/v7e-m+dp/hard\libc_nano.a(libc_a-findfp.o)
 .text.global_stdio_init.part.0
                0x08014110       0x3c C:/ST/STM32CubeIDE_1.17.0/STM32CubeIDE/plugins/com.st.stm32cube.ide.mcu.externaltools.gnu-tools-for-stm32.13.3.rel1.win32_1.0.0.202411081344/tools/bin/../lib/gcc/arm-none-eabi/13.3.1/../../../../arm-none-eabi/lib/thumb/v7e-m+dp/hard\libc_nano.a(libc_a-findfp.o)
 .text.__sfp_lock_acquire
                0x0801414c        0xc C:/ST/STM32CubeIDE_1.17.0/STM32CubeIDE/plugins/com.st.stm32cube.ide.mcu.externaltools.gnu-tools-for-stm32.13.3.rel1.win32_1.0.0.202411081344/tools/bin/../lib/gcc/arm-none-eabi/13.3.1/../../../../arm-none-eabi/lib/thumb/v7e-m+dp/hard\libc_nano.a(libc_a-findfp.o)
                0x0801414c                __sfp_lock_acquire
 .text.__sfp_lock_release
                0x08014158        0xc C:/ST/STM32CubeIDE_1.17.0/STM32CubeIDE/plugins/com.st.stm32cube.ide.mcu.externaltools.gnu-tools-for-stm32.13.3.rel1.win32_1.0.0.202411081344/tools/bin/../lib/gcc/arm-none-eabi/13.3.1/../../../../arm-none-eabi/lib/thumb/v7e-m+dp/hard\libc_nano.a(libc_a-findfp.o)
                0x08014158                __sfp_lock_release
 .text.__sinit  0x08014164       0x30 C:/ST/STM32CubeIDE_1.17.0/STM32CubeIDE/plugins/com.st.stm32cube.ide.mcu.externaltools.gnu-tools-for-stm32.13.3.rel1.win32_1.0.0.202411081344/tools/bin/../lib/gcc/arm-none-eabi/13.3.1/../../../../arm-none-eabi/lib/thumb/v7e-m+dp/hard\libc_nano.a(libc_a-findfp.o)
                0x08014164                __sinit
 .text._fwalk_sglue
                0x08014194       0x3c C:/ST/STM32CubeIDE_1.17.0/STM32CubeIDE/plugins/com.st.stm32cube.ide.mcu.externaltools.gnu-tools-for-stm32.13.3.rel1.win32_1.0.0.202411081344/tools/bin/../lib/gcc/arm-none-eabi/13.3.1/../../../../arm-none-eabi/lib/thumb/v7e-m+dp/hard\libc_nano.a(libc_a-fwalk.o)
                0x08014194                _fwalk_sglue
 .text.printf   0x080141d0       0x24 C:/ST/STM32CubeIDE_1.17.0/STM32CubeIDE/plugins/com.st.stm32cube.ide.mcu.externaltools.gnu-tools-for-stm32.13.3.rel1.win32_1.0.0.202411081344/tools/bin/../lib/gcc/arm-none-eabi/13.3.1/../../../../arm-none-eabi/lib/thumb/v7e-m+dp/hard\libc_nano.a(libc_a-printf.o)
                0x080141d0                iprintf
                0x080141d0                printf
 .text._puts_r  0x080141f4       0xaa C:/ST/STM32CubeIDE_1.17.0/STM32CubeIDE/plugins/com.st.stm32cube.ide.mcu.externaltools.gnu-tools-for-stm32.13.3.rel1.win32_1.0.0.202411081344/tools/bin/../lib/gcc/arm-none-eabi/13.3.1/../../../../arm-none-eabi/lib/thumb/v7e-m+dp/hard\libc_nano.a(libc_a-puts.o)
                0x080141f4                _puts_r
 *fill*         0x0801429e        0x2 
 .text.puts     0x080142a0       0x10 C:/ST/STM32CubeIDE_1.17.0/STM32CubeIDE/plugins/com.st.stm32cube.ide.mcu.externaltools.gnu-tools-for-stm32.13.3.rel1.win32_1.0.0.202411081344/tools/bin/../lib/gcc/arm-none-eabi/13.3.1/../../../../arm-none-eabi/lib/thumb/v7e-m+dp/hard\libc_nano.a(libc_a-puts.o)
                0x080142a0                puts
 .text.__sread  0x080142b0       0x22 C:/ST/STM32CubeIDE_1.17.0/STM32CubeIDE/plugins/com.st.stm32cube.ide.mcu.externaltools.gnu-tools-for-stm32.13.3.rel1.win32_1.0.0.202411081344/tools/bin/../lib/gcc/arm-none-eabi/13.3.1/../../../../arm-none-eabi/lib/thumb/v7e-m+dp/hard\libc_nano.a(libc_a-stdio.o)
                0x080142b0                __sread
 .text.__swrite
                0x080142d2       0x38 C:/ST/STM32CubeIDE_1.17.0/STM32CubeIDE/plugins/com.st.stm32cube.ide.mcu.externaltools.gnu-tools-for-stm32.13.3.rel1.win32_1.0.0.202411081344/tools/bin/../lib/gcc/arm-none-eabi/13.3.1/../../../../arm-none-eabi/lib/thumb/v7e-m+dp/hard\libc_nano.a(libc_a-stdio.o)
                0x080142d2                __swrite
 .text.__sseek  0x0801430a       0x24 C:/ST/STM32CubeIDE_1.17.0/STM32CubeIDE/plugins/com.st.stm32cube.ide.mcu.externaltools.gnu-tools-for-stm32.13.3.rel1.win32_1.0.0.202411081344/tools/bin/../lib/gcc/arm-none-eabi/13.3.1/../../../../arm-none-eabi/lib/thumb/v7e-m+dp/hard\libc_nano.a(libc_a-stdio.o)
                0x0801430a                __sseek
 .text.__sclose
                0x0801432e        0x8 C:/ST/STM32CubeIDE_1.17.0/STM32CubeIDE/plugins/com.st.stm32cube.ide.mcu.externaltools.gnu-tools-for-stm32.13.3.rel1.win32_1.0.0.202411081344/tools/bin/../lib/gcc/arm-none-eabi/13.3.1/../../../../arm-none-eabi/lib/thumb/v7e-m+dp/hard\libc_nano.a(libc_a-stdio.o)
                0x0801432e                __sclose
 .text.__swbuf_r
                0x08014336       0x7c C:/ST/STM32CubeIDE_1.17.0/STM32CubeIDE/plugins/com.st.stm32cube.ide.mcu.externaltools.gnu-tools-for-stm32.13.3.rel1.win32_1.0.0.202411081344/tools/bin/../lib/gcc/arm-none-eabi/13.3.1/../../../../arm-none-eabi/lib/thumb/v7e-m+dp/hard\libc_nano.a(libc_a-wbuf.o)
                0x08014336                __swbuf_r
 *fill*         0x080143b2        0x2 
 .text.__swsetup_r
                0x080143b4       0xac C:/ST/STM32CubeIDE_1.17.0/STM32CubeIDE/plugins/com.st.stm32cube.ide.mcu.externaltools.gnu-tools-for-stm32.13.3.rel1.win32_1.0.0.202411081344/tools/bin/../lib/gcc/arm-none-eabi/13.3.1/../../../../arm-none-eabi/lib/thumb/v7e-m+dp/hard\libc_nano.a(libc_a-wsetup.o)
                0x080143b4                __swsetup_r
 .text.memset   0x08014460       0x10 C:/ST/STM32CubeIDE_1.17.0/STM32CubeIDE/plugins/com.st.stm32cube.ide.mcu.externaltools.gnu-tools-for-stm32.13.3.rel1.win32_1.0.0.202411081344/tools/bin/../lib/gcc/arm-none-eabi/13.3.1/../../../../arm-none-eabi/lib/thumb/v7e-m+dp/hard\libc_nano.a(libc_a-memset.o)
                0x08014460                memset
 .text._localeconv_r
                0x08014470        0x8 C:/ST/STM32CubeIDE_1.17.0/STM32CubeIDE/plugins/com.st.stm32cube.ide.mcu.externaltools.gnu-tools-for-stm32.13.3.rel1.win32_1.0.0.202411081344/tools/bin/../lib/gcc/arm-none-eabi/13.3.1/../../../../arm-none-eabi/lib/thumb/v7e-m+dp/hard\libc_nano.a(libc_a-localeconv.o)
                0x08014470                _localeconv_r
 .text._close_r
                0x08014478       0x20 C:/ST/STM32CubeIDE_1.17.0/STM32CubeIDE/plugins/com.st.stm32cube.ide.mcu.externaltools.gnu-tools-for-stm32.13.3.rel1.win32_1.0.0.202411081344/tools/bin/../lib/gcc/arm-none-eabi/13.3.1/../../../../arm-none-eabi/lib/thumb/v7e-m+dp/hard\libc_nano.a(libc_a-closer.o)
                0x08014478                _close_r
 .text._reclaim_reent
                0x08014498       0xbc C:/ST/STM32CubeIDE_1.17.0/STM32CubeIDE/plugins/com.st.stm32cube.ide.mcu.externaltools.gnu-tools-for-stm32.13.3.rel1.win32_1.0.0.202411081344/tools/bin/../lib/gcc/arm-none-eabi/13.3.1/../../../../arm-none-eabi/lib/thumb/v7e-m+dp/hard\libc_nano.a(libc_a-reent.o)
                0x08014498                _reclaim_reent
 .text._lseek_r
                0x08014554       0x24 C:/ST/STM32CubeIDE_1.17.0/STM32CubeIDE/plugins/com.st.stm32cube.ide.mcu.externaltools.gnu-tools-for-stm32.13.3.rel1.win32_1.0.0.202411081344/tools/bin/../lib/gcc/arm-none-eabi/13.3.1/../../../../arm-none-eabi/lib/thumb/v7e-m+dp/hard\libc_nano.a(libc_a-lseekr.o)
                0x08014554                _lseek_r
 .text._read_r  0x08014578       0x24 C:/ST/STM32CubeIDE_1.17.0/STM32CubeIDE/plugins/com.st.stm32cube.ide.mcu.externaltools.gnu-tools-for-stm32.13.3.rel1.win32_1.0.0.202411081344/tools/bin/../lib/gcc/arm-none-eabi/13.3.1/../../../../arm-none-eabi/lib/thumb/v7e-m+dp/hard\libc_nano.a(libc_a-readr.o)
                0x08014578                _read_r
 .text._write_r
                0x0801459c       0x24 C:/ST/STM32CubeIDE_1.17.0/STM32CubeIDE/plugins/com.st.stm32cube.ide.mcu.externaltools.gnu-tools-for-stm32.13.3.rel1.win32_1.0.0.202411081344/tools/bin/../lib/gcc/arm-none-eabi/13.3.1/../../../../arm-none-eabi/lib/thumb/v7e-m+dp/hard\libc_nano.a(libc_a-writer.o)
                0x0801459c                _write_r
 .text.__errno  0x080145c0        0xc C:/ST/STM32CubeIDE_1.17.0/STM32CubeIDE/plugins/com.st.stm32cube.ide.mcu.externaltools.gnu-tools-for-stm32.13.3.rel1.win32_1.0.0.202411081344/tools/bin/../lib/gcc/arm-none-eabi/13.3.1/../../../../arm-none-eabi/lib/thumb/v7e-m+dp/hard\libc_nano.a(libc_a-errno.o)
                0x080145c0                __errno
 .text.__libc_init_array
                0x080145cc       0x48 C:/ST/STM32CubeIDE_1.17.0/STM32CubeIDE/plugins/com.st.stm32cube.ide.mcu.externaltools.gnu-tools-for-stm32.13.3.rel1.win32_1.0.0.202411081344/tools/bin/../lib/gcc/arm-none-eabi/13.3.1/../../../../arm-none-eabi/lib/thumb/v7e-m+dp/hard\libc_nano.a(libc_a-init.o)
                0x080145cc                __libc_init_array
 .text.__retarget_lock_init_recursive
                0x08014614        0x2 C:/ST/STM32CubeIDE_1.17.0/STM32CubeIDE/plugins/com.st.stm32cube.ide.mcu.externaltools.gnu-tools-for-stm32.13.3.rel1.win32_1.0.0.202411081344/tools/bin/../lib/gcc/arm-none-eabi/13.3.1/../../../../arm-none-eabi/lib/thumb/v7e-m+dp/hard\libc_nano.a(libc_a-lock.o)
                0x08014614                __retarget_lock_init_recursive
 .text.__retarget_lock_acquire_recursive
                0x08014616        0x2 C:/ST/STM32CubeIDE_1.17.0/STM32CubeIDE/plugins/com.st.stm32cube.ide.mcu.externaltools.gnu-tools-for-stm32.13.3.rel1.win32_1.0.0.202411081344/tools/bin/../lib/gcc/arm-none-eabi/13.3.1/../../../../arm-none-eabi/lib/thumb/v7e-m+dp/hard\libc_nano.a(libc_a-lock.o)
                0x08014616                __retarget_lock_acquire_recursive
 .text.__retarget_lock_release_recursive
                0x08014618        0x2 C:/ST/STM32CubeIDE_1.17.0/STM32CubeIDE/plugins/com.st.stm32cube.ide.mcu.externaltools.gnu-tools-for-stm32.13.3.rel1.win32_1.0.0.202411081344/tools/bin/../lib/gcc/arm-none-eabi/13.3.1/../../../../arm-none-eabi/lib/thumb/v7e-m+dp/hard\libc_nano.a(libc_a-lock.o)
                0x08014618                __retarget_lock_release_recursive
 .text.memcpy   0x0801461a       0x1c C:/ST/STM32CubeIDE_1.17.0/STM32CubeIDE/plugins/com.st.stm32cube.ide.mcu.externaltools.gnu-tools-for-stm32.13.3.rel1.win32_1.0.0.202411081344/tools/bin/../lib/gcc/arm-none-eabi/13.3.1/../../../../arm-none-eabi/lib/thumb/v7e-m+dp/hard\libc_nano.a(libc_a-memcpy-stub.o)
                0x0801461a                memcpy
 .text.quorem   0x08014636      0x110 C:/ST/STM32CubeIDE_1.17.0/STM32CubeIDE/plugins/com.st.stm32cube.ide.mcu.externaltools.gnu-tools-for-stm32.13.3.rel1.win32_1.0.0.202411081344/tools/bin/../lib/gcc/arm-none-eabi/13.3.1/../../../../arm-none-eabi/lib/thumb/v7e-m+dp/hard\libc_nano.a(libc_a-dtoa.o)
 *fill*         0x08014746        0x2 
 .text._dtoa_r  0x08014748      0xabc C:/ST/STM32CubeIDE_1.17.0/STM32CubeIDE/plugins/com.st.stm32cube.ide.mcu.externaltools.gnu-tools-for-stm32.13.3.rel1.win32_1.0.0.202411081344/tools/bin/../lib/gcc/arm-none-eabi/13.3.1/../../../../arm-none-eabi/lib/thumb/v7e-m+dp/hard\libc_nano.a(libc_a-dtoa.o)
                0x08014748                _dtoa_r
 .text._free_r  0x08015204       0x94 C:/ST/STM32CubeIDE_1.17.0/STM32CubeIDE/plugins/com.st.stm32cube.ide.mcu.externaltools.gnu-tools-for-stm32.13.3.rel1.win32_1.0.0.202411081344/tools/bin/../lib/gcc/arm-none-eabi/13.3.1/../../../../arm-none-eabi/lib/thumb/v7e-m+dp/hard\libc_nano.a(libc_a-freer.o)
                0x08015204                _free_r
 .text.malloc   0x08015298       0x10 C:/ST/STM32CubeIDE_1.17.0/STM32CubeIDE/plugins/com.st.stm32cube.ide.mcu.externaltools.gnu-tools-for-stm32.13.3.rel1.win32_1.0.0.202411081344/tools/bin/../lib/gcc/arm-none-eabi/13.3.1/../../../../arm-none-eabi/lib/thumb/v7e-m+dp/hard\libc_nano.a(libc_a-malloc.o)
                0x08015298                malloc
 .text.sbrk_aligned
                0x080152a8       0x44 C:/ST/STM32CubeIDE_1.17.0/STM32CubeIDE/plugins/com.st.stm32cube.ide.mcu.externaltools.gnu-tools-for-stm32.13.3.rel1.win32_1.0.0.202411081344/tools/bin/../lib/gcc/arm-none-eabi/13.3.1/../../../../arm-none-eabi/lib/thumb/v7e-m+dp/hard\libc_nano.a(libc_a-mallocr.o)
 .text._malloc_r
                0x080152ec      0x100 C:/ST/STM32CubeIDE_1.17.0/STM32CubeIDE/plugins/com.st.stm32cube.ide.mcu.externaltools.gnu-tools-for-stm32.13.3.rel1.win32_1.0.0.202411081344/tools/bin/../lib/gcc/arm-none-eabi/13.3.1/../../../../arm-none-eabi/lib/thumb/v7e-m+dp/hard\libc_nano.a(libc_a-mallocr.o)
                0x080152ec                _malloc_r
 .text.__malloc_lock
                0x080153ec        0xc C:/ST/STM32CubeIDE_1.17.0/STM32CubeIDE/plugins/com.st.stm32cube.ide.mcu.externaltools.gnu-tools-for-stm32.13.3.rel1.win32_1.0.0.202411081344/tools/bin/../lib/gcc/arm-none-eabi/13.3.1/../../../../arm-none-eabi/lib/thumb/v7e-m+dp/hard\libc_nano.a(libc_a-mlock.o)
                0x080153ec                __malloc_lock
 .text.__malloc_unlock
                0x080153f8        0xc C:/ST/STM32CubeIDE_1.17.0/STM32CubeIDE/plugins/com.st.stm32cube.ide.mcu.externaltools.gnu-tools-for-stm32.13.3.rel1.win32_1.0.0.202411081344/tools/bin/../lib/gcc/arm-none-eabi/13.3.1/../../../../arm-none-eabi/lib/thumb/v7e-m+dp/hard\libc_nano.a(libc_a-mlock.o)
                0x080153f8                __malloc_unlock
 .text._Balloc  0x08015404       0x80 C:/ST/STM32CubeIDE_1.17.0/STM32CubeIDE/plugins/com.st.stm32cube.ide.mcu.externaltools.gnu-tools-for-stm32.13.3.rel1.win32_1.0.0.202411081344/tools/bin/../lib/gcc/arm-none-eabi/13.3.1/../../../../arm-none-eabi/lib/thumb/v7e-m+dp/hard\libc_nano.a(libc_a-mprec.o)
                0x08015404                _Balloc
 .text._Bfree   0x08015484       0x44 C:/ST/STM32CubeIDE_1.17.0/STM32CubeIDE/plugins/com.st.stm32cube.ide.mcu.externaltools.gnu-tools-for-stm32.13.3.rel1.win32_1.0.0.202411081344/tools/bin/../lib/gcc/arm-none-eabi/13.3.1/../../../../arm-none-eabi/lib/thumb/v7e-m+dp/hard\libc_nano.a(libc_a-mprec.o)
                0x08015484                _Bfree
 .text.__multadd
                0x080154c8       0x8c C:/ST/STM32CubeIDE_1.17.0/STM32CubeIDE/plugins/com.st.stm32cube.ide.mcu.externaltools.gnu-tools-for-stm32.13.3.rel1.win32_1.0.0.202411081344/tools/bin/../lib/gcc/arm-none-eabi/13.3.1/../../../../arm-none-eabi/lib/thumb/v7e-m+dp/hard\libc_nano.a(libc_a-mprec.o)
                0x080154c8                __multadd
 .text.__hi0bits
                0x08015554       0x3e C:/ST/STM32CubeIDE_1.17.0/STM32CubeIDE/plugins/com.st.stm32cube.ide.mcu.externaltools.gnu-tools-for-stm32.13.3.rel1.win32_1.0.0.202411081344/tools/bin/../lib/gcc/arm-none-eabi/13.3.1/../../../../arm-none-eabi/lib/thumb/v7e-m+dp/hard\libc_nano.a(libc_a-mprec.o)
                0x08015554                __hi0bits
 .text.__lo0bits
                0x08015592       0x5a C:/ST/STM32CubeIDE_1.17.0/STM32CubeIDE/plugins/com.st.stm32cube.ide.mcu.externaltools.gnu-tools-for-stm32.13.3.rel1.win32_1.0.0.202411081344/tools/bin/../lib/gcc/arm-none-eabi/13.3.1/../../../../arm-none-eabi/lib/thumb/v7e-m+dp/hard\libc_nano.a(libc_a-mprec.o)
                0x08015592                __lo0bits
 .text.__i2b    0x080155ec       0x2c C:/ST/STM32CubeIDE_1.17.0/STM32CubeIDE/plugins/com.st.stm32cube.ide.mcu.externaltools.gnu-tools-for-stm32.13.3.rel1.win32_1.0.0.202411081344/tools/bin/../lib/gcc/arm-none-eabi/13.3.1/../../../../arm-none-eabi/lib/thumb/v7e-m+dp/hard\libc_nano.a(libc_a-mprec.o)
                0x080155ec                __i2b
 .text.__multiply
                0x08015618      0x144 C:/ST/STM32CubeIDE_1.17.0/STM32CubeIDE/plugins/com.st.stm32cube.ide.mcu.externaltools.gnu-tools-for-stm32.13.3.rel1.win32_1.0.0.202411081344/tools/bin/../lib/gcc/arm-none-eabi/13.3.1/../../../../arm-none-eabi/lib/thumb/v7e-m+dp/hard\libc_nano.a(libc_a-mprec.o)
                0x08015618                __multiply
 .text.__pow5mult
                0x0801575c       0xb4 C:/ST/STM32CubeIDE_1.17.0/STM32CubeIDE/plugins/com.st.stm32cube.ide.mcu.externaltools.gnu-tools-for-stm32.13.3.rel1.win32_1.0.0.202411081344/tools/bin/../lib/gcc/arm-none-eabi/13.3.1/../../../../arm-none-eabi/lib/thumb/v7e-m+dp/hard\libc_nano.a(libc_a-mprec.o)
                0x0801575c                __pow5mult
 .text.__lshift
                0x08015810       0xd8 C:/ST/STM32CubeIDE_1.17.0/STM32CubeIDE/plugins/com.st.stm32cube.ide.mcu.externaltools.gnu-tools-for-stm32.13.3.rel1.win32_1.0.0.202411081344/tools/bin/../lib/gcc/arm-none-eabi/13.3.1/../../../../arm-none-eabi/lib/thumb/v7e-m+dp/hard\libc_nano.a(libc_a-mprec.o)
                0x08015810                __lshift
 .text.__mcmp   0x080158e8       0x36 C:/ST/STM32CubeIDE_1.17.0/STM32CubeIDE/plugins/com.st.stm32cube.ide.mcu.externaltools.gnu-tools-for-stm32.13.3.rel1.win32_1.0.0.202411081344/tools/bin/../lib/gcc/arm-none-eabi/13.3.1/../../../../arm-none-eabi/lib/thumb/v7e-m+dp/hard\libc_nano.a(libc_a-mprec.o)
                0x080158e8                __mcmp
 *fill*         0x0801591e        0x2 
 .text.__mdiff  0x08015920      0x128 C:/ST/STM32CubeIDE_1.17.0/STM32CubeIDE/plugins/com.st.stm32cube.ide.mcu.externaltools.gnu-tools-for-stm32.13.3.rel1.win32_1.0.0.202411081344/tools/bin/../lib/gcc/arm-none-eabi/13.3.1/../../../../arm-none-eabi/lib/thumb/v7e-m+dp/hard\libc_nano.a(libc_a-mprec.o)
                0x08015920                __mdiff
 .text.__d2b    0x08015a48       0xb0 C:/ST/STM32CubeIDE_1.17.0/STM32CubeIDE/plugins/com.st.stm32cube.ide.mcu.externaltools.gnu-tools-for-stm32.13.3.rel1.win32_1.0.0.202411081344/tools/bin/../lib/gcc/arm-none-eabi/13.3.1/../../../../arm-none-eabi/lib/thumb/v7e-m+dp/hard\libc_nano.a(libc_a-mprec.o)
                0x08015a48                __d2b
 .text.__sfputc_r
                0x08015af8       0x2e C:/ST/STM32CubeIDE_1.17.0/STM32CubeIDE/plugins/com.st.stm32cube.ide.mcu.externaltools.gnu-tools-for-stm32.13.3.rel1.win32_1.0.0.202411081344/tools/bin/../lib/gcc/arm-none-eabi/13.3.1/../../../../arm-none-eabi/lib/thumb/v7e-m+dp/hard\libc_nano.a(libc_a-nano-vfprintf.o)
 .text.__sfputs_r
                0x08015b26       0x24 C:/ST/STM32CubeIDE_1.17.0/STM32CubeIDE/plugins/com.st.stm32cube.ide.mcu.externaltools.gnu-tools-for-stm32.13.3.rel1.win32_1.0.0.202411081344/tools/bin/../lib/gcc/arm-none-eabi/13.3.1/../../../../arm-none-eabi/lib/thumb/v7e-m+dp/hard\libc_nano.a(libc_a-nano-vfprintf.o)
                0x08015b26                __sfputs_r
 *fill*         0x08015b4a        0x2 
 .text._vfprintf_r
                0x08015b4c      0x230 C:/ST/STM32CubeIDE_1.17.0/STM32CubeIDE/plugins/com.st.stm32cube.ide.mcu.externaltools.gnu-tools-for-stm32.13.3.rel1.win32_1.0.0.202411081344/tools/bin/../lib/gcc/arm-none-eabi/13.3.1/../../../../arm-none-eabi/lib/thumb/v7e-m+dp/hard\libc_nano.a(libc_a-nano-vfprintf.o)
                0x08015b4c                _vfprintf_r
                0x08015b4c                _vfiprintf_r
 .text.__sflush_r
                0x08015d7c      0x108 C:/ST/STM32CubeIDE_1.17.0/STM32CubeIDE/plugins/com.st.stm32cube.ide.mcu.externaltools.gnu-tools-for-stm32.13.3.rel1.win32_1.0.0.202411081344/tools/bin/../lib/gcc/arm-none-eabi/13.3.1/../../../../arm-none-eabi/lib/thumb/v7e-m+dp/hard\libc_nano.a(libc_a-fflush.o)
                0x08015d7c                __sflush_r
 .text._fflush_r
                0x08015e84       0x50 C:/ST/STM32CubeIDE_1.17.0/STM32CubeIDE/plugins/com.st.stm32cube.ide.mcu.externaltools.gnu-tools-for-stm32.13.3.rel1.win32_1.0.0.202411081344/tools/bin/../lib/gcc/arm-none-eabi/13.3.1/../../../../arm-none-eabi/lib/thumb/v7e-m+dp/hard\libc_nano.a(libc_a-fflush.o)
                0x08015e84                _fflush_r
 .text.__swhatbuf_r
                0x08015ed4       0x4c C:/ST/STM32CubeIDE_1.17.0/STM32CubeIDE/plugins/com.st.stm32cube.ide.mcu.externaltools.gnu-tools-for-stm32.13.3.rel1.win32_1.0.0.202411081344/tools/bin/../lib/gcc/arm-none-eabi/13.3.1/../../../../arm-none-eabi/lib/thumb/v7e-m+dp/hard\libc_nano.a(libc_a-makebuf.o)
                0x08015ed4                __swhatbuf_r
 .text.__smakebuf_r
                0x08015f20       0x78 C:/ST/STM32CubeIDE_1.17.0/STM32CubeIDE/plugins/com.st.stm32cube.ide.mcu.externaltools.gnu-tools-for-stm32.13.3.rel1.win32_1.0.0.202411081344/tools/bin/../lib/gcc/arm-none-eabi/13.3.1/../../../../arm-none-eabi/lib/thumb/v7e-m+dp/hard\libc_nano.a(libc_a-makebuf.o)
                0x08015f20                __smakebuf_r
 .text._fstat_r
                0x08015f98       0x24 C:/ST/STM32CubeIDE_1.17.0/STM32CubeIDE/plugins/com.st.stm32cube.ide.mcu.externaltools.gnu-tools-for-stm32.13.3.rel1.win32_1.0.0.202411081344/tools/bin/../lib/gcc/arm-none-eabi/13.3.1/../../../../arm-none-eabi/lib/thumb/v7e-m+dp/hard\libc_nano.a(libc_a-fstatr.o)
                0x08015f98                _fstat_r
 .text._isatty_r