../Core/Src/main.c:107:6:delay_Us	8	static
../Core/Src/main.c:673:1:__io_putchar	16	static
../Core/Src/main.c:679:6:HAL_UARTEx_RxEventCallback	16	static
../Core/Src/main.c:713:6:vApplicationStackOverflowHook	16	static,ignoring_inline_asm
../Core/Src/main.c:730:6:vApplicationMallocFailedHook	8	static,ignoring_inline_asm
../Core/Src/main.c:763:6:HAL_TIM_PeriodElapsedCallback	0	static
../Core/Src/main.c:781:6:Error_Handler	8	static,ignoring_inline_asm
../Core/Src/main.c:275:6:SystemClock_Config	120	static
../Core/Src/main.c:120:5:main	128	static
