../Core/Src/BNO085_SPI_Library.c:101:16:wait_for_INTN	16	static
../Core/Src/BNO085_SPI_Library.c:125:14:fixpoint_to_float	16	static
../Core/Src/BNO085_SPI_Library.c:72:6:SPI_Transmit	32	static
../Core/Src/BNO085_SPI_Library.c:179:16:send_Data.constprop	24	static
../Core/Src/BNO085_SPI_Library.c:212:16:set_FeatureCommand.constprop	4	static
../Core/Src/BNO085_SPI_Library.c:77:9:SPI_TransmitReceive_Return_Byte	32	static
../Core/Src/BNO085_SPI_Library.c:131:9:receive_Data	24	static
../Core/Src/BNO085_SPI_Library.c:234:10:parse_InputReport	20	static
../Core/Src/BNO085_SPI_Library.c:362:6:register_Sensor	24	static
../Core/Src/BNO085_SPI_Library.c:376:9:clear_init_Message_IMU	8	static
../Core/Src/BNO085_SPI_Library.c:384:6:hardreset_IMU	16	static
../Core/Src/BNO085_SPI_Library.c:388:6:get_and_clear_Reset_Status	0	static
../Core/Src/BNO085_SPI_Library.c:396:9:enable_GameRotationVector	0	static
../Core/Src/BNO085_SPI_Library.c:401:9:enable_LinearAcceleration	0	static
../Core/Src/BNO085_SPI_Library.c:405:9:enable_Gyroscope	0	static
../Core/Src/BNO085_SPI_Library.c:409:9:tare_now	4	static
../Core/Src/BNO085_SPI_Library.c:424:6:data_available	8	static
../Core/Src/BNO085_SPI_Library.c:434:7:get_LinearAcceleration_X	0	static
../Core/Src/BNO085_SPI_Library.c:438:7:get_LinearAcceleration_Y	0	static
../Core/Src/BNO085_SPI_Library.c:442:7:get_LinearAcceleration_Z	0	static
../Core/Src/BNO085_SPI_Library.c:446:7:get_Gyroscope_X	0	static
../Core/Src/BNO085_SPI_Library.c:450:7:get_Gyroscope_Y	0	static
../Core/Src/BNO085_SPI_Library.c:454:7:get_Gyroscope_Z	0	static
../Core/Src/BNO085_SPI_Library.c:458:9:get_Gyroscope_Accuracy	0	static
../Core/Src/BNO085_SPI_Library.c:462:7:get_Quat_I	0	static
../Core/Src/BNO085_SPI_Library.c:466:7:get_Quat_J	0	static
../Core/Src/BNO085_SPI_Library.c:470:7:get_Quat_K	0	static
../Core/Src/BNO085_SPI_Library.c:474:7:get_Quat_Real	0	static
../Core/Src/BNO085_SPI_Library.c:478:9:get_Quat_Accuracy	0	static
../Core/Src/BNO085_SPI_Library.c:483:9:check_Connection_IMU	16	static
../Core/Src/BNO085_SPI_Library.c:520:9:check_Command_Success	8	static
