../Core/Src/stm32h7xx_hal_msp.c:66:6:HAL_MspInit	8	static
../Core/Src/stm32h7xx_hal_msp.c:90:6:HAL_I2C_MspInit	240	static
../Core/Src/stm32h7xx_hal_msp.c:142:6:HAL_I2C_MspDeInit	8	static
../Core/Src/stm32h7xx_hal_msp.c:177:6:HAL_TIM_Base_MspInit	8	static
../Core/Src/stm32h7xx_hal_msp.c:194:6:HAL_TIM_MspPostInit	32	static
../Core/Src/stm32h7xx_hal_msp.c:226:6:HAL_TIM_Base_MspDeInit	0	static
../Core/Src/stm32h7xx_hal_msp.c:248:6:HAL_UART_MspInit	256	static
../Core/Src/stm32h7xx_hal_msp.c:396:6:HAL_UART_MspDeInit	8	static
