../Core/Src/main.c:107:6:delay_Us	24	static
../Core/Src/main.c:120:5:main	64	static
../Core/Src/main.c:275:6:SystemClock_Config	120	static
../Core/Src/main.c:337:13:MX_I2C1_Init	8	static
../Core/Src/main.c:392:13:MX_TIM4_Init	64	static
../Core/Src/main.c:451:13:MX_USART1_UART_Init	8	static
../Core/Src/main.c:502:13:MX_USART2_UART_Init	8	static
../Core/Src/main.c:550:13:MX_USART3_UART_Init	8	static
../Core/Src/main.c:596:13:MX_DMA_Init	16	static
../Core/Src/main.c:614:13:MX_GPIO_Init	56	static
../Core/Src/main.c:674:1:__io_putchar	16	static
../Core/Src/main.c:680:6:HAL_UARTEx_RxEventCallback	24	static
../Core/Src/main.c:714:6:vApplicationStackOverflowHook	24	static,ignoring_inline_asm
../Core/Src/main.c:731:6:vApplicationMallocFailedHook	8	static,ignoring_inline_asm
../Core/Src/main.c:747:13:MX_DWT_Init	4	static
../Core/Src/main.c:764:6:HAL_TIM_PeriodElapsedCallback	16	static
../Core/Src/main.c:782:6:Error_Handler	8	static,ignoring_inline_asm
