Archive member included to satisfy reference by file (symbol)

C:/ST/STM32CubeIDE_1.19.0/STM32CubeIDE/plugins/com.st.stm32cube.ide.mcu.externaltools.gnu-tools-for-stm32.13.3.rel1.win32_1.0.0.202411081344/tools/bin/../lib/gcc/arm-none-eabi/13.3.1/../../../../arm-none-eabi/lib/thumb/v7e-m+dp/hard\libc_nano.a(libc_a-exit.o)
                              C:/ST/STM32CubeIDE_1.19.0/STM32CubeIDE/plugins/com.st.stm32cube.ide.mcu.externaltools.gnu-tools-for-stm32.13.3.rel1.win32_1.0.0.202411081344/tools/bin/../lib/gcc/arm-none-eabi/13.3.1/../../../../arm-none-eabi/lib/thumb/v7e-m+dp/hard/crt0.o (exit)
C:/ST/STM32CubeIDE_1.19.0/STM32CubeIDE/plugins/com.st.stm32cube.ide.mcu.externaltools.gnu-tools-for-stm32.13.3.rel1.win32_1.0.0.202411081344/tools/bin/../lib/gcc/arm-none-eabi/13.3.1/../../../../arm-none-eabi/lib/thumb/v7e-m+dp/hard\libc_nano.a(libc_a-nano-vfprintf_float.o)
                              (_printf_float)
C:/ST/STM32CubeIDE_1.19.0/STM32CubeIDE/plugins/com.st.stm32cube.ide.mcu.externaltools.gnu-tools-for-stm32.13.3.rel1.win32_1.0.0.202411081344/tools/bin/../lib/gcc/arm-none-eabi/13.3.1/../../../../arm-none-eabi/lib/thumb/v7e-m+dp/hard\libc_nano.a(libc_a-nano-vfprintf_i.o)
                              C:/ST/STM32CubeIDE_1.19.0/STM32CubeIDE/plugins/com.st.stm32cube.ide.mcu.externaltools.gnu-tools-for-stm32.13.3.rel1.win32_1.0.0.202411081344/tools/bin/../lib/gcc/arm-none-eabi/13.3.1/../../../../arm-none-eabi/lib/thumb/v7e-m+dp/hard\libc_nano.a(libc_a-nano-vfprintf_float.o) (_printf_common)
C:/ST/STM32CubeIDE_1.19.0/STM32CubeIDE/plugins/com.st.stm32cube.ide.mcu.externaltools.gnu-tools-for-stm32.13.3.rel1.win32_1.0.0.202411081344/tools/bin/../lib/gcc/arm-none-eabi/13.3.1/../../../../arm-none-eabi/lib/thumb/v7e-m+dp/hard\libc_nano.a(libc_a-findfp.o)
                              ./Middlewares/Third_Party/FreeRTOS/Source/tasks.o (__sf)
C:/ST/STM32CubeIDE_1.19.0/STM32CubeIDE/plugins/com.st.stm32cube.ide.mcu.externaltools.gnu-tools-for-stm32.13.3.rel1.win32_1.0.0.202411081344/tools/bin/../lib/gcc/arm-none-eabi/13.3.1/../../../../arm-none-eabi/lib/thumb/v7e-m+dp/hard\libc_nano.a(libc_a-fwalk.o)
                              C:/ST/STM32CubeIDE_1.19.0/STM32CubeIDE/plugins/com.st.stm32cube.ide.mcu.externaltools.gnu-tools-for-stm32.13.3.rel1.win32_1.0.0.202411081344/tools/bin/../lib/gcc/arm-none-eabi/13.3.1/../../../../arm-none-eabi/lib/thumb/v7e-m+dp/hard\libc_nano.a(libc_a-findfp.o) (_fwalk_sglue)
C:/ST/STM32CubeIDE_1.19.0/STM32CubeIDE/plugins/com.st.stm32cube.ide.mcu.externaltools.gnu-tools-for-stm32.13.3.rel1.win32_1.0.0.202411081344/tools/bin/../lib/gcc/arm-none-eabi/13.3.1/../../../../arm-none-eabi/lib/thumb/v7e-m+dp/hard\libc_nano.a(libc_a-printf.o)
                              ./Core/Src/Servo.o (printf)
C:/ST/STM32CubeIDE_1.19.0/STM32CubeIDE/plugins/com.st.stm32cube.ide.mcu.externaltools.gnu-tools-for-stm32.13.3.rel1.win32_1.0.0.202411081344/tools/bin/../lib/gcc/arm-none-eabi/13.3.1/../../../../arm-none-eabi/lib/thumb/v7e-m+dp/hard\libc_nano.a(libc_a-puts.o)
                              ./Core/Src/NEO_M9_UART.o (puts)
C:/ST/STM32CubeIDE_1.19.0/STM32CubeIDE/plugins/com.st.stm32cube.ide.mcu.externaltools.gnu-tools-for-stm32.13.3.rel1.win32_1.0.0.202411081344/tools/bin/../lib/gcc/arm-none-eabi/13.3.1/../../../../arm-none-eabi/lib/thumb/v7e-m+dp/hard\libc_nano.a(libc_a-stdio.o)
                              C:/ST/STM32CubeIDE_1.19.0/STM32CubeIDE/plugins/com.st.stm32cube.ide.mcu.externaltools.gnu-tools-for-stm32.13.3.rel1.win32_1.0.0.202411081344/tools/bin/../lib/gcc/arm-none-eabi/13.3.1/../../../../arm-none-eabi/lib/thumb/v7e-m+dp/hard\libc_nano.a(libc_a-findfp.o) (__sread)
C:/ST/STM32CubeIDE_1.19.0/STM32CubeIDE/plugins/com.st.stm32cube.ide.mcu.externaltools.gnu-tools-for-stm32.13.3.rel1.win32_1.0.0.202411081344/tools/bin/../lib/gcc/arm-none-eabi/13.3.1/../../../../arm-none-eabi/lib/thumb/v7e-m+dp/hard\libc_nano.a(libc_a-wbuf.o)
                              C:/ST/STM32CubeIDE_1.19.0/STM32CubeIDE/plugins/com.st.stm32cube.ide.mcu.externaltools.gnu-tools-for-stm32.13.3.rel1.win32_1.0.0.202411081344/tools/bin/../lib/gcc/arm-none-eabi/13.3.1/../../../../arm-none-eabi/lib/thumb/v7e-m+dp/hard\libc_nano.a(libc_a-puts.o) (__swbuf_r)
C:/ST/STM32CubeIDE_1.19.0/STM32CubeIDE/plugins/com.st.stm32cube.ide.mcu.externaltools.gnu-tools-for-stm32.13.3.rel1.win32_1.0.0.202411081344/tools/bin/../lib/gcc/arm-none-eabi/13.3.1/../../../../arm-none-eabi/lib/thumb/v7e-m+dp/hard\libc_nano.a(libc_a-wsetup.o)
                              C:/ST/STM32CubeIDE_1.19.0/STM32CubeIDE/plugins/com.st.stm32cube.ide.mcu.externaltools.gnu-tools-for-stm32.13.3.rel1.win32_1.0.0.202411081344/tools/bin/../lib/gcc/arm-none-eabi/13.3.1/../../../../arm-none-eabi/lib/thumb/v7e-m+dp/hard\libc_nano.a(libc_a-puts.o) (__swsetup_r)
[...]
Memory Configuration

Name             Origin             Length             Attributes
FLASH            0x08000000         0x00200000         xr
DTCMRAM          0x20000000         0x00020000         xrw
RAM_D1           0x24000000         0x00080000         xrw
RAM_D2           0x30000000         0x00048000         xrw
RAM_D3           0x38000000         0x00010000         xrw
ITCMRAM          0x00000000         0x00010000         xrw
*default*        0x00000000         0xffffffff

Linker script and memory map

LOAD C:/ST/STM32CubeIDE_1.19.0/STM32CubeIDE/plugins/com.st.stm32cube.ide.mcu.externaltools.gnu-tools-for-stm32.13.3.rel1.win32_1.0.0.202411081344/tools/bin/../lib/gcc/arm-none-eabi/13.3.1/thumb/v7e-m+dp/hard/crti.o
LOAD C:/ST/STM32CubeIDE_1.19.0/STM32CubeIDE/plugins/com.st.stm32cube.ide.mcu.externaltools.gnu-tools-for-stm32.13.3.rel1.win32_1.0.0.202411081344/tools/bin/../lib/gcc/arm-none-eabi/13.3.1/thumb/v7e-m+dp/hard/crtbegin.o
LOAD C:/ST/STM32CubeIDE_1.19.0/STM32CubeIDE/plugins/com.st.stm32cube.ide.mcu.externaltools.gnu-tools-for-stm32.13.3.rel1.win32_1.0.0.202411081344/tools/bin/../lib/gcc/arm-none-eabi/13.3.1/../../../../arm-none-eabi/lib/thumb/v7e-m+dp/hard/crt0.o
LOAD ./Core/Src/BNO085_SPI_Library.o
LOAD ./Core/Src/Control.o
LOAD ./Core/Src/Hardware_Init.o
LOAD ./Core/Src/NEO_M9_UART.o
LOAD ./Core/Src/Servo.o
LOAD ./Core/Src/Xbee.o
LOAD ./Core/Src/freertos.o
LOAD ./Core/Src/main.o
LOAD ./Core/Src/spi.o
LOAD ./Core/Src/stm32h7xx_hal_msp.o
LOAD ./Core/Src/stm32h7xx_hal_timebase_tim.o
LOAD ./Core/Src/stm32h7xx_it.o
LOAD ./Core/Src/syscalls.o
LOAD ./Core/Src/sysmem.o
LOAD ./Core/Src/system_stm32h7xx.o
LOAD ./Core/Startup/startup_stm32h753zitx.o
LOAD ./Drivers/STM32H7xx_HAL_Driver/Src/stm32h7xx_hal.o
LOAD ./Drivers/STM32H7xx_HAL_Driver/Src/stm32h7xx_hal_cortex.o
LOAD ./Drivers/STM32H7xx_HAL_Driver/Src/stm32h7xx_hal_dma.o
LOAD ./Drivers/STM32H7xx_HAL_Driver/Src/stm32h7xx_hal_dma_ex.o
LOAD ./Drivers/STM32H7xx_HAL_Driver/Src/stm32h7xx_hal_exti.o
LOAD ./Drivers/STM32H7xx_HAL_Driver/Src/stm32h7xx_hal_flash.o
LOAD ./Drivers/STM32H7xx_HAL_Driver/Src/stm32h7xx_hal_flash_ex.o
LOAD ./Drivers/STM32H7xx_HAL_Driver/Src/stm32h7xx_hal_gpio.o
LOAD ./Drivers/STM32H7xx_HAL_Driver/Src/stm32h7xx_hal_hsem.o
LOAD ./Drivers/STM32H7xx_HAL_Driver/Src/stm32h7xx_hal_i2c.o
LOAD ./Drivers/STM32H7xx_HAL_Driver/Src/stm32h7xx_hal_i2c_ex.o
LOAD ./Drivers/STM32H7xx_HAL_Driver/Src/stm32h7xx_hal_mdma.o
LOAD ./Drivers/STM32H7xx_HAL_Driver/Src/stm32h7xx_hal_pwr.o
LOAD ./Drivers/STM32H7xx_HAL_Driver/Src/stm32h7xx_hal_pwr_ex.o
LOAD ./Drivers/STM32H7xx_HAL_Driver/Src/stm32h7xx_hal_rcc.o
LOAD ./Drivers/STM32H7xx_HAL_Driver/Src/stm32h7xx_hal_rcc_ex.o
LOAD ./Drivers/STM32H7xx_HAL_Driver/Src/stm32h7xx_hal_spi.o
LOAD ./Drivers/STM32H7xx_HAL_Driver/Src/stm32h7xx_hal_spi_ex.o
LOAD ./Drivers/STM32H7xx_HAL_Driver/Src/stm32h7xx_hal_tim.o
LOAD ./Drivers/STM32H7xx_HAL_Driver/Src/stm32h7xx_hal_tim_ex.o
LOAD ./Drivers/STM32H7xx_HAL_Driver/Src/stm32h7xx_hal_uart.o
LOAD ./Drivers/STM32H7xx_HAL_Driver/Src/stm32h7xx_hal_uart_ex.o
LOAD ./Middlewares/Third_Party/FreeRTOS/Source/CMSIS_RTOS_V2/cmsis_os2.o
LOAD ./Middlewares/Third_Party/FreeRTOS/Source/croutine.o
LOAD ./Middlewares/Third_Party/FreeRTOS/Source/event_groups.o
LOAD ./Middlewares/Third_Party/FreeRTOS/Source/list.o
LOAD ./Middlewares/Third_Party/FreeRTOS/Source/queue.o
LOAD ./Middlewares/Third_Party/FreeRTOS/Source/stream_buffer.o
LOAD ./Middlewares/Third_Party/FreeRTOS/Source/tasks.o
LOAD ./Middlewares/Third_Party/FreeRTOS/Source/timers.o
LOAD ./Middlewares/Third_Party/FreeRTOS/Source/portable/GCC/ARM_CM4F/port.o
LOAD ./Middlewares/Third_Party/FreeRTOS/Source/portable/MemMang/heap_4.o
START GROUP
LOAD C:/ST/STM32CubeIDE_1.19.0/STM32CubeIDE/plugins/com.st.stm32cube.ide.mcu.externaltools.gnu-tools-for-stm32.13.3.rel1.win32_1.0.0.202411081344/tools/bin/../lib/gcc/arm-none-eabi/13.3.1/../../../../arm-none-eabi/lib/thumb/v7e-m+dp/hard\libc_nano.a
LOAD C:/ST/STM32CubeIDE_1.19.0/STM32CubeIDE/plugins/com.st.stm32cube.ide.mcu.externaltools.gnu-tools-for-stm32.13.3.rel1.win32_1.0.0.202411081344/tools/bin/../lib/gcc/arm-none-eabi/13.3.1/../../../../arm-none-eabi/lib/thumb/v7e-m+dp/hard\libm.a
END GROUP
START GROUP
LOAD C:/ST/STM32CubeIDE_1.19.0/STM32CubeIDE/plugins/com.st.stm32cube.ide.mcu.externaltools.gnu-tools-for-stm32.13.3.rel1.win32_1.0.0.202411081344/tools/bin/../lib/gcc/arm-none-eabi/13.3.1/thumb/v7e-m+dp/hard\libgcc.a
LOAD C:/ST/STM32CubeIDE_1.19.0/STM32CubeIDE/plugins/com.st.stm32cube.ide.mcu.externaltools.gnu-tools-for-stm32.13.3.rel1.win32_1.0.0.202411081344/tools/bin/../lib/gcc/arm-none-eabi/13.3.1/../../../../arm-none-eabi/lib/thumb/v7e-m+dp/hard\libc_nano.a
END GROUP
START GROUP
LOAD C:/ST/STM32CubeIDE_1.19.0/STM32CubeIDE/plugins/com.st.stm32cube.ide.mcu.externaltools.gnu-tools-for-stm32.13.3.rel1.win32_1.0.0.202411081344/tools/bin/../lib/gcc/arm-none-eabi/13.3.1/thumb/v7e-m+dp/hard\libgcc.a
LOAD C:/ST/STM32CubeIDE_1.19.0/STM32CubeIDE/plugins/com.st.stm32cube.ide.mcu.externaltools.gnu-tools-for-stm32.13.3.rel1.win32_1.0.0.202411081344/tools/bin/../lib/gcc/arm-none-eabi/13.3.1/../../../../arm-none-eabi/lib/thumb/v7e-m+dp/hard\libc_nano.a
LOAD C:/ST/STM32CubeIDE_1.19.0/STM32CubeIDE/plugins/com.st.stm32cube.ide.mcu.externaltools.gnu-tools-for-stm32.13.3.rel1.win32_1.0.0.202411081344/tools/bin/../lib/gcc/arm-none-eabi/13.3.1/../../../../arm-none-eabi/lib/thumb/v7e-m+dp/hard\libnosys.a
END GROUP
START GROUP
LOAD C:/ST/STM32CubeIDE_1.19.0/STM32CubeIDE/plugins/com.st.stm32cube.ide.mcu.externaltools.gnu-tools-for-stm32.13.3.rel1.win32_1.0.0.202411081344/tools/bin/../lib/gcc/arm-none-eabi/13.3.1/thumb/v7e-m+dp/hard\libgcc.a
LOAD C:/ST/STM32CubeIDE_1.19.0/STM32CubeIDE/plugins/com.st.stm32cube.ide.mcu.externaltools.gnu-tools-for-stm32.13.3.rel1.win32_1.0.0.202411081344/tools/bin/../lib/gcc/arm-none-eabi/13.3.1/../../../../arm-none-eabi/lib/thumb/v7e-m+dp/hard\libc_nano.a
LOAD C:/ST/STM32CubeIDE_1.19.0/STM32CubeIDE/plugins/com.st.stm32cube.ide.mcu.externaltools.gnu-tools-for-stm32.13.3.rel1.win32_1.0.0.202411081344/tools/bin/../lib/gcc/arm-none-eabi/13.3.1/../../../../arm-none-eabi/lib/thumb/v7e-m+dp/hard\libnosys.a
END GROUP
LOAD C:/ST/STM32CubeIDE_1.19.0/STM32CubeIDE/plugins/com.st.stm32cube.ide.mcu.externaltools.gnu-tools-for-stm32.13.3.rel1.win32_1.0.0.202411081344/tools/bin/../lib/gcc/arm-none-eabi/13.3.1/thumb/v7e-m+dp/hard/crtend.o
LOAD C:/ST/STM32CubeIDE_1.19.0/STM32CubeIDE/plugins/com.st.stm32cube.ide.mcu.externaltools.gnu-tools-for-stm32.13.3.rel1.win32_1.0.0.202411081344/tools/bin/../lib/gcc/arm-none-eabi/13.3.1/thumb/v7e-m+dp/hard/crtn.o
                0x24080000                        _estack = (ORIGIN (RAM_D1) + LENGTH (RAM_D1))
                0x00000200                        _Min_Heap_Size = 0x200
                0x00000400                        _Min_Stack_Size = 0x400

.isr_vector     0x08000000      0x298
                0x08000000                        . = ALIGN (0x4)
 *(.isr_vector)
 .isr_vector    0x08000000      0x298 ./Core/Startup/startup_stm32h753zitx.o
                0x08000000                g_pfnVectors
                0x08000298                        . = ALIGN (0x4)

.text           0x080002a0    0x187e0
                0x080002a0                        . = ALIGN (0x4)
 *(.text)
 .text          0x080002a0       0x40 C:/ST/STM32CubeIDE_1.19.0/STM32CubeIDE/plugins/com.st.stm32cube.ide.mcu.externaltools.gnu-tools-for-stm32.13.3.rel1.win32_1.0.0.202411081344/tools/bin/../lib/gcc/arm-none-eabi/13.3.1/thumb/v7e-m+dp/hard/crtbegin.o
 .text          0x080002e0       0xa0 C:/ST/STM32CubeIDE_1.19.0/STM32CubeIDE/plugins/com.st.stm32cube.ide.mcu.externaltools.gnu-tools-for-stm32.13.3.rel1.win32_1.0.0.202411081344/tools/bin/../lib/gcc/arm-none-eabi/13.3.1/../../../../arm-none-eabi/lib/thumb/v7e-m+dp/hard\libc_nano.a(libc_a-memchr.o)
                0x080002e0                memchr
 .text          0x08000380       0x10 C:/ST/STM32CubeIDE_1.19.0/STM32CubeIDE/plugins/com.st.stm32cube.ide.mcu.externaltools.gnu-tools-for-stm32.13.3.rel1.win32_1.0.0.202411081344/tools/bin/../lib/gcc/arm-none-eabi/13.3.1/../../../../arm-none-eabi/lib/thumb/v7e-m+dp/hard\libc_nano.a(libc_a-strlen.o)
                0x08000380                strlen
 .text          0x08000390       0x30 C:/ST/STM32CubeIDE_1.19.0/STM32CubeIDE/plugins/com.st.stm32cube.ide.mcu.externaltools.gnu-tools-for-stm32.13.3.rel1.win32_1.0.0.202411081344/tools/bin/../lib/gcc/arm-none-eabi/13.3.1/thumb/v7e-m+dp/hard\libgcc.a(_aeabi_uldivmod.o)
                0x08000390                __aeabi_uldivmod
 .text          0x080003c0      0x2f8 C:/ST/STM32CubeIDE_1.19.0/STM32CubeIDE/plugins/com.st.stm32cube.ide.mcu.externaltools.gnu-tools-for-stm32.13.3.rel1.win32_1.0.0.202411081344/tools/bin/../lib/gcc/arm-none-eabi/13.3.1/thumb/v7e-m+dp/hard\libgcc.a(_udivmoddi4.o)
                0x080003c0                __udivmoddi4
 .text          0x080006b8        0x4 C:/ST/STM32CubeIDE_1.19.0/STM32CubeIDE/plugins/com.st.stm32cube.ide.mcu.externaltools.gnu-tools-for-stm32.13.3.rel1.win32_1.0.0.202411081344/tools/bin/../lib/gcc/arm-none-eabi/13.3.1/thumb/v7e-m+dp/hard\libgcc.a(_dvmd_tls.o)
                0x080006b8                __aeabi_idiv0
                0x080006b8                __aeabi_ldiv0
 *(.text*)
 .text.SPI_Transmit
                0x080006bc       0x2c ./Core/Src/BNO085_SPI_Library.o
                0x080006bc                SPI_Transmit
 .text.SPI_TransmitReceive_Return_Byte
                0x080006e8       0x30 ./Core/Src/BNO085_SPI_Library.o
                0x080006e8                SPI_TransmitReceive_Return_Byte
 .text.rstn     0x08000718       0x28 ./Core/Src/BNO085_SPI_Library.o
 .text.csn      0x08000740       0x28 ./Core/Src/BNO085_SPI_Library.o
 .text.reset_Hardware
                0x08000768       0x5a ./Core/Src/BNO085_SPI_Library.o
 .text.wait_for_INTN
                0x080007c2       0x54 ./Core/Src/BNO085_SPI_Library.o
 .text.check_INTN
                0x08000816       0x34 ./Core/Src/BNO085_SPI_Library.o
 .text.fixpoint_to_float
                0x0800084a       0x58 ./Core/Src/BNO085_SPI_Library.o
 .text.receive_Data
                0x080008a2      0x180 ./Core/Src/BNO085_SPI_Library.o
                0x080008a2                receive_Data
 .text.send_Data
                0x08000a22       0xcc ./Core/Src/BNO085_SPI_Library.o
 .text.set_FeatureCommand
                0x08000aee       0xc8 ./Core/Src/BNO085_SPI_Library.o
 *fill*         0x08000bb6        0x2 
 .text.parse_InputReport
                0x08000bb8      0x2ac ./Core/Src/BNO085_SPI_Library.o
                0x08000bb8                parse_InputReport
 .text.get_Readings
                0x08000e64       0x5c ./Core/Src/BNO085_SPI_Library.o
 .text.register_Sensor
                0x08000ec0       0x50 ./Core/Src/BNO085_SPI_Library.o
                0x08000ec0                register_Sensor
 .text.clear_init_Message_IMU
                0x08000f10       0x44 ./Core/Src/BNO085_SPI_Library.o
                0x08000f10                clear_init_Message_IMU
 .text.hardreset_IMU
                0x08000f54       0x28 ./Core/Src/BNO085_SPI_Library.o
                0x08000f54                hardreset_IMU
 .text.get_and_clear_Reset_Status
                0x08000f7c       0x2a ./Core/Src/BNO085_SPI_Library.o
                0x08000f7c                get_and_clear_Reset_Status
 .text.enable_GameRotationVector
                0x08000fa6       0x36 ./Core/Src/BNO085_SPI_Library.o
                0x08000fa6                enable_GameRotationVector
 .text.enable_LinearAcceleration
                0x08000fdc       0x2a ./Core/Src/BNO085_SPI_Library.o
                0x08000fdc                enable_LinearAcceleration
 .text.enable_Gyroscope
                0x08001006       0x2a ./Core/Src/BNO085_SPI_Library.o
                0x08001006                enable_Gyroscope
 .text.tare_now
                0x08001030       0x74 ./Core/Src/BNO085_SPI_Library.o
                0x08001030                tare_now
 .text.data_available
                0x080010a4       0x32 ./Core/Src/BNO085_SPI_Library.o
                0x080010a4                data_available
 *fill*         0x080010d6        0x2 
 .text.get_LinearAcceleration_X
                0x080010d8       0x34 ./Core/Src/BNO085_SPI_Library.o
                0x080010d8                get_LinearAcceleration_X
 .text.get_LinearAcceleration_Y
                0x0800110c       0x34 ./Core/Src/BNO085_SPI_Library.o
                0x0800110c                get_LinearAcceleration_Y
 .text.get_LinearAcceleration_Z
                0x08001140       0x34 ./Core/Src/BNO085_SPI_Library.o
                0x08001140                get_LinearAcceleration_Z
 .text.get_Gyroscope_X
                0x08001174       0x30 ./Core/Src/BNO085_SPI_Library.o
                0x08001174                get_Gyroscope_X
 .text.get_Gyroscope_Y
                0x080011a4       0x30 ./Core/Src/BNO085_SPI_Library.o
                0x080011a4                get_Gyroscope_Y
 .text.get_Gyroscope_Z
                0x080011d4       0x30 ./Core/Src/BNO085_SPI_Library.o
                0x080011d4                get_Gyroscope_Z
 .text.get_Quat_I
                0x08001204       0x34 ./Core/Src/BNO085_SPI_Library.o
                0x08001204                get_Quat_I
 .text.get_Quat_J
                0x08001238       0x34 ./Core/Src/BNO085_SPI_Library.o
                0x08001238                get_Quat_J
 .text.get_Quat_K
                0x0800126c       0x34 ./Core/Src/BNO085_SPI_Library.o
                0x0800126c                get_Quat_K
 .text.get_Quat_Real
                0x080012a0       0x34 ./Core/Src/BNO085_SPI_Library.o
                0x080012a0                get_Quat_Real
 .text.get_Quat_Accuracy
                0x080012d4       0x1c ./Core/Src/BNO085_SPI_Library.o
                0x080012d4                get_Quat_Accuracy
 .text.calc_angle
                0x080012f0      0x1c0 ./Core/Src/Control.o
                0x080012f0                calc_angle
 .text.normalize_angle
                0x080014b0       0x94 ./Core/Src/Control.o
                0x080014b0                normalize_angle
 .text.HAL_Init_GPIO_Sensor
                0x08001544       0x54 ./Core/Src/Hardware_Init.o
 .text.init_GPIO_IMU
                0x08001598       0x28 ./Core/Src/Hardware_Init.o
                0x08001598                init_GPIO_IMU
 .text.init_Hardware_BNO085
                0x080015c0       0x2c ./Core/Src/Hardware_Init.o
                0x080015c0                init_Hardware_BNO085
 .text.calculate_checksum
                0x080015ec       0x62 ./Core/Src/NEO_M9_UART.o
 *fill*         0x0800164e        0x2 
 .text.M9N_Init
                0x08001650      0x108 ./Core/Src/NEO_M9_UART.o
                0x08001650                M9N_Init
 .text.processGPS
                0x08001758      0x1a4 ./Core/Src/NEO_M9_UART.o
                0x08001758                processGPS
 .text.servo_init
                0x080018fc       0x8c ./Core/Src/Servo.o
                0x080018fc                servo_init
 .text.update_servo_runtime
                0x08001988       0x90 ./Core/Src/Servo.o
                0x08001988                update_servo_runtime
 .text.spin_servo
                0x08001a18      0x1ec ./Core/Src/Servo.o
                0x08001a18                spin_servo
 .text.stop_servo
                0x08001c04       0x1a ./Core/Src/Servo.o
                0x08001c04                stop_servo
 *fill*         0x08001c1e        0x2 
 .text.turnLeft
                0x08001c20       0x9c ./Core/Src/Servo.o
                0x08001c20                turnLeft
 *fill*         0x08001cbc        0x4 
 .text.turnRight
                0x08001cc0       0x9c ./Core/Src/Servo.o
                0x08001cc0                turnRight
 .text.__NVIC_GetEnableIRQ
                0x08001d5c       0x40 ./Core/Src/Xbee.o
 .text.xbee_init
                0x08001d9c       0xcc ./Core/Src/Xbee.o
                0x08001d9c                xbee_init
 .text.xbee_send_data
                0x08001e68       0x2c ./Core/Src/Xbee.o
                0x08001e68                xbee_send_data
 .text.HAL_UART_RxCpltCallback
                0x08001e94       0x74 ./Core/Src/Xbee.o
                0x08001e94                HAL_UART_RxCpltCallback
 .text.HAL_UART_ErrorCallback
                0x08001f08      0x10c ./Core/Src/Xbee.o
                0x08001f08                HAL_UART_ErrorCallback
 .text.HAL_UART_AbortReceiveCpltCallback
                0x08002014      0x1a8 ./Core/Src/Xbee.o
                0x08002014                HAL_UART_AbortReceiveCpltCallback
 .text.handle_cmd
                0x080021bc      0x120 ./Core/Src/Xbee.o
                0x080021bc                handle_cmd
 .text.MX_FREERTOS_Init
                0x080022dc      0x268 ./Core/Src/freertos.o
                0x080022dc                MX_FREERTOS_Init
 .text.StartDefaultTask
                0x08002544       0x12 ./Core/Src/freertos.o
                0x08002544                StartDefaultTask
 *fill*         0x08002556        0x2 
 .text.read_GPS
                0x08002558      0x310 ./Core/Src/freertos.o
                0x08002558                read_GPS
 .text.updateServos
                0x08002868      0x45c ./Core/Src/freertos.o
                0x08002868                updateServos
 .text.readCoord
                0x08002cc4      0x15c ./Core/Src/freertos.o
                0x08002cc4                readCoord
 .text.StartBno085Task
                0x08002e20      0x440 ./Core/Src/freertos.o
                0x08002e20                StartBno085Task
 .text.updateHeadingOffset
                0x08003260      0x138 ./Core/Src/freertos.o
                0x08003260                updateHeadingOffset
 .text.sendData
                0x08003398      0x170 ./Core/Src/freertos.o
                0x08003398                sendData
 .text.get_accuracy_string
                0x08003508       0x5c ./Core/Src/freertos.o
                0x08003508                get_accuracy_string
 .text.delay_Us
                0x08003564       0x4c ./Core/Src/main.o
                0x08003564                delay_Us
 .text.main     0x080035b0      0x248 ./Core/Src/main.o
                0x080035b0                main
 .text.SystemClock_Config
                0x080037f8      0x100 ./Core/Src/main.o
                0x080037f8                SystemClock_Config
 .text.MX_I2C1_Init
                0x080038f8       0x80 ./Core/Src/main.o
 .text.MX_TIM4_Init
                0x08003978      0x108 ./Core/Src/main.o
 .text.MX_USART1_UART_Init
                0x08003a80       0xac ./Core/Src/main.o
 .text.MX_USART2_UART_Init
                0x08003b2c       0x98 ./Core/Src/main.o
 .text.MX_USART3_UART_Init
                0x08003bc4       0x98 ./Core/Src/main.o
 .text.MX_DMA_Init
                0x08003c5c       0x40 ./Core/Src/main.o
 .text.MX_GPIO_Init
                0x08003c9c      0x1a4 ./Core/Src/main.o
 .text.__io_putchar
                0x08003e40       0x24 ./Core/Src/main.o
                0x08003e40                __io_putchar
 .text.HAL_UARTEx_RxEventCallback
                0x08003e64      0x344 ./Core/Src/main.o
                0x08003e64                HAL_UARTEx_RxEventCallback
 .text.MX_DWT_Init
                0x080041a8       0x30 ./Core/Src/main.o
 .text.HAL_TIM_PeriodElapsedCallback
                0x080041d8       0x24 ./Core/Src/main.o
                0x080041d8                HAL_TIM_PeriodElapsedCallback
 .text.Error_Handler
                0x080041fc       0x48 ./Core/Src/main.o
                0x080041fc                Error_Handler
 .text.MX_SPI1_Init
                0x08004244       0xb0 ./Core/Src/spi.o
                0x08004244                MX_SPI1_Init
 .text.HAL_SPI_MspInit
                0x080042f4       0xd0 ./Core/Src/spi.o
                0x080042f4                HAL_SPI_MspInit
 .text.HAL_MspInit
                0x080043c4       0x3c ./Core/Src/stm32h7xx_hal_msp.o
                0x080043c4                HAL_MspInit
 .text.HAL_I2C_MspInit
                0x08004400       0xf4 ./Core/Src/stm32h7xx_hal_msp.o
                0x08004400                HAL_I2C_MspInit
 .text.HAL_TIM_Base_MspInit
                0x080044f4       0x44 ./Core/Src/stm32h7xx_hal_msp.o
                0x080044f4                HAL_TIM_Base_MspInit
 .text.HAL_TIM_MspPostInit
                0x08004538       0x78 ./Core/Src/stm32h7xx_hal_msp.o
                0x08004538                HAL_TIM_MspPostInit
 .text.HAL_UART_MspInit
                0x080045b0      0x2e8 ./Core/Src/stm32h7xx_hal_msp.o
                0x080045b0                HAL_UART_MspInit
 .text.HAL_InitTick
                0x08004898       0xd8 ./Core/Src/stm32h7xx_hal_timebase_tim.o
                0x08004898                HAL_InitTick
 .text.NMI_Handler
                0x08004970        0x8 ./Core/Src/stm32h7xx_it.o
                0x08004970                NMI_Handler
 .text.HardFault_Handler
                0x08004978        0x8 ./Core/Src/stm32h7xx_it.o
                0x08004978                HardFault_Handler
 .text.MemManage_Handler
                0x08004980        0x8 ./Core/Src/stm32h7xx_it.o
                0x08004980                MemManage_Handler
 .text.BusFault_Handler
                0x08004988        0x8 ./Core/Src/stm32h7xx_it.o
                0x08004988                BusFault_Handler
 .text.UsageFault_Handler
                0x08004990        0x8 ./Core/Src/stm32h7xx_it.o
                0x08004990                UsageFault_Handler
 .text.DebugMon_Handler
                0x08004998        0xe ./Core/Src/stm32h7xx_it.o
                0x08004998                DebugMon_Handler
 *fill*         0x080049a6        0x2 
 .text.DMA1_Stream0_IRQHandler
                0x080049a8       0x14 ./Core/Src/stm32h7xx_it.o
                0x080049a8                DMA1_Stream0_IRQHandler
 .text.I2C1_EV_IRQHandler
                0x080049bc       0x14 ./Core/Src/stm32h7xx_it.o
                0x080049bc                I2C1_EV_IRQHandler
 .text.I2C1_ER_IRQHandler
                0x080049d0       0x14 ./Core/Src/stm32h7xx_it.o
                0x080049d0                I2C1_ER_IRQHandler
 .text.USART1_IRQHandler
                0x080049e4       0x14 ./Core/Src/stm32h7xx_it.o
                0x080049e4                USART1_IRQHandler
 .text.USART2_IRQHandler
                0x080049f8       0x20 ./Core/Src/stm32h7xx_it.o
                0x080049f8                USART2_IRQHandler
 .text.TIM6_DAC_IRQHandler
                0x08004a18       0x14 ./Core/Src/stm32h7xx_it.o
                0x08004a18                TIM6_DAC_IRQHandler
 .text.EXTI9_5_IRQHandler
                0x08004a2c       0x34 ./Core/Src/stm32h7xx_it.o
                0x08004a2c                EXTI9_5_IRQHandler
 .text._getpid  0x08004a60       0x10 ./Core/Src/syscalls.o
                0x08004a60                _getpid
 .text._kill    0x08004a70       0x20 ./Core/Src/syscalls.o
                0x08004a70                _kill
 .text._exit    0x08004a90       0x16 ./Core/Src/syscalls.o
                0x08004a90                _exit
 .text._read    0x08004aa6       0x3a ./Core/Src/syscalls.o
                0x08004aa6                _read
 .text._write   0x08004ae0       0x38 ./Core/Src/syscalls.o
                0x08004ae0                _write
 .text._close   0x08004b18       0x18 ./Core/Src/syscalls.o
                0x08004b18                _close
 .text._fstat   0x08004b30       0x20 ./Core/Src/syscalls.o
                0x08004b30                _fstat
 .text._isatty  0x08004b50       0x16 ./Core/Src/syscalls.o
                0x08004b50                _isatty
 .text._lseek   0x08004b66       0x1a ./Core/Src/syscalls.o
                0x08004b66                _lseek
 .text._sbrk    0x08004b80       0x6c ./Core/Src/sysmem.o
                0x08004b80                _sbrk
 .text.SystemInit
                0x08004bec      0x140 ./Core/Src/system_stm32h7xx.o
                0x08004bec                SystemInit
 .text.ExitRun0Mode
                0x08004d2c       0x30 ./Core/Src/system_stm32h7xx.o
                0x08004d2c                ExitRun0Mode
 .text.Reset_Handler
                0x08004d5c       0x54 ./Core/Startup/startup_stm32h753zitx.o
                0x08004d5c                Reset_Handler
 .text.Default_Handler
                0x08004db0        0x2 ./Core/Startup/startup_stm32h753zitx.o
                0x08004db0                RTC_Alarm_IRQHandler
                0x08004db0                HASH_RNG_IRQHandler
                0x08004db0                EXTI2_IRQHandler
                0x08004db0                TIM8_CC_IRQHandler
                0x08004db0                HRTIM1_Master_IRQHandler
                0x08004db0                UART8_IRQHandler
                0x08004db0                SPI4_IRQHandler
                0x08004db0                TIM1_CC_IRQHandler
                0x08004db0                BDMA_Channel6_IRQHandler
                0x08004db0                DMA2_Stream5_IRQHandler
                0x08004db0                HRTIM1_FLT_IRQHandler
                0x08004db0                JPEG_IRQHandler
                0x08004db0                DMA1_Stream5_IRQHandler
                0x08004db0                BDMA_Channel1_IRQHandler
                0x08004db0                HRTIM1_TIMD_IRQHandler
                0x08004db0                TAMP_STAMP_IRQHandler
                0x08004db0                EXTI3_IRQHandler
                0x08004db0                LPTIM4_IRQHandler
                0x08004db0                TIM8_TRG_COM_TIM14_IRQHandler
                0x08004db0                LPTIM2_IRQHandler
                0x08004db0                DFSDM1_FLT1_IRQHandler
                0x08004db0                DMAMUX2_OVR_IRQHandler
                0x08004db0                TIM8_UP_TIM13_IRQHandler
                0x08004db0                I2C3_ER_IRQHandler
                0x08004db0                DFSDM1_FLT2_IRQHandler
                0x08004db0                MDMA_IRQHandler
                0x08004db0                LPTIM3_IRQHandler
                0x08004db0                HSEM1_IRQHandler
                0x08004db0                EXTI0_IRQHandler
                0x08004db0                I2C2_EV_IRQHandler
                0x08004db0                DMA1_Stream2_IRQHandler
                0x08004db0                FPU_IRQHandler
                0x08004db0                OTG_HS_WKUP_IRQHandler
                0x08004db0                FDCAN1_IT1_IRQHandler
                0x08004db0                LTDC_ER_IRQHandler
                0x08004db0                DMA2_Stream2_IRQHandler
                0x08004db0                HRTIM1_TIME_IRQHandler
                0x08004db0                SPI1_IRQHandler
                0x08004db0                DCMI_IRQHandler
                0x08004db0                HRTIM1_TIMC_IRQHandler
                0x08004db0                DMA2_Stream3_IRQHandler
                0x08004db0                SAI2_IRQHandler
                0x08004db0                DFSDM1_FLT3_IRQHandler
                0x08004db0                USART6_IRQHandler
                0x08004db0                TIM17_IRQHandler
                0x08004db0                USART3_IRQHandler
                0x08004db0                BDMA_Channel7_IRQHandler
                0x08004db0                CRYP_IRQHandler
                0x08004db0                LPTIM5_IRQHandler
                0x08004db0                UART5_IRQHandler
                0x08004db0                ADC3_IRQHandler
                0x08004db0                DMA2_Stream0_IRQHandler
                0x08004db0                TIM4_IRQHandler
                0x08004db0                BDMA_Channel2_IRQHandler
                0x08004db0                QUADSPI_IRQHandler
                0x08004db0                DMA1_Stream6_IRQHandler
                0x08004db0                DMAMUX1_OVR_IRQHandler
                0x08004db0                DMA1_Stream1_IRQHandler
                0x08004db0                TIM16_IRQHandler
                0x08004db0                UART4_IRQHandler
                0x08004db0                BDMA_Channel5_IRQHandler
                0x08004db0                TIM3_IRQHandler
                0x08004db0                RCC_IRQHandler
                0x08004db0                TIM8_BRK_TIM12_IRQHandler
                0x08004db0                TIM1_TRG_COM_IRQHandler
                0x08004db0                Default_Handler
                0x08004db0                ECC_IRQHandler
                0x08004db0                CEC_IRQHandler
                0x08004db0                EXTI15_10_IRQHandler
                0x08004db0                BDMA_Channel0_IRQHandler
                0x08004db0                ADC_IRQHandler
                0x08004db0                DMA1_Stream7_IRQHandler
                0x08004db0                HRTIM1_TIMA_IRQHandler
                0x08004db0                SPI5_IRQHandler
                0x08004db0                TIM7_IRQHandler
                0x08004db0                SDMMC1_IRQHandler
                0x08004db0                TIM5_IRQHandler
                0x08004db0                DMA2_Stream7_IRQHandler
                0x08004db0                TIM15_IRQHandler
                0x08004db0                PVD_AVD_IRQHandler
                0x08004db0                I2C3_EV_IRQHandler
                0x08004db0                RTC_WKUP_IRQHandler
                0x08004db0                LTDC_IRQHandler
                0x08004db0                SAI3_IRQHandler
                0x08004db0                ETH_WKUP_IRQHandler
                0x08004db0                SPDIF_RX_IRQHandler
                0x08004db0                SPI2_IRQHandler
                0x08004db0                OTG_HS_EP1_IN_IRQHandler
                0x08004db0                CRS_IRQHandler
                0x08004db0                EXTI4_IRQHandler
                0x08004db0                HRTIM1_TIMB_IRQHandler
                0x08004db0                FDCAN2_IT1_IRQHandler
                0x08004db0                ETH_IRQHandler
                0x08004db0                TIM1_UP_IRQHandler
                0x08004db0                BDMA_Channel4_IRQHandler
                0x08004db0                OTG_HS_EP1_OUT_IRQHandler
                0x08004db0                WWDG_IRQHandler
                0x08004db0                SPI6_IRQHandler
                0x08004db0                MDIOS_IRQHandler
                0x08004db0                I2C4_EV_IRQHandler
                0x08004db0                FDCAN2_IT0_IRQHandler
                0x08004db0                LPUART1_IRQHandler
                0x08004db0                FDCAN1_IT0_IRQHandler
                0x08004db0                TIM2_IRQHandler
                0x08004db0                OTG_FS_WKUP_IRQHandler
                0x08004db0                OTG_HS_IRQHandler
                0x08004db0                DMA2D_IRQHandler
                0x08004db0                TIM1_BRK_IRQHandler
                0x08004db0                EXTI1_IRQHandler
                0x08004db0                SDMMC2_IRQHandler
                0x08004db0                OTG_FS_EP1_OUT_IRQHandler
                0x08004db0                BDMA_Channel3_IRQHandler
                0x08004db0                UART7_IRQHandler
                0x08004db0                MDIOS_WKUP_IRQHandler
                0x08004db0                DFSDM1_FLT0_IRQHandler
                0x08004db0                SAI4_IRQHandler
                0x08004db0                I2C2_ER_IRQHandler
                0x08004db0                DMA2_Stream1_IRQHandler
                0x08004db0                FLASH_IRQHandler
                0x08004db0                DMA2_Stream4_IRQHandler
                0x08004db0                OTG_FS_IRQHandler
                0x08004db0                SPI3_IRQHandler
                0x08004db0                WAKEUP_PIN_IRQHandler
                0x08004db0                DMA1_Stream4_IRQHandler
                0x08004db0                OTG_FS_EP1_IN_IRQHandler
                0x08004db0                FMC_IRQHandler
                0x08004db0                FDCAN_CAL_IRQHandler
                0x08004db0                SWPMI1_IRQHandler
                0x08004db0                COMP1_IRQHandler
                0x08004db0                LPTIM1_IRQHandler
                0x08004db0                I2C4_ER_IRQHandler
                0x08004db0                DMA2_Stream6_IRQHandler
                0x08004db0                SAI1_IRQHandler
                0x08004db0                DMA1_Stream3_IRQHandler
 *fill*         0x08004db2        0x2 
 .text.HAL_Init
                0x08004db4       0x78 ./Drivers/STM32H7xx_HAL_Driver/Src/stm32h7xx_hal.o
                0x08004db4                HAL_Init
 .text.HAL_IncTick
                0x08004e2c       0x28 ./Drivers/STM32H7xx_HAL_Driver/Src/stm32h7xx_hal.o
                0x08004e2c                HAL_IncTick
 .text.HAL_GetTick
                0x08004e54       0x18 ./Drivers/STM32H7xx_HAL_Driver/Src/stm32h7xx_hal.o
                0x08004e54                HAL_GetTick
 .text.HAL_Delay
                0x08004e6c       0x48 ./Drivers/STM32H7xx_HAL_Driver/Src/stm32h7xx_hal.o
                0x08004e6c                HAL_Delay
 .text.HAL_GetREVID
                0x08004eb4       0x18 ./Drivers/STM32H7xx_HAL_Driver/Src/stm32h7xx_hal.o
                0x08004eb4                HAL_GetREVID
 .text.__NVIC_SetPriorityGrouping
                0x08004ecc       0x48 ./Drivers/STM32H7xx_HAL_Driver/Src/stm32h7xx_hal_cortex.o
 .text.__NVIC_GetPriorityGrouping
                0x08004f14       0x1c ./Drivers/STM32H7xx_HAL_Driver/Src/stm32h7xx_hal_cortex.o
 .text.__NVIC_EnableIRQ
                0x08004f30       0x3c ./Drivers/STM32H7xx_HAL_Driver/Src/stm32h7xx_hal_cortex.o
 .text.__NVIC_SetPriority
                0x08004f6c       0x54 ./Drivers/STM32H7xx_HAL_Driver/Src/stm32h7xx_hal_cortex.o
 .text.NVIC_EncodePriority
                0x08004fc0       0x66 ./Drivers/STM32H7xx_HAL_Driver/Src/stm32h7xx_hal_cortex.o
 .text.HAL_NVIC_SetPriorityGrouping
                0x08005026       0x16 ./Drivers/STM32H7xx_HAL_Driver/Src/stm32h7xx_hal_cortex.o
                0x08005026                HAL_NVIC_SetPriorityGrouping
 .text.HAL_NVIC_SetPriority
                0x0800503c       0x34 ./Drivers/STM32H7xx_HAL_Driver/Src/stm32h7xx_hal_cortex.o
                0x0800503c                HAL_NVIC_SetPriority
 .text.HAL_NVIC_EnableIRQ
                0x08005070       0x1c ./Drivers/STM32H7xx_HAL_Driver/Src/stm32h7xx_hal_cortex.o
                0x08005070                HAL_NVIC_EnableIRQ
 .text.HAL_DMA_Init
                0x0800508c      0x6b8 ./Drivers/STM32H7xx_HAL_Driver/Src/stm32h7xx_hal_dma.o
                0x0800508c                HAL_DMA_Init
 .text.HAL_DMA_Start_IT
                0x08005744      0x4d4 ./Drivers/STM32H7xx_HAL_Driver/Src/stm32h7xx_hal_dma.o
                0x08005744                HAL_DMA_Start_IT
 .text.HAL_DMA_Abort
                0x08005c18      0x63c ./Drivers/STM32H7xx_HAL_Driver/Src/stm32h7xx_hal_dma.o
                0x08005c18                HAL_DMA_Abort
 .text.HAL_DMA_Abort_IT
                0x08006254      0x48c ./Drivers/STM32H7xx_HAL_Driver/Src/stm32h7xx_hal_dma.o
                0x08006254                HAL_DMA_Abort_IT
 .text.HAL_DMA_IRQHandler
                0x080066e0      0xe54 ./Drivers/STM32H7xx_HAL_Driver/Src/stm32h7xx_hal_dma.o
                0x080066e0                HAL_DMA_IRQHandler
 .text.HAL_DMA_GetState
                0x08007534       0x1c ./Drivers/STM32H7xx_HAL_Driver/Src/stm32h7xx_hal_dma.o
                0x08007534                HAL_DMA_GetState
 .text.DMA_SetConfig
                0x08007550      0x358 ./Drivers/STM32H7xx_HAL_Driver/Src/stm32h7xx_hal_dma.o
 .text.DMA_CalcBaseAndBitshift
                0x080078a8      0x164 ./Drivers/STM32H7xx_HAL_Driver/Src/stm32h7xx_hal_dma.o
 .text.DMA_CheckFifoParam
                0x08007a0c       0xf8 ./Drivers/STM32H7xx_HAL_Driver/Src/stm32h7xx_hal_dma.o
 .text.DMA_CalcDMAMUXChannelBaseAndMask
                0x08007b04      0x134 ./Drivers/STM32H7xx_HAL_Driver/Src/stm32h7xx_hal_dma.o
 .text.DMA_CalcDMAMUXRequestGenBaseAndMask
                0x08007c38       0xe8 ./Drivers/STM32H7xx_HAL_Driver/Src/stm32h7xx_hal_dma.o
 .text.HAL_GPIO_Init
                0x08007d20      0x360 ./Drivers/STM32H7xx_HAL_Driver/Src/stm32h7xx_hal_gpio.o
                0x08007d20                HAL_GPIO_Init
 .text.HAL_GPIO_ReadPin
                0x08008080       0x30 ./Drivers/STM32H7xx_HAL_Driver/Src/stm32h7xx_hal_gpio.o
                0x08008080                HAL_GPIO_ReadPin
 .text.HAL_GPIO_WritePin
                0x080080b0       0x32 ./Drivers/STM32H7xx_HAL_Driver/Src/stm32h7xx_hal_gpio.o
                0x080080b0                HAL_GPIO_WritePin
 .text.HAL_GPIO_TogglePin
                0x080080e2       0x34 ./Drivers/STM32H7xx_HAL_Driver/Src/stm32h7xx_hal_gpio.o
                0x080080e2                HAL_GPIO_TogglePin
 *fill*         0x08008116        0x2 
 .text.HAL_I2C_Init
                0x08008118      0x138 ./Drivers/STM32H7xx_HAL_Driver/Src/stm32h7xx_hal_i2c.o
                0x08008118                HAL_I2C_Init
 .text.HAL_I2C_EV_IRQHandler
                0x08008250       0x34 ./Drivers/STM32H7xx_HAL_Driver/Src/stm32h7xx_hal_i2c.o
                0x08008250                HAL_I2C_EV_IRQHandler
 .text.HAL_I2C_ER_IRQHandler
                0x08008284       0xc2 ./Drivers/STM32H7xx_HAL_Driver/Src/stm32h7xx_hal_i2c.o
                0x08008284                HAL_I2C_ER_IRQHandler
 .text.HAL_I2C_SlaveTxCpltCallback
                0x08008346       0x14 ./Drivers/STM32H7xx_HAL_Driver/Src/stm32h7xx_hal_i2c.o
                0x08008346                HAL_I2C_SlaveTxCpltCallback
 .text.HAL_I2C_SlaveRxCpltCallback
                0x0800835a       0x14 ./Drivers/STM32H7xx_HAL_Driver/Src/stm32h7xx_hal_i2c.o
                0x0800835a                HAL_I2C_SlaveRxCpltCallback
 .text.HAL_I2C_AddrCallback
                0x0800836e       0x1c ./Drivers/STM32H7xx_HAL_Driver/Src/stm32h7xx_hal_i2c.o
                0x0800836e                HAL_I2C_AddrCallback
 .text.HAL_I2C_ListenCpltCallback
                0x0800838a       0x14 ./Drivers/STM32H7xx_HAL_Driver/Src/stm32h7xx_hal_i2c.o
                0x0800838a                HAL_I2C_ListenCpltCallback
 .text.HAL_I2C_ErrorCallback
                0x0800839e       0x14 ./Drivers/STM32H7xx_HAL_Driver/Src/stm32h7xx_hal_i2c.o
                0x0800839e                HAL_I2C_ErrorCallback
 .text.HAL_I2C_AbortCpltCallback
                0x080083b2       0x14 ./Drivers/STM32H7xx_HAL_Driver/Src/stm32h7xx_hal_i2c.o
                0x080083b2                HAL_I2C_AbortCpltCallback
 .text.I2C_Slave_ISR_IT
                0x080083c6      0x208 ./Drivers/STM32H7xx_HAL_Driver/Src/stm32h7xx_hal_i2c.o
 .text.I2C_ITAddrCplt
                0x080085ce      0x108 ./Drivers/STM32H7xx_HAL_Driver/Src/stm32h7xx_hal_i2c.o
 .text.I2C_ITSlaveSeqCplt
                0x080086d6       0xbc ./Drivers/STM32H7xx_HAL_Driver/Src/stm32h7xx_hal_i2c.o
 *fill*         0x08008792        0x2 
 .text.I2C_ITSlaveCplt
                0x08008794      0x4b4 ./Drivers/STM32H7xx_HAL_Driver/Src/stm32h7xx_hal_i2c.o
 .text.I2C_ITListenCplt
                0x08008c48       0xac ./Drivers/STM32H7xx_HAL_Driver/Src/stm32h7xx_hal_i2c.o
 .text.I2C_ITError
                0x08008cf4      0x1e0 ./Drivers/STM32H7xx_HAL_Driver/Src/stm32h7xx_hal_i2c.o
 .text.I2C_TreatErrorCallback
                0x08008ed4       0x4e ./Drivers/STM32H7xx_HAL_Driver/Src/stm32h7xx_hal_i2c.o
 .text.I2C_Flush_TXDR
                0x08008f22       0x48 ./Drivers/STM32H7xx_HAL_Driver/Src/stm32h7xx_hal_i2c.o
 .text.I2C_DMAAbort
                0x08008f6a       0x3c ./Drivers/STM32H7xx_HAL_Driver/Src/stm32h7xx_hal_i2c.o
 .text.I2C_Disable_IRQ
                0x08008fa6       0xbc ./Drivers/STM32H7xx_HAL_Driver/Src/stm32h7xx_hal_i2c.o
 .text.HAL_I2CEx_ConfigAnalogFilter
                0x08009062       0x96 ./Drivers/STM32H7xx_HAL_Driver/Src/stm32h7xx_hal_i2c_ex.o
                0x08009062                HAL_I2CEx_ConfigAnalogFilter
 .text.HAL_I2CEx_ConfigDigitalFilter
                0x080090f8       0x98 ./Drivers/STM32H7xx_HAL_Driver/Src/stm32h7xx_hal_i2c_ex.o
                0x080090f8                HAL_I2CEx_ConfigDigitalFilter
 .text.HAL_PWREx_ConfigSupply
                0x08009190       0x74 ./Drivers/STM32H7xx_HAL_Driver/Src/stm32h7xx_hal_pwr_ex.o
                0x08009190                HAL_PWREx_ConfigSupply
 .text.HAL_RCC_OscConfig
                0x08009204      0x8b4 ./Drivers/STM32H7xx_HAL_Driver/Src/stm32h7xx_hal_rcc.o
                0x08009204                HAL_RCC_OscConfig
 .text.HAL_RCC_ClockConfig
                0x08009ab8      0x36c ./Drivers/STM32H7xx_HAL_Driver/Src/stm32h7xx_hal_rcc.o
                0x08009ab8                HAL_RCC_ClockConfig
 .text.HAL_RCC_GetSysClockFreq
                0x08009e24      0x2f4 ./Drivers/STM32H7xx_HAL_Driver/Src/stm32h7xx_hal_rcc.o
                0x08009e24                HAL_RCC_GetSysClockFreq
 .text.HAL_RCC_GetHCLKFreq
                0x0800a118       0x60 ./Drivers/STM32H7xx_HAL_Driver/Src/stm32h7xx_hal_rcc.o
                0x0800a118                HAL_RCC_GetHCLKFreq
 .text.HAL_RCC_GetPCLK1Freq
                0x0800a178       0x2c ./Drivers/STM32H7xx_HAL_Driver/Src/stm32h7xx_hal_rcc.o
                0x0800a178                HAL_RCC_GetPCLK1Freq
 .text.HAL_RCC_GetPCLK2Freq
                0x0800a1a4       0x2c ./Drivers/STM32H7xx_HAL_Driver/Src/stm32h7xx_hal_rcc.o
                0x0800a1a4                HAL_RCC_GetPCLK2Freq
 .text.HAL_RCC_GetClockConfig
                0x0800a1d0       0x84 ./Drivers/STM32H7xx_HAL_Driver/Src/stm32h7xx_hal_rcc.o
                0x0800a1d0                HAL_RCC_GetClockConfig
 .text.HAL_RCCEx_PeriphCLKConfig
                0x0800a254     0x1414 ./Drivers/STM32H7xx_HAL_Driver/Src/stm32h7xx_hal_rcc_ex.o
                0x0800a254                HAL_RCCEx_PeriphCLKConfig
 .text.HAL_RCCEx_GetD3PCLK1Freq
                0x0800b668       0x2c ./Drivers/STM32H7xx_HAL_Driver/Src/stm32h7xx_hal_rcc_ex.o
                0x0800b668                HAL_RCCEx_GetD3PCLK1Freq
 .text.HAL_RCCEx_GetPLL2ClockFreq
                0x0800b694      0x2a8 ./Drivers/STM32H7xx_HAL_Driver/Src/stm32h7xx_hal_rcc_ex.o
                0x0800b694                HAL_RCCEx_GetPLL2ClockFreq
 .text.HAL_RCCEx_GetPLL3ClockFreq
                0x0800b93c      0x2a8 ./Drivers/STM32H7xx_HAL_Driver/Src/stm32h7xx_hal_rcc_ex.o
                0x0800b93c                HAL_RCCEx_GetPLL3ClockFreq
 .text.RCCEx_PLL2_Config
                0x0800bbe4      0x164 ./Drivers/STM32H7xx_HAL_Driver/Src/stm32h7xx_hal_rcc_ex.o
 .text.RCCEx_PLL3_Config
                0x0800bd48      0x164 ./Drivers/STM32H7xx_HAL_Driver/Src/stm32h7xx_hal_rcc_ex.o
 .text.HAL_SPI_Init
                0x0800beac      0x248 ./Drivers/STM32H7xx_HAL_Driver/Src/stm32h7xx_hal_spi.o
                0x0800beac                HAL_SPI_Init
 .text.HAL_SPI_TransmitReceive
                0x0800c0f4      0x674 ./Drivers/STM32H7xx_HAL_Driver/Src/stm32h7xx_hal_spi.o
                0x0800c0f4                HAL_SPI_TransmitReceive
 .text.SPI_CloseTransfer
                0x0800c768      0x140 ./Drivers/STM32H7xx_HAL_Driver/Src/stm32h7xx_hal_spi.o
 .text.SPI_WaitOnFlagUntilTimeout
                0x0800c8a8       0x5c ./Drivers/STM32H7xx_HAL_Driver/Src/stm32h7xx_hal_spi.o
 .text.SPI_GetPacketSize
                0x0800c904       0x36 ./Drivers/STM32H7xx_HAL_Driver/Src/stm32h7xx_hal_spi.o
 .text.HAL_TIM_Base_Init
                0x0800c93a       0xae ./Drivers/STM32H7xx_HAL_Driver/Src/stm32h7xx_hal_tim.o
                0x0800c93a                HAL_TIM_Base_Init
 .text.HAL_TIM_Base_Start_IT
                0x0800c9e8       0xf0 ./Drivers/STM32H7xx_HAL_Driver/Src/stm32h7xx_hal_tim.o
                0x0800c9e8                HAL_TIM_Base_Start_IT
 .text.HAL_TIM_PWM_Init
                0x0800cad8       0xae ./Drivers/STM32H7xx_HAL_Driver/Src/stm32h7xx_hal_tim.o
                0x0800cad8                HAL_TIM_PWM_Init
 .text.HAL_TIM_PWM_MspInit
                0x0800cb86       0x14 ./Drivers/STM32H7xx_HAL_Driver/Src/stm32h7xx_hal_tim.o
                0x0800cb86                HAL_TIM_PWM_MspInit
 *fill*         0x0800cb9a        0x2 
 .text.HAL_TIM_PWM_Start
                0x0800cb9c      0x21c ./Drivers/STM32H7xx_HAL_Driver/Src/stm32h7xx_hal_tim.o
                0x0800cb9c                HAL_TIM_PWM_Start
 .text.HAL_TIM_IRQHandler
                0x0800cdb8      0x20e ./Drivers/STM32H7xx_HAL_Driver/Src/stm32h7xx_hal_tim.o
                0x0800cdb8                HAL_TIM_IRQHandler
 *fill*         0x0800cfc6        0x2 
 .text.HAL_TIM_PWM_ConfigChannel
                0x0800cfc8      0x228 ./Drivers/STM32H7xx_HAL_Driver/Src/stm32h7xx_hal_tim.o
                0x0800cfc8                HAL_TIM_PWM_ConfigChannel
 .text.HAL_TIM_ConfigClockSource
                0x0800d1f0      0x1f0 ./Drivers/STM32H7xx_HAL_Driver/Src/stm32h7xx_hal_tim.o
                0x0800d1f0                HAL_TIM_ConfigClockSource
 .text.HAL_TIM_OC_DelayElapsedCallback
                0x0800d3e0       0x14 ./Drivers/STM32H7xx_HAL_Driver/Src/stm32h7xx_hal_tim.o
                0x0800d3e0                HAL_TIM_OC_DelayElapsedCallback
 .text.HAL_TIM_IC_CaptureCallback
                0x0800d3f4       0x14 ./Drivers/STM32H7xx_HAL_Driver/Src/stm32h7xx_hal_tim.o
                0x0800d3f4                HAL_TIM_IC_CaptureCallback
 .text.HAL_TIM_PWM_PulseFinishedCallback
                0x0800d408       0x14 ./Drivers/STM32H7xx_HAL_Driver/Src/stm32h7xx_hal_tim.o
                0x0800d408                HAL_TIM_PWM_PulseFinishedCallback
 .text.HAL_TIM_TriggerCallback
                0x0800d41c       0x14 ./Drivers/STM32H7xx_HAL_Driver/Src/stm32h7xx_hal_tim.o
                0x0800d41c                HAL_TIM_TriggerCallback
 .text.TIM_Base_SetConfig
                0x0800d430      0x140 ./Drivers/STM32H7xx_HAL_Driver/Src/stm32h7xx_hal_tim.o
                0x0800d430                TIM_Base_SetConfig
 .text.TIM_OC1_SetConfig
                0x0800d570      0x120 ./Drivers/STM32H7xx_HAL_Driver/Src/stm32h7xx_hal_tim.o
 .text.TIM_OC2_SetConfig
                0x0800d690      0x114 ./Drivers/STM32H7xx_HAL_Driver/Src/stm32h7xx_hal_tim.o
                0x0800d690                TIM_OC2_SetConfig
 .text.TIM_OC3_SetConfig
                0x0800d7a4      0x110 ./Drivers/STM32H7xx_HAL_Driver/Src/stm32h7xx_hal_tim.o
 .text.TIM_OC4_SetConfig
                0x0800d8b4       0xd4 ./Drivers/STM32H7xx_HAL_Driver/Src/stm32h7xx_hal_tim.o
 .text.TIM_OC5_SetConfig
                0x0800d988       0xc8 ./Drivers/STM32H7xx_HAL_Driver/Src/stm32h7xx_hal_tim.o
 .text.TIM_OC6_SetConfig
                0x0800da50       0xcc ./Drivers/STM32H7xx_HAL_Driver/Src/stm32h7xx_hal_tim.o
 .text.TIM_TI1_ConfigInputStage
                0x0800db1c       0x5e ./Drivers/STM32H7xx_HAL_Driver/Src/stm32h7xx_hal_tim.o
 .text.TIM_TI2_ConfigInputStage
                0x0800db7a       0x60 ./Drivers/STM32H7xx_HAL_Driver/Src/stm32h7xx_hal_tim.o
 *fill*         0x0800dbda        0x2 
 .text.TIM_ITRx_SetConfig
                0x0800dbdc       0x3c ./Drivers/STM32H7xx_HAL_Driver/Src/stm32h7xx_hal_tim.o
 .text.TIM_ETR_SetConfig
                0x0800dc18       0x40 ./Drivers/STM32H7xx_HAL_Driver/Src/stm32h7xx_hal_tim.o
                0x0800dc18                TIM_ETR_SetConfig
 .text.TIM_CCxChannelCmd
                0x0800dc58       0x4a ./Drivers/STM32H7xx_HAL_Driver/Src/stm32h7xx_hal_tim.o
                0x0800dc58                TIM_CCxChannelCmd
 *fill*         0x0800dca2        0x2 
 .text.HAL_TIMEx_MasterConfigSynchronization
                0x0800dca4      0x11c ./Drivers/STM32H7xx_HAL_Driver/Src/stm32h7xx_hal_tim_ex.o
                0x0800dca4                HAL_TIMEx_MasterConfigSynchronization
 .text.HAL_TIMEx_CommutCallback
                0x0800ddc0       0x14 ./Drivers/STM32H7xx_HAL_Driver/Src/stm32h7xx_hal_tim_ex.o
                0x0800ddc0                HAL_TIMEx_CommutCallback
 .text.HAL_TIMEx_BreakCallback
                0x0800ddd4       0x14 ./Drivers/STM32H7xx_HAL_Driver/Src/stm32h7xx_hal_tim_ex.o
                0x0800ddd4                HAL_TIMEx_BreakCallback
 .text.HAL_TIMEx_Break2Callback
                0x0800dde8       0x14 ./Drivers/STM32H7xx_HAL_Driver/Src/stm32h7xx_hal_tim_ex.o
                0x0800dde8                HAL_TIMEx_Break2Callback
 .text.HAL_UART_Init
                0x0800ddfc       0xa0 ./Drivers/STM32H7xx_HAL_Driver/Src/stm32h7xx_hal_uart.o
                0x0800ddfc                HAL_UART_Init
 .text.HAL_UART_Transmit
                0x0800de9c      0x11c ./Drivers/STM32H7xx_HAL_Driver/Src/stm32h7xx_hal_uart.o
                0x0800de9c                HAL_UART_Transmit
 .text.HAL_UART_Receive_IT
                0x0800dfb8       0x98 ./Drivers/STM32H7xx_HAL_Driver/Src/stm32h7xx_hal_uart.o
                0x0800dfb8                HAL_UART_Receive_IT
 .text.HAL_UART_AbortReceive_IT
                0x0800e050      0x19c ./Drivers/STM32H7xx_HAL_Driver/Src/stm32h7xx_hal_uart.o
                0x0800e050                HAL_UART_AbortReceive_IT
 .text.HAL_UART_IRQHandler
                0x0800e1ec      0x7ac ./Drivers/STM32H7xx_HAL_Driver/Src/stm32h7xx_hal_uart.o
                0x0800e1ec                HAL_UART_IRQHandler
 .text.HAL_UART_TxCpltCallback
                0x0800e998       0x14 ./Drivers/STM32H7xx_HAL_Driver/Src/stm32h7xx_hal_uart.o
                0x0800e998                HAL_UART_TxCpltCallback
 .text.HAL_UART_RxHalfCpltCallback
                0x0800e9ac       0x14 ./Drivers/STM32H7xx_HAL_Driver/Src/stm32h7xx_hal_uart.o
                0x0800e9ac                HAL_UART_RxHalfCpltCallback
 .text.HAL_UART_GetError
                0x0800e9c0       0x1a ./Drivers/STM32H7xx_HAL_Driver/Src/stm32h7xx_hal_uart.o
                0x0800e9c0                HAL_UART_GetError
 *fill*         0x0800e9da        0x2 
 .text.UART_SetConfig
                0x0800e9dc      0xad0 ./Drivers/STM32H7xx_HAL_Driver/Src/stm32h7xx_hal_uart.o
                0x0800e9dc                UART_SetConfig
 .text.UART_AdvFeatureConfig
                0x0800f4ac      0x144 ./Drivers/STM32H7xx_HAL_Driver/Src/stm32h7xx_hal_uart.o
                0x0800f4ac                UART_AdvFeatureConfig
 .text.UART_CheckIdleState
                0x0800f5f0      0x154 ./Drivers/STM32H7xx_HAL_Driver/Src/stm32h7xx_hal_uart.o
                0x0800f5f0                UART_CheckIdleState
 .text.UART_WaitOnFlagUntilTimeout
                0x0800f744       0xda ./Drivers/STM32H7xx_HAL_Driver/Src/stm32h7xx_hal_uart.o
                0x0800f744                UART_WaitOnFlagUntilTimeout
 *fill*         0x0800f81e        0x2 
 .text.UART_Start_Receive_IT
                0x0800f820      0x244 ./Drivers/STM32H7xx_HAL_Driver/Src/stm32h7xx_hal_uart.o
                0x0800f820                UART_Start_Receive_IT
 .text.UART_Start_Receive_DMA
                0x0800fa64      0x14c ./Drivers/STM32H7xx_HAL_Driver/Src/stm32h7xx_hal_uart.o
                0x0800fa64                UART_Start_Receive_DMA
 .text.UART_EndTxTransfer
                0x0800fbb0       0x82 ./Drivers/STM32H7xx_HAL_Driver/Src/stm32h7xx_hal_uart.o
 *fill*         0x0800fc32        0x2 
 .text.UART_EndRxTransfer
                0x0800fc34       0xcc ./Drivers/STM32H7xx_HAL_Driver/Src/stm32h7xx_hal_uart.o
 .text.UART_DMAReceiveCplt
                0x0800fd00      0x128 ./Drivers/STM32H7xx_HAL_Driver/Src/stm32h7xx_hal_uart.o
 .text.UART_DMARxHalfCplt
                0x0800fe28       0x3e ./Drivers/STM32H7xx_HAL_Driver/Src/stm32h7xx_hal_uart.o
 .text.UART_DMAError
                0x0800fe66       0x80 ./Drivers/STM32H7xx_HAL_Driver/Src/stm32h7xx_hal_uart.o
 .text.UART_DMAAbortOnError
                0x0800fee6       0x24 ./Drivers/STM32H7xx_HAL_Driver/Src/stm32h7xx_hal_uart.o
 .text.UART_DMARxOnlyAbortCallback
                0x0800ff0a       0x4a ./Drivers/STM32H7xx_HAL_Driver/Src/stm32h7xx_hal_uart.o
 .text.UART_EndTransmit_IT
                0x0800ff54       0x56 ./Drivers/STM32H7xx_HAL_Driver/Src/stm32h7xx_hal_uart.o
 *fill*         0x0800ffaa        0x2 
 .text.UART_RxISR_8BIT
                0x0800ffac      0x1b8 ./Drivers/STM32H7xx_HAL_Driver/Src/stm32h7xx_hal_uart.o
 .text.UART_RxISR_16BIT
                0x08010164      0x1b8 ./Drivers/STM32H7xx_HAL_Driver/Src/stm32h7xx_hal_uart.o
 .text.UART_RxISR_8BIT_FIFOEN
                0x0801031c      0x364 ./Drivers/STM32H7xx_HAL_Driver/Src/stm32h7xx_hal_uart.o
 .text.UART_RxISR_16BIT_FIFOEN
                0x08010680      0x36c ./Drivers/STM32H7xx_HAL_Driver/Src/stm32h7xx_hal_uart.o
 .text.HAL_UARTEx_WakeupCallback
                0x080109ec       0x14 ./Drivers/STM32H7xx_HAL_Driver/Src/stm32h7xx_hal_uart_ex.o
                0x080109ec                HAL_UARTEx_WakeupCallback
 .text.HAL_UARTEx_RxFifoFullCallback
                0x08010a00       0x14 ./Drivers/STM32H7xx_HAL_Driver/Src/stm32h7xx_hal_uart_ex.o
                0x08010a00                HAL_UARTEx_RxFifoFullCallback
 .text.HAL_UARTEx_TxFifoEmptyCallback
                0x08010a14       0x14 ./Drivers/STM32H7xx_HAL_Driver/Src/stm32h7xx_hal_uart_ex.o
                0x08010a14                HAL_UARTEx_TxFifoEmptyCallback
 .text.HAL_UARTEx_DisableFifoMode
                0x08010a28       0x72 ./Drivers/STM32H7xx_HAL_Driver/Src/stm32h7xx_hal_uart_ex.o
                0x08010a28                HAL_UARTEx_DisableFifoMode
 .text.HAL_UARTEx_SetTxFifoThreshold
                0x08010a9a       0x7c ./Drivers/STM32H7xx_HAL_Driver/Src/stm32h7xx_hal_uart_ex.o
                0x08010a9a                HAL_UARTEx_SetTxFifoThreshold
 .text.HAL_UARTEx_SetRxFifoThreshold
                0x08010b16       0x7c ./Drivers/STM32H7xx_HAL_Driver/Src/stm32h7xx_hal_uart_ex.o
                0x08010b16                HAL_UARTEx_SetRxFifoThreshold
 .text.HAL_UARTEx_ReceiveToIdle_DMA
                0x08010b92       0xa8 ./Drivers/STM32H7xx_HAL_Driver/Src/stm32h7xx_hal_uart_ex.o
                0x08010b92                HAL_UARTEx_ReceiveToIdle_DMA
 *fill*         0x08010c3a        0x2 
 .text.UARTEx_SetNbDataToProcess
                0x08010c3c       0x9c ./Drivers/STM32H7xx_HAL_Driver/Src/stm32h7xx_hal_uart_ex.o
 .text.__NVIC_SetPriority
                0x08010cd8       0x54 ./Middlewares/Third_Party/FreeRTOS/Source/CMSIS_RTOS_V2/cmsis_os2.o
 .text.SysTick_Handler
                0x08010d2c       0x20 ./Middlewares/Third_Party/FreeRTOS/Source/CMSIS_RTOS_V2/cmsis_os2.o
                0x08010d2c                SysTick_Handler
 .text.SVC_Setup
                0x08010d4c       0x12 ./Middlewares/Third_Party/FreeRTOS/Source/CMSIS_RTOS_V2/cmsis_os2.o
 *fill*         0x08010d5e        0x2 
 .text.osKernelInitialize
                0x08010d60       0x48 ./Middlewares/Third_Party/FreeRTOS/Source/CMSIS_RTOS_V2/cmsis_os2.o
                0x08010d60                osKernelInitialize
 .text.osKernelStart
                0x08010da8       0x4c ./Middlewares/Third_Party/FreeRTOS/Source/CMSIS_RTOS_V2/cmsis_os2.o
                0x08010da8                osKernelStart
 .text.osKernelGetTickCount
                0x08010df4       0x2a ./Middlewares/Third_Party/FreeRTOS/Source/CMSIS_RTOS_V2/cmsis_os2.o
                0x08010df4                osKernelGetTickCount
 .text.osThreadNew
                0x08010e1e      0x124 ./Middlewares/Third_Party/FreeRTOS/Source/CMSIS_RTOS_V2/cmsis_os2.o
                0x08010e1e                osThreadNew
 .text.osDelay  0x08010f42       0x36 ./Middlewares/Third_Party/FreeRTOS/Source/CMSIS_RTOS_V2/cmsis_os2.o
                0x08010f42                osDelay
 .text.osMutexNew
                0x08010f78      0x10c ./Middlewares/Third_Party/FreeRTOS/Source/CMSIS_RTOS_V2/cmsis_os2.o
                0x08010f78                osMutexNew
 .text.osMutexAcquire
                0x08011084       0x96 ./Middlewares/Third_Party/FreeRTOS/Source/CMSIS_RTOS_V2/cmsis_os2.o
                0x08011084                osMutexAcquire
 .text.osMutexRelease
                0x0801111a       0x7a ./Middlewares/Third_Party/FreeRTOS/Source/CMSIS_RTOS_V2/cmsis_os2.o
                0x0801111a                osMutexRelease
 .text.osSemaphoreNew
                0x08011194      0x112 ./Middlewares/Third_Party/FreeRTOS/Source/CMSIS_RTOS_V2/cmsis_os2.o
                0x08011194                osSemaphoreNew
 *fill*         0x080112a6        0x2 
 .text.osSemaphoreAcquire
                0x080112a8       0xa4 ./Middlewares/Third_Party/FreeRTOS/Source/CMSIS_RTOS_V2/cmsis_os2.o
                0x080112a8                osSemaphoreAcquire
 .text.osSemaphoreRelease
                0x0801134c       0x88 ./Middlewares/Third_Party/FreeRTOS/Source/CMSIS_RTOS_V2/cmsis_os2.o
                0x0801134c                osSemaphoreRelease
 .text.vApplicationGetIdleTaskMemory
                0x080113d4       0x34 ./Middlewares/Third_Party/FreeRTOS/Source/CMSIS_RTOS_V2/cmsis_os2.o
                0x080113d4                vApplicationGetIdleTaskMemory
 .text.vApplicationGetTimerTaskMemory
                0x08011408       0x34 ./Middlewares/Third_Party/FreeRTOS/Source/CMSIS_RTOS_V2/cmsis_os2.o
                0x08011408                vApplicationGetTimerTaskMemory
 .text.vListInitialise
                0x0801143c       0x40 ./Middlewares/Third_Party/FreeRTOS/Source/list.o
                0x0801143c                vListInitialise
 .text.vListInitialiseItem
                0x0801147c       0x1a ./Middlewares/Third_Party/FreeRTOS/Source/list.o
                0x0801147c                vListInitialiseItem
 .text.vListInsertEnd
                0x08011496       0x48 ./Middlewares/Third_Party/FreeRTOS/Source/list.o
                0x08011496                vListInsertEnd
 .text.vListInsert
                0x080114de       0x72 ./Middlewares/Third_Party/FreeRTOS/Source/list.o
                0x080114de                vListInsert
 .text.uxListRemove
                0x08011550       0x54 ./Middlewares/Third_Party/FreeRTOS/Source/list.o
                0x08011550                uxListRemove
 .text.xQueueGenericReset
                0x080115a4       0xd4 ./Middlewares/Third_Party/FreeRTOS/Source/queue.o
                0x080115a4                xQueueGenericReset
 .text.xQueueGenericCreateStatic
                0x08011678       0xfa ./Middlewares/Third_Party/FreeRTOS/Source/queue.o
                0x08011678                xQueueGenericCreateStatic
 .text.xQueueGenericCreate
                0x08011772       0x76 ./Middlewares/Third_Party/FreeRTOS/Source/queue.o
                0x08011772                xQueueGenericCreate
 .text.prvInitialiseNewQueue
                0x080117e8       0x46 ./Middlewares/Third_Party/FreeRTOS/Source/queue.o
 .text.prvInitialiseMutex
                0x0801182e       0x34 ./Middlewares/Third_Party/FreeRTOS/Source/queue.o
 .text.xQueueCreateMutex
                0x08011862       0x30 ./Middlewares/Third_Party/FreeRTOS/Source/queue.o
                0x08011862                xQueueCreateMutex
 .text.xQueueCreateMutexStatic
                0x08011892       0x36 ./Middlewares/Third_Party/FreeRTOS/Source/queue.o
                0x08011892                xQueueCreateMutexStatic
 .text.xQueueGiveMutexRecursive
                0x080118c8       0x6a ./Middlewares/Third_Party/FreeRTOS/Source/queue.o
                0x080118c8                xQueueGiveMutexRecursive
 .text.xQueueTakeMutexRecursive
                0x08011932       0x6e ./Middlewares/Third_Party/FreeRTOS/Source/queue.o
                0x08011932                xQueueTakeMutexRecursive
 .text.xQueueCreateCountingSemaphoreStatic
                0x080119a0       0x72 ./Middlewares/Third_Party/FreeRTOS/Source/queue.o
                0x080119a0                xQueueCreateCountingSemaphoreStatic
 .text.xQueueCreateCountingSemaphore
                0x08011a12       0x6a ./Middlewares/Third_Party/FreeRTOS/Source/queue.o
                0x08011a12                xQueueCreateCountingSemaphore
 .text.xQueueGenericSend
                0x08011a7c      0x204 ./Middlewares/Third_Party/FreeRTOS/Source/queue.o
                0x08011a7c                xQueueGenericSend
 .text.xQueueGenericSendFromISR
                0x08011c80      0x13c ./Middlewares/Third_Party/FreeRTOS/Source/queue.o
                0x08011c80                xQueueGenericSendFromISR
 .text.xQueueGiveFromISR
                0x08011dbc      0x120 ./Middlewares/Third_Party/FreeRTOS/Source/queue.o
                0x08011dbc                xQueueGiveFromISR
 .text.xQueueReceive
                0x08011edc      0x1c4 ./Middlewares/Third_Party/FreeRTOS/Source/queue.o
                0x08011edc                xQueueReceive
 .text.xQueueSemaphoreTake
                0x080120a0      0x220 ./Middlewares/Third_Party/FreeRTOS/Source/queue.o
                0x080120a0                xQueueSemaphoreTake
 .text.xQueueReceiveFromISR
                0x080122c0      0x104 ./Middlewares/Third_Party/FreeRTOS/Source/queue.o
                0x080122c0                xQueueReceiveFromISR
 .text.vQueueDelete
                0x080123c4       0x48 ./Middlewares/Third_Party/FreeRTOS/Source/queue.o
                0x080123c4                vQueueDelete
 .text.prvGetDisinheritPriorityAfterTimeout
                0x0801240c       0x30 ./Middlewares/Third_Party/FreeRTOS/Source/queue.o
 .text.prvCopyDataToQueue
                0x0801243c       0xd4 ./Middlewares/Third_Party/FreeRTOS/Source/queue.o
 .text.prvCopyDataFromQueue
                0x08012510       0x4c ./Middlewares/Third_Party/FreeRTOS/Source/queue.o
 .text.prvUnlockQueue
                0x0801255c       0xa4 ./Middlewares/Third_Party/FreeRTOS/Source/queue.o
 .text.prvIsQueueEmpty
                0x08012600       0x2c ./Middlewares/Third_Party/FreeRTOS/Source/queue.o
 .text.prvIsQueueFull
                0x0801262c       0x30 ./Middlewares/Third_Party/FreeRTOS/Source/queue.o
 .text.vQueueAddToRegistry
                0x0801265c       0x54 ./Middlewares/Third_Party/FreeRTOS/Source/queue.o
                0x0801265c                vQueueAddToRegistry
 .text.vQueueUnregisterQueue
                0x080126b0       0x54 ./Middlewares/Third_Party/FreeRTOS/Source/queue.o
                0x080126b0                vQueueUnregisterQueue
 .text.vQueueWaitForMessageRestricted
                0x08012704       0x68 ./Middlewares/Third_Party/FreeRTOS/Source/queue.o
                0x08012704                vQueueWaitForMessageRestricted
 .text.xTaskCreateStatic
                0x0801276c       0xc0 ./Middlewares/Third_Party/FreeRTOS/Source/tasks.o
                0x0801276c                xTaskCreateStatic
 .text.xTaskCreate
                0x0801282c       0x8a ./Middlewares/Third_Party/FreeRTOS/Source/tasks.o
                0x0801282c                xTaskCreate
 *fill*         0x080128b6        0x2 
 .text.prvInitialiseNewTask
                0x080128b8      0x150 ./Middlewares/Third_Party/FreeRTOS/Source/tasks.o
 .text.prvAddNewTaskToReadyList
                0x08012a08       0xe0 ./Middlewares/Third_Party/FreeRTOS/Source/tasks.o
 .text.vTaskDelayUntil
                0x08012ae8      0x100 ./Middlewares/Third_Party/FreeRTOS/Source/tasks.o
                0x08012ae8                vTaskDelayUntil
 .text.vTaskDelay
                0x08012be8       0x6c ./Middlewares/Third_Party/FreeRTOS/Source/tasks.o
                0x08012be8                vTaskDelay
 .text.vTaskStartScheduler
                0x08012c54       0xe0 ./Middlewares/Third_Party/FreeRTOS/Source/tasks.o
                0x08012c54                vTaskStartScheduler
 .text.vTaskSuspendAll
                0x08012d34       0x1c ./Middlewares/Third_Party/FreeRTOS/Source/tasks.o
                0x08012d34                vTaskSuspendAll
 .text.xTaskResumeAll
                0x08012d50      0x13c ./Middlewares/Third_Party/FreeRTOS/Source/tasks.o
                0x08012d50                xTaskResumeAll
 .text.xTaskGetTickCount
                0x08012e8c       0x20 ./Middlewares/Third_Party/FreeRTOS/Source/tasks.o
                0x08012e8c                xTaskGetTickCount
 .text.xTaskGetTickCountFromISR
                0x08012eac       0x24 ./Middlewares/Third_Party/FreeRTOS/Source/tasks.o
                0x08012eac                xTaskGetTickCountFromISR
 .text.xTaskIncrementTick
                0x08012ed0      0x174 ./Middlewares/Third_Party/FreeRTOS/Source/tasks.o
                0x08012ed0                xTaskIncrementTick
 .text.vTaskSwitchContext
                0x08013044       0xcc ./Middlewares/Third_Party/FreeRTOS/Source/tasks.o
                0x08013044                vTaskSwitchContext
 .text.vTaskPlaceOnEventList
                0x08013110       0x4c ./Middlewares/Third_Party/FreeRTOS/Source/tasks.o
                0x08013110                vTaskPlaceOnEventList
 .text.vTaskPlaceOnEventListRestricted
                0x0801315c       0x58 ./Middlewares/Third_Party/FreeRTOS/Source/tasks.o
                0x0801315c                vTaskPlaceOnEventListRestricted
 .text.xTaskRemoveFromEventList
                0x080131b4       0xc8 ./Middlewares/Third_Party/FreeRTOS/Source/tasks.o
                0x080131b4                xTaskRemoveFromEventList
 .text.vTaskInternalSetTimeOutState
                0x0801327c       0x2c ./Middlewares/Third_Party/FreeRTOS/Source/tasks.o
                0x0801327c                vTaskInternalSetTimeOutState
 .text.xTaskCheckForTimeOut
                0x080132a8       0xc8 ./Middlewares/Third_Party/FreeRTOS/Source/tasks.o
                0x080132a8                xTaskCheckForTimeOut
 .text.vTaskMissedYield
                0x08013370       0x18 ./Middlewares/Third_Party/FreeRTOS/Source/tasks.o
                0x08013370                vTaskMissedYield
 .text.prvIdleTask
                0x08013388       0x30 ./Middlewares/Third_Party/FreeRTOS/Source/tasks.o
 .text.prvInitialiseTaskLists
                0x080133b8       0x80 ./Middlewares/Third_Party/FreeRTOS/Source/tasks.o
 .text.prvCheckTasksWaitingTermination
                0x08013438       0x5c ./Middlewares/Third_Party/FreeRTOS/Source/tasks.o
 .text.prvDeleteTCB
                0x08013494       0x6a ./Middlewares/Third_Party/FreeRTOS/Source/tasks.o
 *fill*         0x080134fe        0x2 
 .text.prvResetNextTaskUnblockTime
                0x08013500       0x40 ./Middlewares/Third_Party/FreeRTOS/Source/tasks.o
 .text.xTaskGetCurrentTaskHandle
                0x08013540       0x20 ./Middlewares/Third_Party/FreeRTOS/Source/tasks.o
                0x08013540                xTaskGetCurrentTaskHandle
 .text.xTaskGetSchedulerState
                0x08013560       0x3c ./Middlewares/Third_Party/FreeRTOS/Source/tasks.o
                0x08013560                xTaskGetSchedulerState
 .text.xTaskPriorityInherit
                0x0801359c       0xd0 ./Middlewares/Third_Party/FreeRTOS/Source/tasks.o
                0x0801359c                xTaskPriorityInherit
 .text.xTaskPriorityDisinherit
                0x0801366c       0xe0 ./Middlewares/Third_Party/FreeRTOS/Source/tasks.o
                0x0801366c                xTaskPriorityDisinherit
 .text.vTaskPriorityDisinheritAfterTimeout
                0x0801374c      0x108 ./Middlewares/Third_Party/FreeRTOS/Source/tasks.o
                0x0801374c                vTaskPriorityDisinheritAfterTimeout
 .text.pvTaskIncrementMutexHeldCount
                0x08013854       0x28 ./Middlewares/Third_Party/FreeRTOS/Source/tasks.o
                0x08013854                pvTaskIncrementMutexHeldCount
 .text.prvAddCurrentTaskToDelayedList
                0x0801387c       0xa8 ./Middlewares/Third_Party/FreeRTOS/Source/tasks.o
 .text.xTimerCreateTimerTask
                0x08013924       0x94 ./Middlewares/Third_Party/FreeRTOS/Source/timers.o
                0x08013924                xTimerCreateTimerTask
 .text.xTimerGenericCommand
                0x080139b8       0x9c ./Middlewares/Third_Party/FreeRTOS/Source/timers.o
                0x080139b8                xTimerGenericCommand
 .text.prvProcessExpiredTimer
                0x08013a54       0x9c ./Middlewares/Third_Party/FreeRTOS/Source/timers.o
 .text.prvTimerTask
                0x08013af0       0x26 ./Middlewares/Third_Party/FreeRTOS/Source/timers.o
 *fill*         0x08013b16        0x2 
 .text.prvProcessTimerOrBlockTask
                0x08013b18       0x9c ./Middlewares/Third_Party/FreeRTOS/Source/timers.o
 .text.prvGetNextExpireTime
                0x08013bb4       0x48 ./Middlewares/Third_Party/FreeRTOS/Source/timers.o
 .text.prvSampleTimeNow
                0x08013bfc       0x40 ./Middlewares/Third_Party/FreeRTOS/Source/timers.o
 .text.prvInsertTimerInActiveList
                0x08013c3c       0x84 ./Middlewares/Third_Party/FreeRTOS/Source/timers.o
 .text.prvProcessReceivedCommands
                0x08013cc0      0x1cc ./Middlewares/Third_Party/FreeRTOS/Source/timers.o
 .text.prvSwitchTimerLists
                0x08013e8c       0xcc ./Middlewares/Third_Party/FreeRTOS/Source/timers.o
 .text.prvCheckForValidListAndQueue
                0x08013f58       0x80 ./Middlewares/Third_Party/FreeRTOS/Source/timers.o
 .text.pxPortInitialiseStack
                0x08013fd8       0x68 ./Middlewares/Third_Party/FreeRTOS/Source/portable/GCC/ARM_CM4F/port.o
                0x08013fd8                pxPortInitialiseStack
 .text.prvTaskExitError
                0x08014040       0x5c ./Middlewares/Third_Party/FreeRTOS/Source/portable/GCC/ARM_CM4F/port.o
 *fill*         0x0801409c        0x4 
 .text.SVC_Handler
                0x080140a0       0x28 ./Middlewares/Third_Party/FreeRTOS/Source/portable/GCC/ARM_CM4F/port.o
                0x080140a0                SVC_Handler
 .text.prvPortStartFirstTask
                0x080140c8       0x28 ./Middlewares/Third_Party/FreeRTOS/Source/portable/GCC/ARM_CM4F/port.o
 .text.xPortStartScheduler
                0x080140f0      0x148 ./Middlewares/Third_Party/FreeRTOS/Source/portable/GCC/ARM_CM4F/port.o
                0x080140f0                xPortStartScheduler
 .text.vPortEnterCritical
                0x08014238       0x64 ./Middlewares/Third_Party/FreeRTOS/Source/portable/GCC/ARM_CM4F/port.o
                0x08014238                vPortEnterCritical
 .text.vPortExitCritical
                0x0801429c       0x54 ./Middlewares/Third_Party/FreeRTOS/Source/portable/GCC/ARM_CM4F/port.o
                0x0801429c                vPortExitCritical
 .text.PendSV_Handler
                0x080142f0       0x68 ./Middlewares/Third_Party/FreeRTOS/Source/portable/GCC/ARM_CM4F/port.o
                0x080142f0                PendSV_Handler
 .text.xPortSysTickHandler
                0x08014358       0x44 ./Middlewares/Third_Party/FreeRTOS/Source/portable/GCC/ARM_CM4F/port.o
                0x08014358                xPortSysTickHandler
 .text.vPortSetupTimerInterrupt
                0x0801439c       0x48 ./Middlewares/Third_Party/FreeRTOS/Source/portable/GCC/ARM_CM4F/port.o
                0x0801439c                vPortSetupTimerInterrupt
 .text.vPortEnableVFP
                0x080143e4       0x14 ./Middlewares/Third_Party/FreeRTOS/Source/portable/GCC/ARM_CM4F/port.o
 .text.vPortValidateInterruptPriority
                0x080143f8       0x84 ./Middlewares/Third_Party/FreeRTOS/Source/portable/GCC/ARM_CM4F/port.o
                0x080143f8                vPortValidateInterruptPriority
 .text.pvPortMalloc
                0x0801447c      0x19c ./Middlewares/Third_Party/FreeRTOS/Source/portable/MemMang/heap_4.o
                0x0801447c                pvPortMalloc
 .text.vPortFree
                0x08014618       0xc8 ./Middlewares/Third_Party/FreeRTOS/Source/portable/MemMang/heap_4.o
                0x08014618                vPortFree
 .text.xPortGetFreeHeapSize
                0x080146e0       0x18 ./Middlewares/Third_Party/FreeRTOS/Source/portable/MemMang/heap_4.o
                0x080146e0                xPortGetFreeHeapSize
 .text.prvHeapInit
                0x080146f8       0xc4 ./Middlewares/Third_Party/FreeRTOS/Source/portable/MemMang/heap_4.o
 .text.prvInsertBlockIntoFreeList
                0x080147bc       0xb4 ./Middlewares/Third_Party/FreeRTOS/Source/portable/MemMang/heap_4.o
 .text.__cvt    0x08014870       0xa8 C:/ST/STM32CubeIDE_1.19.0/STM32CubeIDE/plugins/com.st.stm32cube.ide.mcu.externaltools.gnu-tools-for-stm32.13.3.rel1.win32_1.0.0.202411081344/tools/bin/../lib/gcc/arm-none-eabi/13.3.1/../../../../arm-none-eabi/lib/thumb/v7e-m+dp/hard\libc_nano.a(libc_a-nano-vfprintf_float.o)
                0x08014870                __cvt
 .text.__exponent
                0x08014918       0x74 C:/ST/STM32CubeIDE_1.19.0/STM32CubeIDE/plugins/com.st.stm32cube.ide.mcu.externaltools.gnu-tools-for-stm32.13.3.rel1.win32_1.0.0.202411081344/tools/bin/../lib/gcc/arm-none-eabi/13.3.1/../../../../arm-none-eabi/lib/thumb/v7e-m+dp/hard\libc_nano.a(libc_a-nano-vfprintf_float.o)
                0x08014918                __exponent
 *fill*         0x0801498c        0x4 
 .text._printf_float
                0x08014990      0x434 C:/ST/STM32CubeIDE_1.19.0/STM32CubeIDE/plugins/com.st.stm32cube.ide.mcu.externaltools.gnu-tools-for-stm32.13.3.rel1.win32_1.0.0.202411081344/tools/bin/../lib/gcc/arm-none-eabi/13.3.1/../../../../arm-none-eabi/lib/thumb/v7e-m+dp/hard\libc_nano.a(libc_a-nano-vfprintf_float.o)
                0x08014990                _printf_float
 .text._printf_common
                0x08014dc4       0xda C:/ST/STM32CubeIDE_1.19.0/STM32CubeIDE/plugins/com.st.stm32cube.ide.mcu.externaltools.gnu-tools-for-stm32.13.3.rel1.win32_1.0.0.202411081344/tools/bin/../lib/gcc/arm-none-eabi/13.3.1/../../../../arm-none-eabi/lib/thumb/v7e-m+dp/hard\libc_nano.a(libc_a-nano-vfprintf_i.o)
                0x08014dc4                _printf_common
 *fill*         0x08014e9e        0x2 
 .text._printf_i
                0x08014ea0      0x23c C:/ST/STM32CubeIDE_1.19.0/STM32CubeIDE/plugins/com.st.stm32cube.ide.mcu.externaltools.gnu-tools-for-stm32.13.3.rel1.win32_1.0.0.202411081344/tools/bin/../lib/gcc/arm-none-eabi/13.3.1/../../../../arm-none-eabi/lib/thumb/v7e-m+dp/hard\libc_nano.a(libc_a-nano-vfprintf_i.o)
                0x08014ea0                _printf_i
 .text.std      0x080150dc       0x6c C:/ST/STM32CubeIDE_1.19.0/STM32CubeIDE/plugins/com.st.stm32cube.ide.mcu.externaltools.gnu-tools-for-stm32.13.3.rel1.win32_1.0.0.202411081344/tools/bin/../lib/gcc/arm-none-eabi/13.3.1/../../../../arm-none-eabi/lib/thumb/v7e-m+dp/hard\libc_nano.a(libc_a-findfp.o)
 .text.stdio_exit_handler
                0x08015148       0x18 C:/ST/STM32CubeIDE_1.19.0/STM32CubeIDE/plugins/com.st.stm32cube.ide.mcu.externaltools.gnu-tools-for-stm32.13.3.rel1.win32_1.0.0.202411081344/tools/bin/../lib/gcc/arm-none-eabi/13.3.1/../../../../arm-none-eabi/lib/thumb/v7e-m+dp/hard\libc_nano.a(libc_a-findfp.o)
 .text.cleanup_stdio
                0x08015160       0x40 C:/ST/STM32CubeIDE_1.19.0/STM32CubeIDE/plugins/com.st.stm32cube.ide.mcu.externaltools.gnu-tools-for-stm32.13.3.rel1.win32_1.0.0.202411081344/tools/bin/../lib/gcc/arm-none-eabi/13.3.1/../../../../arm-none-eabi/lib/thumb/v7e-m+dp/hard\libc_nano.a(libc_a-findfp.o)
 .text.global_stdio_init.part.0
                0x080151a0       0x3c C:/ST/STM32CubeIDE_1.19.0/STM32CubeIDE/plugins/com.st.stm32cube.ide.mcu.externaltools.gnu-tools-for-stm32.13.3.rel1.win32_1.0.0.202411081344/tools/bin/../lib/gcc/arm-none-eabi/13.3.1/../../../../arm-none-eabi/lib/thumb/v7e-m+dp/hard\libc_nano.a(libc_a-findfp.o)
 .text.__sfp_lock_acquire
                0x080151dc        0xc C:/ST/STM32CubeIDE_1.19.0/STM32CubeIDE/plugins/com.st.stm32cube.ide.mcu.externaltools.gnu-tools-for-stm32.13.3.rel1.win32_1.0.0.202411081344/tools/bin/../lib/gcc/arm-none-eabi/13.3.1/../../../../arm-none-eabi/lib/thumb/v7e-m+dp/hard\libc_nano.a(libc_a-findfp.o)
                0x080151dc                __sfp_lock_acquire
 .text.__sfp_lock_release
                0x080151e8        0xc C:/ST/STM32CubeIDE_1.19.0/STM32CubeIDE/plugins/com.st.stm32cube.ide.mcu.externaltools.gnu-tools-for-stm32.13.3.rel1.win32_1.0.0.202411081344/tools/bin/../lib/gcc/arm-none-eabi/13.3.1/../../../../arm-none-eabi/lib/thumb/v7e-m+dp/hard\libc_nano.a(libc_a-findfp.o)
                0x080151e8                __sfp_lock_release
 .text.__sinit  0x080151f4       0x30 C:/ST/STM32CubeIDE_1.19.0/STM32CubeIDE/plugins/com.st.stm32cube.ide.mcu.externaltools.gnu-tools-for-stm32.13.3.rel1.win32_1.0.0.202411081344/tools/bin/../lib/gcc/arm-none-eabi/13.3.1/../../../../arm-none-eabi/lib/thumb/v7e-m+dp/hard\libc_nano.a(libc_a-findfp.o)
                0x080151f4                __sinit
 .text._fwalk_sglue
                0x08015224       0x3c C:/ST/STM32CubeIDE_1.19.0/STM32CubeIDE/plugins/com.st.stm32cube.ide.mcu.externaltools.gnu-tools-for-stm32.13.3.rel1.win32_1.0.0.202411081344/tools/bin/../lib/gcc/arm-none-eabi/13.3.1/../../../../arm-none-eabi/lib/thumb/v7e-m+dp/hard\libc_nano.a(libc_a-fwalk.o)
                0x08015224                _fwalk_sglue
 .text.printf   0x08015260       0x24 C:/ST/STM32CubeIDE_1.19.0/STM32CubeIDE/plugins/com.st.stm32cube.ide.mcu.externaltools.gnu-tools-for-stm32.13.3.rel1.win32_1.0.0.202411081344/tools/bin/../lib/gcc/arm-none-eabi/13.3.1/../../../../arm-none-eabi/lib/thumb/v7e-m+dp/hard\libc_nano.a(libc_a-printf.o)
                0x08015260                iprintf
                0x08015260                printf
 .text._puts_r  0x08015284       0xaa C:/ST/STM32CubeIDE_1.19.0/STM32CubeIDE/plugins/com.st.stm32cube.ide.mcu.externaltools.gnu-tools-for-stm32.13.3.rel1.win32_1.0.0.202411081344/tools/bin/../lib/gcc/arm-none-eabi/13.3.1/../../../../arm-none-eabi/lib/thumb/v7e-m+dp/hard\libc_nano.a(libc_a-puts.o)
                0x08015284                _puts_r
 *fill*         0x0801532e        0x2 
 .text.puts     0x08015330       0x10 C:/ST/STM32CubeIDE_1.19.0/STM32CubeIDE/plugins/com.st.stm32cube.ide.mcu.externaltools.gnu-tools-for-stm32.13.3.rel1.win32_1.0.0.202411081344/tools/bin/../lib/gcc/arm-none-eabi/13.3.1/../../../../arm-none-eabi/lib/thumb/v7e-m+dp/hard\libc_nano.a(libc_a-puts.o)
                0x08015330                puts
 .text.__sread  0x08015340       0x22 C:/ST/STM32CubeIDE_1.19.0/STM32CubeIDE/plugins/com.st.stm32cube.ide.mcu.externaltools.gnu-tools-for-stm32.13.3.rel1.win32_1.0.0.202411081344/tools/bin/../lib/gcc/arm-none-eabi/13.3.1/../../../../arm-none-eabi/lib/thumb/v7e-m+dp/hard\libc_nano.a(libc_a-stdio.o)
                0x08015340                __sread
 .text.__swrite
                0x08015362       0x38 C:/ST/STM32CubeIDE_1.19.0/STM32CubeIDE/plugins/com.st.stm32cube.ide.mcu.externaltools.gnu-tools-for-stm32.13.3.rel1.win32_1.0.0.202411081344/tools/bin/../lib/gcc/arm-none-eabi/13.3.1/../../../../arm-none-eabi/lib/thumb/v7e-m+dp/hard\libc_nano.a(libc_a-stdio.o)
                0x08015362                __swrite
 .text.__sseek  0x0801539a       0x24 C:/ST/STM32CubeIDE_1.19.0/STM32CubeIDE/plugins/com.st.stm32cube.ide.mcu.externaltools.gnu-tools-for-stm32.13.3.rel1.win32_1.0.0.202411081344/tools/bin/../lib/gcc/arm-none-eabi/13.3.1/../../../../arm-none-eabi/lib/thumb/v7e-m+dp/hard\libc_nano.a(libc_a-stdio.o)
                0x0801539a                __sseek
 .text.__sclose
                0x080153be        0x8 C:/ST/STM32CubeIDE_1.19.0/STM32CubeIDE/plugins/com.st.stm32cube.ide.mcu.externaltools.gnu-tools-for-stm32.13.3.rel1.win32_1.0.0.202411081344/tools/bin/../lib/gcc/arm-none-eabi/13.3.1/../../../../arm-none-eabi/lib/thumb/v7e-m+dp/hard\libc_nano.a(libc_a-stdio.o)
                0x080153be                __sclose
 .text.__swbuf_r
                0x080153c6       0x7c C:/ST/STM32CubeIDE_1.19.0/STM32CubeIDE/plugins/com.st.stm32cube.ide.mcu.externaltools.gnu-tools-for-stm32.13.3.rel1.win32_1.0.0.202411081344/tools/bin/../lib/gcc/arm-none-eabi/13.3.1/../../../../arm-none-eabi/lib/thumb/v7e-m+dp/hard\libc_nano.a(libc_a-wbuf.o)
                0x080153c6                __swbuf_r
 *fill*         0x08015442        0x2 
 .text.__swsetup_r
                0x08015444       0xac C:/ST/STM32CubeIDE_1.19.0/STM32CubeIDE/plugins/com.st.stm32cube.ide.mcu.externaltools.gnu-tools-for-stm32.13.3.rel1.win32_1.0.0.202411081344/tools/bin/../lib/gcc/arm-none-eabi/13.3.1/../../../../arm-none-eabi/lib/thumb/v7e-m+dp/hard\libc_nano.a(libc_a-wsetup.o)
                0x08015444                __swsetup_r
 .text.memset   0x080154f0       0x10 C:/ST/STM32CubeIDE_1.19.0/STM32CubeIDE/plugins/com.st.stm32cube.ide.mcu.externaltools.gnu-tools-for-stm32.13.3.rel1.win32_1.0.0.202411081344/tools/bin/../lib/gcc/arm-none-eabi/13.3.1/../../../../arm-none-eabi/lib/thumb/v7e-m+dp/hard\libc_nano.a(libc_a-memset.o)
                0x080154f0                memset
 .text._localeconv_r
                0x08015500        0x8 C:/ST/STM32CubeIDE_1.19.0/STM32CubeIDE/plugins/com.st.stm32cube.ide.mcu.externaltools.gnu-tools-for-stm32.13.3.rel1.win32_1.0.0.202411081344/tools/bin/../lib/gcc/arm-none-eabi/13.3.1/../../../../arm-none-eabi/lib/thumb/v7e-m+dp/hard\libc_nano.a(libc_a-localeconv.o)
                0x08015500                _localeconv_r
 .text._close_r
                0x08015508       0x20 C:/ST/STM32CubeIDE_1.19.0/STM32CubeIDE/plugins/com.st.stm32cube.ide.mcu.externaltools.gnu-tools-for-stm32.13.3.rel1.win32_1.0.0.202411081344/tools/bin/../lib/gcc/arm-none-eabi/13.3.1/../../../../arm-none-eabi/lib/thumb/v7e-m+dp/hard\libc_nano.a(libc_a-closer.o)
                0x08015508                _close_r
 .text._reclaim_reent
                0x08015528       0xbc C:/ST/STM32CubeIDE_1.19.0/STM32CubeIDE/plugins/com.st.stm32cube.ide.mcu.externaltools.gnu-tools-for-stm32.13.3.rel1.win32_1.0.0.202411081344/tools/bin/../lib/gcc/arm-none-eabi/13.3.1/../../../../arm-none-eabi/lib/thumb/v7e-m+dp/hard\libc_nano.a(libc_a-reent.o)
                0x08015528                _reclaim_reent
 .text._lseek_r
                0x080155e4       0x24 C:/ST/STM32CubeIDE_1.19.0/STM32CubeIDE/plugins/com.st.stm32cube.ide.mcu.externaltools.gnu-tools-for-stm32.13.3.rel1.win32_1.0.0.202411081344/tools/bin/../lib/gcc/arm-none-eabi/13.3.1/../../../../arm-none-eabi/lib/thumb/v7e-m+dp/hard\libc_nano.a(libc_a-lseekr.o)
                0x080155e4                _lseek_r
 .text._read_r  0x08015608       0x24 C:/ST/STM32CubeIDE_1.19.0/STM32CubeIDE/plugins/com.st.stm32cube.ide.mcu.externaltools.gnu-tools-for-stm32.13.3.rel1.win32_1.0.0.202411081344/tools/bin/../lib/gcc/arm-none-eabi/13.3.1/../../../../arm-none-eabi/lib/thumb/v7e-m+dp/hard\libc_nano.a(libc_a-readr.o)
                0x08015608                _read_r
 .text._write_r
                0x0801562c       0x24 C:/ST/STM32CubeIDE_1.19.0/STM32CubeIDE/plugins/com.st.stm32cube.ide.mcu.externaltools.gnu-tools-for-stm32.13.3.rel1.win32_1.0.0.202411081344/tools/bin/../lib/gcc/arm-none-eabi/13.3.1/../../../../arm-none-eabi/lib/thumb/v7e-m+dp/hard\libc_nano.a(libc_a-writer.o)
                0x0801562c                _write_r
 .text.__errno  0x08015650        0xc C:/ST/STM32CubeIDE_1.19.0/STM32CubeIDE/plugins/com.st.stm32cube.ide.mcu.externaltools.gnu-tools-for-stm32.13.3.rel1.win32_1.0.0.202411081344/tools/bin/../lib/gcc/arm-none-eabi/13.3.1/../../../../arm-none-eabi/lib/thumb/v7e-m+dp/hard\libc_nano.a(libc_a-errno.o)
                0x08015650                __errno
 .text.__libc_init_array
                0x0801565c       0x48 C:/ST/STM32CubeIDE_1.19.0/STM32CubeIDE/plugins/com.st.stm32cube.ide.mcu.externaltools.gnu-tools-for-stm32.13.3.rel1.win32_1.0.0.202411081344/tools/bin/../lib/gcc/arm-none-eabi/13.3.1/../../../../arm-none-eabi/lib/thumb/v7e-m+dp/hard\libc_nano.a(libc_a-init.o)
                0x0801565c                __libc_init_array
 .text.__retarget_lock_init_recursive
                0x080156a4        0x2 C:/ST/STM32CubeIDE_1.19.0/STM32CubeIDE/plugins/com.st.stm32cube.ide.mcu.externaltools.gnu-tools-for-stm32.13.3.rel1.win32_1.0.0.202411081344/tools/bin/../lib/gcc/arm-none-eabi/13.3.1/../../../../arm-none-eabi/lib/thumb/v7e-m+dp/hard\libc_nano.a(libc_a-lock.o)
                0x080156a4                __retarget_lock_init_recursive
 .text.__retarget_lock_acquire_recursive
                0x080156a6        0x2 C:/ST/STM32CubeIDE_1.19.0/STM32CubeIDE/plugins/com.st.stm32cube.ide.mcu.externaltools.gnu-tools-for-stm32.13.3.rel1.win32_1.0.0.202411081344/tools/bin/../lib/gcc/arm-none-eabi/13.3.1/../../../../arm-none-eabi/lib/thumb/v7e-m+dp/hard\libc_nano.a(libc_a-lock.o)
                0x080156a6                __retarget_lock_acquire_recursive
 .text.__retarget_lock_release_recursive
                0x080156a8        0x2 C:/ST/STM32CubeIDE_1.19.0/STM32CubeIDE/plugins/com.st.stm32cube.ide.mcu.externaltools.gnu-tools-for-stm32.13.3.rel1.win32_1.0.0.202411081344/tools/bin/../lib/gcc/arm-none-eabi/13.3.1/../../../../arm-none-eabi/lib/thumb/v7e-m+dp/hard\libc_nano.a(libc_a-lock.o)
                0x080156a8                __retarget_lock_release_recursive
 .text.memcpy   0x080156aa       0x1c C:/ST/STM32CubeIDE_1.19.0/STM32CubeIDE/plugins/com.st.stm32cube.ide.mcu.externaltools.gnu-tools-for-stm32.13.3.rel1.win32_1.0.0.202411081344/tools/bin/../lib/gcc/arm-none-eabi/13.3.1/../../../../arm-none-eabi/lib/thumb/v7e-m+dp/hard\libc_nano.a(libc_a-memcpy-stub.o)
                0x080156aa                memcpy
 .text.quorem   0x080156c6      0x110 C:/ST/STM32CubeIDE_1.19.0/STM32CubeIDE/plugins/com.st.stm32cube.ide.mcu.externaltools.gnu-tools-for-stm32.13.3.rel1.win32_1.0.0.202411081344/tools/bin/../lib/gcc/arm-none-eabi/13.3.1/../../../../arm-none-eabi/lib/thumb/v7e-m+dp/hard\libc_nano.a(libc_a-dtoa.o)
 *fill*         0x080157d6        0x2 
 .text._dtoa_r  0x080157d8      0xabc C:/ST/STM32CubeIDE_1.19.0/STM32CubeIDE/plugins/com.st.stm32cube.ide.mcu.externaltools.gnu-tools-for-stm32.13.3.rel1.win32_1.0.0.202411081344/tools/bin/../lib/gcc/arm-none-eabi/13.3.1/../../../../arm-none-eabi/lib/thumb/v7e-m+dp/hard\libc_nano.a(libc_a-dtoa.o)
                0x080157d8                _dtoa_r
 .text._free_r  0x08016294       0x94 C:/ST/STM32CubeIDE_1.19.0/STM32CubeIDE/plugins/com.st.stm32cube.ide.mcu.externaltools.gnu-tools-for-stm32.13.3.rel1.win32_1.0.0.202411081344/tools/bin/../lib/gcc/arm-none-eabi/13.3.1/../../../../arm-none-eabi/lib/thumb/v7e-m+dp/hard\libc_nano.a(libc_a-freer.o)
                0x08016294                _free_r
 .text.malloc   0x08016328       0x10 C:/ST/STM32CubeIDE_1.19.0/STM32CubeIDE/plugins/com.st.stm32cube.ide.mcu.externaltools.gnu-tools-for-stm32.13.3.rel1.win32_1.0.0.202411081344/tools/bin/../lib/gcc/arm-none-eabi/13.3.1/../../../../arm-none-eabi/lib/thumb/v7e-m+dp/hard\libc_nano.a(libc_a-malloc.o)
                0x08016328                malloc
 .text.sbrk_aligned
                0x08016338       0x44 C:/ST/STM32CubeIDE_1.19.0/STM32CubeIDE/plugins/com.st.stm32cube.ide.mcu.externaltools.gnu-tools-for-stm32.13.3.rel1.win32_1.0.0.202411081344/tools/bin/../lib/gcc/arm-none-eabi/13.3.1/../../../../arm-none-eabi/lib/thumb/v7e-m+dp/hard\libc_nano.a(libc_a-mallocr.o)
 .text._malloc_r
                0x0801637c      0x100 C:/ST/STM32CubeIDE_1.19.0/STM32CubeIDE/plugins/com.st.stm32cube.ide.mcu.externaltools.gnu-tools-for-stm32.13.3.rel1.win32_1.0.0.202411081344/tools/bin/../lib/gcc/arm-none-eabi/13.3.1/../../../../arm-none-eabi/lib/thumb/v7e-m+dp/hard\libc_nano.a(libc_a-mallocr.o)
                0x0801637c                _malloc_r
 .text.__malloc_lock
                0x0801647c        0xc C:/ST/STM32CubeIDE_1.19.0/STM32CubeIDE/plugins/com.st.stm32cube.ide.mcu.externaltools.gnu-tools-for-stm32.13.3.rel1.win32_1.0.0.202411081344/tools/bin/../lib/gcc/arm-none-eabi/13.3.1/../../../../arm-none-eabi/lib/thumb/v7e-m+dp/hard\libc_nano.a(libc_a-mlock.o)
                0x0801647c                __malloc_lock
 .text.__malloc_unlock
                0x08016488        0xc C:/ST/STM32CubeIDE_1.19.0/STM32CubeIDE/plugins/com.st.stm32cube.ide.mcu.externaltools.gnu-tools-for-stm32.13.3.rel1.win32_1.0.0.202411081344/tools/bin/../lib/gcc/arm-none-eabi/13.3.1/../../../../arm-none-eabi/lib/thumb/v7e-m+dp/hard\libc_nano.a(libc_a-mlock.o)
                0x08016488                __malloc_unlock
 .text._Balloc  0x08016494       0x80 C:/ST/STM32CubeIDE_1.19.0/STM32CubeIDE/plugins/com.st.stm32cube.ide.mcu.externaltools.gnu-tools-for-stm32.13.3.rel1.win32_1.0.0.202411081344/tools/bin/../lib/gcc/arm-none-eabi/13.3.1/../../../../arm-none-eabi/lib/thumb/v7e-m+dp/hard\libc_nano.a(libc_a-mprec.o)
                0x08016494                _Balloc
 .text._Bfree   0x08016514       0x44 C:/ST/STM32CubeIDE_1.19.0/STM32CubeIDE/plugins/com.st.stm32cube.ide.mcu.externaltools.gnu-tools-for-stm32.13.3.rel1.win32_1.0.0.202411081344/tools/bin/../lib/gcc/arm-none-eabi/13.3.1/../../../../arm-none-eabi/lib/thumb/v7e-m+dp/hard\libc_nano.a(libc_a-mprec.o)
                0x08016514                _Bfree
 .text.__multadd
                0x08016558       0x8c C:/ST/STM32CubeIDE_1.19.0/STM32CubeIDE/plugins/com.st.stm32cube.ide.mcu.externaltools.gnu-tools-for-stm32.13.3.rel1.win32_1.0.0.202411081344/tools/bin/../lib/gcc/arm-none-eabi/13.3.1/../../../../arm-none-eabi/lib/thumb/v7e-m+dp/hard\libc_nano.a(libc_a-mprec.o)
                0x08016558                __multadd
 .text.__hi0bits
                0x080165e4       0x3e C:/ST/STM32CubeIDE_1.19.0/STM32CubeIDE/plugins/com.st.stm32cube.ide.mcu.externaltools.gnu-tools-for-stm32.13.3.rel1.win32_1.0.0.202411081344/tools/bin/../lib/gcc/arm-none-eabi/13.3.1/../../../../arm-none-eabi/lib/thumb/v7e-m+dp/hard\libc_nano.a(libc_a-mprec.o)
                0x080165e4                __hi0bits
 .text.__lo0bits
                0x08016622       0x5a C:/ST/STM32CubeIDE_1.19.0/STM32CubeIDE/plugins/com.st.stm32cube.ide.mcu.externaltools.gnu-tools-for-stm32.13.3.rel1.win32_1.0.0.202411081344/tools/bin/../lib/gcc/arm-none-eabi/13.3.1/../../../../arm-none-eabi/lib/thumb/v7e-m+dp/hard\libc_nano.a(libc_a-mprec.o)
                0x08016622                __lo0bits
 .text.__i2b    0x0801667c       0x2c C:/ST/STM32CubeIDE_1.19.0/STM32CubeIDE/plugins/com.st.stm32cube.ide.mcu.externaltools.gnu-tools-for-stm32.13.3.rel1.win32_1.0.0.202411081344/tools/bin/../lib/gcc/arm-none-eabi/13.3.1/../../../../arm-none-eabi/lib/thumb/v7e-m+dp/hard\libc_nano.a(libc_a-mprec.o)
                0x0801667c                __i2b
 .text.__multiply
                0x080166a8      0x144 C:/ST/STM32CubeIDE_1.19.0/STM32CubeIDE/plugins/com.st.stm32cube.ide.mcu.externaltools.gnu-tools-for-stm32.13.3.rel1.win32_1.0.0.202411081344/tools/bin/../lib/gcc/arm-none-eabi/13.3.1/../../../../arm-none-eabi/lib/thumb/v7e-m+dp/hard\libc_nano.a(libc_a-mprec.o)
                0x080166a8                __multiply
 .text.__pow5mult
                0x080167ec       0xb4 C:/ST/STM32CubeIDE_1.19.0/STM32CubeIDE/plugins/com.st.stm32cube.ide.mcu.externaltools.gnu-tools-for-stm32.13.3.rel1.win32_1.0.0.202411081344/tools/bin/../lib/gcc/arm-none-eabi/13.3.1/../../../../arm-none-eabi/lib/thumb/v7e-m+dp/hard\libc_nano.a(libc_a-mprec.o)
                0x080167ec                __pow5mult
 .text.__lshift
                0x080168a0       0xd8 C:/ST/STM32CubeIDE_1.19.0/STM32CubeIDE/plugins/com.st.stm32cube.ide.mcu.externaltools.gnu-tools-for-stm32.13.3.rel1.win32_1.0.0.202411081344/tools/bin/../lib/gcc/arm-none-eabi/13.3.1/../../../../arm-none-eabi/lib/thumb/v7e-m+dp/hard\libc_nano.a(libc_a-mprec.o)
                0x080168a0                __lshift
 .text.__mcmp   0x08016978       0x36 C:/ST/STM32CubeIDE_1.19.0/STM32CubeIDE/plugins/com.st.stm32cube.ide.mcu.externaltools.gnu-tools-for-stm32.13.3.rel1.win32_1.0.0.202411081344/tools/bin/../lib/gcc/arm-none-eabi/13.3.1/../../../../arm-none-eabi/lib/thumb/v7e-m+dp/hard\libc_nano.a(libc_a-mprec.o)
                0x08016978                __mcmp
 *fill*         0x080169ae        0x2 
 .text.__mdiff  0x080169b0      0x128 C:/ST/STM32CubeIDE_1.19.0/STM32CubeIDE/plugins/com.st.stm32cube.ide.mcu.externaltools.gnu-tools-for-stm32.13.3.rel1.win32_1.0.0.202411081344/tools/bin/../lib/gcc/arm-none-eabi/13.3.1/../../../../arm-none-eabi/lib/thumb/v7e-m+dp/hard\libc_nano.a(libc_a-mprec.o)
                0x080169b0                __mdiff
 .text.__d2b    0x08016ad8       0xb0 C:/ST/STM32CubeIDE_1.19.0/STM32CubeIDE/plugins/com.st.stm32cube.ide.mcu.externaltools.gnu-tools-for-stm32.13.3.rel1.win32_1.0.0.202411081344/tools/bin/../lib/gcc/arm-none-eabi/13.3.1/../../../../arm-none-eabi/lib/thumb/v7e-m+dp/hard\libc_nano.a(libc_a-mprec.o)
                0x08016ad8                __d2b
 .text.__sfputc_r
                0x08016b88       0x2e C:/ST/STM32CubeIDE_1.19.0/STM32CubeIDE/plugins/com.st.stm32cube.ide.mcu.externaltools.gnu-tools-for-stm32.13.3.rel1.win32_1.0.0.202411081344/tools/bin/../lib/gcc/arm-none-eabi/13.3.1/../../../../arm-none-eabi/lib/thumb/v7e-m+dp/hard\libc_nano.a(libc_a-nano-vfprintf.o)
 .text.__sfputs_r
                0x08016bb6       0x24 C:/ST/STM32CubeIDE_1.19.0/STM32CubeIDE/plugins/com.st.stm32cube.ide.mcu.externaltools.gnu-tools-for-stm32.13.3.rel1.win32_1.0.0.202411081344/tools/bin/../lib/gcc/arm-none-eabi/13.3.1/../../../../arm-none-eabi/lib/thumb/v7e-m+dp/hard\libc_nano.a(libc_a-nano-vfprintf.o)
                0x08016bb6                __sfputs_r
 *fill*         0x08016bda        0x2 
 .text._vfprintf_r
                0x08016bdc      0x230 C:/ST/STM32CubeIDE_1.19.0/STM32CubeIDE/plugins/com.st.stm32cube.ide.mcu.externaltools.gnu-tools-for-stm32.13.3.rel1.win32_1.0.0.202411081344/tools/bin/../lib/gcc/arm-none-eabi/13.3.1/../../../../arm-none-eabi/lib/thumb/v7e-m+dp/hard\libc_nano.a(libc_a-nano-vfprintf.o)
                0x08016bdc                _vfprintf_r
                0x08016bdc                _vfiprintf_r
 .text.__sflush_r
                0x08016e0c      0x108 C:/ST/STM32CubeIDE_1.19.0/STM32CubeIDE/plugins/com.st.stm32cube.ide.mcu.externaltools.gnu-tools-for-stm32.13.3.rel1.win32_1.0.0.202411081344/tools/bin/../lib/gcc/arm-none-eabi/13.3.1/../../../../arm-none-eabi/lib/thumb/v7e-m+dp/hard\libc_nano.a(libc_a-fflush.o)
                0x08016e0c                __sflush_r
 .text._fflush_r
                0x08016f14       0x50 C:/ST/STM32CubeIDE_1.19.0/STM32CubeIDE/plugins/com.st.stm32cube.ide.mcu.externaltools.gnu-tools-for-stm32.13.3.rel1.win32_1.0.0.202411081344/tools/bin/../lib/gcc/arm-none-eabi/13.3.1/../../../../arm-none-eabi/lib/thumb/v7e-m+dp/hard\libc_nano.a(libc_a-fflush.o)
                0x08016f14                _fflush_r
 .text.__swhatbuf_r
                0x08016f64       0x4c C:/ST/STM32CubeIDE_1.19.0/STM32CubeIDE/plugins/com.st.stm32cube.ide.mcu.externaltools.gnu-tools-for-stm32.13.3.rel1.win32_1.0.0.202411081344/tools/bin/../lib/gcc/arm-none-eabi/13.3.1/../../../../arm-none-eabi/lib/thumb/v7e-m+dp/hard\libc_nano.a(libc_a-makebuf.o)
                0x08016f64                __swhatbuf_r
 .text.__smakebuf_r
                0x08016fb0       0x78 C:/ST/STM32CubeIDE_1.19.0/STM32CubeIDE/plugins/com.st.stm32cube.ide.mcu.externaltools.gnu-tools-for-stm32.13.3.rel1.win32_1.0.0.202411081344/tools/bin/../lib/gcc/arm-none-eabi/13.3.1/../../../../arm-none-eabi/lib/thumb/v7e-m+dp/hard\libc_nano.a(libc_a-makebuf.o)