../Core/Src/BNO085_SPI_Library.c:70:6:SPI_Transmit	32	static
../Core/Src/BNO085_SPI_Library.c:75:9:SPI_TransmitReceive_Return_Byte	32	static
../Core/Src/BNO085_SPI_Library.c:83:13:rstn	8	static
../Core/Src/BNO085_SPI_Library.c:88:13:csn	8	static
../Core/Src/BNO085_SPI_Library.c:93:13:reset_Hardware	24	static
../Core/Src/BNO085_SPI_Library.c:99:16:wait_for_INTN	24	static
../Core/Src/BNO085_SPI_Library.c:114:13:check_INTN	16	static
../Core/Src/BNO085_SPI_Library.c:123:14:fixpoint_to_float	24	static
../Core/Src/BNO085_SPI_Library.c:129:16:receive_Data	48	static
../Core/Src/BNO085_SPI_Library.c:177:16:send_Data	48	static
../Core/Src/BNO085_SPI_Library.c:197:16:set_FeatureCommand	32	static
../Core/Src/BNO085_SPI_Library.c:222:10:parse_InputReport	32	static
../Core/Src/BNO085_SPI_Library.c:302:17:get_Readings	24	static
../Core/Src/BNO085_SPI_Library.c:318:6:register_Sensor	24	static
../Core/Src/BNO085_SPI_Library.c:332:9:clear_init_Message_IMU	40	static
../Core/Src/BNO085_SPI_Library.c:340:6:hardreset_IMU	32	static
../Core/Src/BNO085_SPI_Library.c:344:6:get_and_clear_Reset_Status	16	static
../Core/Src/BNO085_SPI_Library.c:352:9:enable_GameRotationVector	16	static
../Core/Src/BNO085_SPI_Library.c:357:9:enable_LinearAcceleration	16	static
../Core/Src/BNO085_SPI_Library.c:361:6:data_available	16	static
../Core/Src/BNO085_SPI_Library.c:371:7:get_LinearAcceleration_X	16	static
../Core/Src/BNO085_SPI_Library.c:375:7:get_LinearAcceleration_Y	16	static
../Core/Src/BNO085_SPI_Library.c:379:7:get_LinearAcceleration_Z	16	static
../Core/Src/BNO085_SPI_Library.c:383:7:get_Quat_I	16	static
../Core/Src/BNO085_SPI_Library.c:387:7:get_Quat_J	16	static
../Core/Src/BNO085_SPI_Library.c:391:7:get_Quat_K	16	static
../Core/Src/BNO085_SPI_Library.c:395:7:get_Quat_Real	16	static
../Core/Src/BNO085_SPI_Library.c:399:9:get_Quat_Accuracy	16	static
../Core/Src/BNO085_SPI_Library.c:404:9:check_Connection_IMU	16	static
../Core/Src/BNO085_SPI_Library.c:421:9:check_Command_Success	16	static
